core_cm3.h:1639:22:__NVIC_SetPriority	16	static
core_cm3.h:1837:26:SysTick_Config	16	static
cortex_mx_os_porting.c:28:27:SysTick_Handler	0	static,ignoring_inline_asm
cortex_mx_os_porting.c:34:27:PendSV_Handler	0	static,ignoring_inline_asm
cortex_mx_os_porting.c:39:27:SVC_Handler	0	static,ignoring_inline_asm
cortex_mx_os_porting.c:49:6:HardFault_Handler	4	static
cortex_mx_os_porting.c:54:6:MemManage_Handler	4	static
cortex_mx_os_porting.c:59:6:BusFault_Handler	4	static
cortex_mx_os_porting.c:64:6:UsageFault_Handler	4	static
cortex_mx_os_porting.c:74:6:MyRTOS_HW_Init	8	static
cortex_mx_os_porting.c:86:6:MyRTOS_StartTicker	8	static
