core_cm3.h:1639:22:__NVIC_SetPriority	16	static
core_cm3.h:1837:26:SysTick_Config	16	static
cortex_mx_os_porting.c:22:6:SysTick_Handler	8	static
cortex_mx_os_porting.c:31:27:PendSV_Handler	0	static,ignoring_inline_asm
cortex_mx_os_porting.c:38:27:SVC_Handler	0	static,ignoring_inline_asm
cortex_mx_os_porting.c:48:6:HardFault_Handler	4	static
cortex_mx_os_porting.c:53:6:MemManage_Handler	4	static
cortex_mx_os_porting.c:58:6:BusFault_Handler	4	static
cortex_mx_os_porting.c:63:6:UsageFault_Handler	4	static
cortex_mx_os_porting.c:73:6:MyRTOS_HW_Init	8	static
cortex_mx_os_porting.c:85:6:MyRTOS_StartTicker	8	static
