scheduler.c:148:6:Update_Waiting_Time	16	static,ignoring_inline_asm
scheduler.c:176:6:SysTick_ISR	8	static
scheduler.c:190:27:PendSV_ContextSwitch	0	static,ignoring_inline_asm
scheduler.c:251:6:Dispatch_Next_Task	8	static
scheduler.c:281:6:SVC_services	24	static
scheduler.c:328:6:Set_MSP	4	static
scheduler.c:339:6:IDLE_Task	4	static,ignoring_inline_asm
scheduler.c:349:6:Create_Task_Stack	24	static
scheduler.c:375:6:Update_Scheduler	24	static
scheduler.c:427:6:Bubble_Sort	16	static
scheduler.c:454:18:MYRTOS_Init	8	static
scheduler.c:481:18:MYRTOS_StartRTOS	8	static,ignoring_inline_asm
scheduler.c:511:18:MYRTOS_CreateTask	16	static
scheduler.c:535:18:MYRTOS_ActivateTask	16	static,ignoring_inline_asm
scheduler.c:547:18:MYRTOS_TerminateTask	24	static,ignoring_inline_asm
scheduler.c:560:18:MYRTOS_WaitTask	16	static,ignoring_inline_asm
scheduler.c:576:18:MYRTOS_AcquireMutex	16	static,ignoring_inline_asm
scheduler.c:612:18:MYRTOS_ReleaseMutex	16	static,ignoring_inline_asm
