Archive member included to satisfy reference by file (symbol)

c:/st/stm32cubeide_1.4.0/stm32cubeide/plugins/com.st.stm32cube.ide.mcu.externaltools.gnu-tools-for-stm32.7-2018-q2-update.win32_1.4.0.202007081208/tools/bin/../lib/gcc/arm-none-eabi/7.3.1/../../../../arm-none-eabi/lib/thumb/v7-m\libc_nano.a(lib_a-errno.o)
                              Src/syscalls.o (__errno)
c:/st/stm32cubeide_1.4.0/stm32cubeide/plugins/com.st.stm32cube.ide.mcu.externaltools.gnu-tools-for-stm32.7-2018-q2-update.win32_1.4.0.202007081208/tools/bin/../lib/gcc/arm-none-eabi/7.3.1/../../../../arm-none-eabi/lib/thumb/v7-m\libc_nano.a(lib_a-exit.o)
                              c:/st/stm32cubeide_1.4.0/stm32cubeide/plugins/com.st.stm32cube.ide.mcu.externaltools.gnu-tools-for-stm32.7-2018-q2-update.win32_1.4.0.202007081208/tools/bin/../lib/gcc/arm-none-eabi/7.3.1/../../../../arm-none-eabi/lib/thumb/v7-m/crt0.o (exit)
c:/st/stm32cubeide_1.4.0/stm32cubeide/plugins/com.st.stm32cube.ide.mcu.externaltools.gnu-tools-for-stm32.7-2018-q2-update.win32_1.4.0.202007081208/tools/bin/../lib/gcc/arm-none-eabi/7.3.1/../../../../arm-none-eabi/lib/thumb/v7-m\libc_nano.a(lib_a-impure.o)
                              c:/st/stm32cubeide_1.4.0/stm32cubeide/plugins/com.st.stm32cube.ide.mcu.externaltools.gnu-tools-for-stm32.7-2018-q2-update.win32_1.4.0.202007081208/tools/bin/../lib/gcc/arm-none-eabi/7.3.1/../../../../arm-none-eabi/lib/thumb/v7-m\libc_nano.a(lib_a-exit.o) (_global_impure_ptr)
c:/st/stm32cubeide_1.4.0/stm32cubeide/plugins/com.st.stm32cube.ide.mcu.externaltools.gnu-tools-for-stm32.7-2018-q2-update.win32_1.4.0.202007081208/tools/bin/../lib/gcc/arm-none-eabi/7.3.1/../../../../arm-none-eabi/lib/thumb/v7-m\libc_nano.a(lib_a-init.o)
                              c:/st/stm32cubeide_1.4.0/stm32cubeide/plugins/com.st.stm32cube.ide.mcu.externaltools.gnu-tools-for-stm32.7-2018-q2-update.win32_1.4.0.202007081208/tools/bin/../lib/gcc/arm-none-eabi/7.3.1/../../../../arm-none-eabi/lib/thumb/v7-m/crt0.o (__libc_init_array)
c:/st/stm32cubeide_1.4.0/stm32cubeide/plugins/com.st.stm32cube.ide.mcu.externaltools.gnu-tools-for-stm32.7-2018-q2-update.win32_1.4.0.202007081208/tools/bin/../lib/gcc/arm-none-eabi/7.3.1/../../../../arm-none-eabi/lib/thumb/v7-m\libc_nano.a(lib_a-itoa.o)
                              Drivers/HAL/LCD/lcd.o (itoa)
c:/st/stm32cubeide_1.4.0/stm32cubeide/plugins/com.st.stm32cube.ide.mcu.externaltools.gnu-tools-for-stm32.7-2018-q2-update.win32_1.4.0.202007081208/tools/bin/../lib/gcc/arm-none-eabi/7.3.1/../../../../arm-none-eabi/lib/thumb/v7-m\libc_nano.a(lib_a-memset.o)
                              c:/st/stm32cubeide_1.4.0/stm32cubeide/plugins/com.st.stm32cube.ide.mcu.externaltools.gnu-tools-for-stm32.7-2018-q2-update.win32_1.4.0.202007081208/tools/bin/../lib/gcc/arm-none-eabi/7.3.1/../../../../arm-none-eabi/lib/thumb/v7-m/crt0.o (memset)
c:/st/stm32cubeide_1.4.0/stm32cubeide/plugins/com.st.stm32cube.ide.mcu.externaltools.gnu-tools-for-stm32.7-2018-q2-update.win32_1.4.0.202007081208/tools/bin/../lib/gcc/arm-none-eabi/7.3.1/../../../../arm-none-eabi/lib/thumb/v7-m\libc_nano.a(lib_a-strcmp.o)
                              MyRTOS/scheduler.o (strcmp)
c:/st/stm32cubeide_1.4.0/stm32cubeide/plugins/com.st.stm32cube.ide.mcu.externaltools.gnu-tools-for-stm32.7-2018-q2-update.win32_1.4.0.202007081208/tools/bin/../lib/gcc/arm-none-eabi/7.3.1/../../../../arm-none-eabi/lib/thumb/v7-m\libc_nano.a(lib_a-utoa.o)
                              c:/st/stm32cubeide_1.4.0/stm32cubeide/plugins/com.st.stm32cube.ide.mcu.externaltools.gnu-tools-for-stm32.7-2018-q2-update.win32_1.4.0.202007081208/tools/bin/../lib/gcc/arm-none-eabi/7.3.1/../../../../arm-none-eabi/lib/thumb/v7-m\libc_nano.a(lib_a-itoa.o) (__utoa)

Allocating common symbols
Common symbol       size              file

Ready_Queue         0x10              MyRTOS/scheduler.o
Ready_Queue_Buff    0x190             MyRTOS/scheduler.o
IdleTask_Led        0x1               MyRTOS/scheduler.o
task1               0x44              Src/main.o
task2               0x44              Src/main.o
Task1_Led           0x1               Src/main.o
idle_task           0x44              MyRTOS/scheduler.o
Task3_Led           0x1               Src/main.o
gp_EXTI_ISR_CallBack
                    0x3c              Drivers/MCAL/EXTI/stm32f103c8_exti_driver.o
SysTick_Led         0x1               MyRTOS/scheduler.o
Task2_Led           0x1               Src/main.o
task3               0x44              Src/main.o

Discarded input sections

 .text          0x0000000000000000        0x0 c:/st/stm32cubeide_1.4.0/stm32cubeide/plugins/com.st.stm32cube.ide.mcu.externaltools.gnu-tools-for-stm32.7-2018-q2-update.win32_1.4.0.202007081208/tools/bin/../lib/gcc/arm-none-eabi/7.3.1/thumb/v7-m/crti.o
 .data          0x0000000000000000        0x0 c:/st/stm32cubeide_1.4.0/stm32cubeide/plugins/com.st.stm32cube.ide.mcu.externaltools.gnu-tools-for-stm32.7-2018-q2-update.win32_1.4.0.202007081208/tools/bin/../lib/gcc/arm-none-eabi/7.3.1/thumb/v7-m/crti.o
[...]
Memory Configuration

Name             Origin             Length             Attributes
RAM              0x0000000020000000 0x0000000000005000 xrw
ROM              0x0000000008000000 0x0000000000010000 xr
*default*        0x0000000000000000 0xffffffffffffffff

Linker script and memory map

LOAD c:/st/stm32cubeide_1.4.0/stm32cubeide/plugins/com.st.stm32cube.ide.mcu.externaltools.gnu-tools-for-stm32.7-2018-q2-update.win32_1.4.0.202007081208/tools/bin/../lib/gcc/arm-none-eabi/7.3.1/thumb/v7-m/crti.o
LOAD c:/st/stm32cubeide_1.4.0/stm32cubeide/plugins/com.st.stm32cube.ide.mcu.externaltools.gnu-tools-for-stm32.7-2018-q2-update.win32_1.4.0.202007081208/tools/bin/../lib/gcc/arm-none-eabi/7.3.1/thumb/v7-m/crtbegin.o
LOAD c:/st/stm32cubeide_1.4.0/stm32cubeide/plugins/com.st.stm32cube.ide.mcu.externaltools.gnu-tools-for-stm32.7-2018-q2-update.win32_1.4.0.202007081208/tools/bin/../lib/gcc/arm-none-eabi/7.3.1/../../../../arm-none-eabi/lib/thumb/v7-m/crt0.o
LOAD Drivers/HAL/Keypad/keypad.o
LOAD Drivers/HAL/LCD/lcd.o
LOAD Drivers/MCAL/EXTI/stm32f103c8_exti_driver.o
LOAD Drivers/MCAL/GPIO/stm32f103c8_gpio_driver.o
LOAD Drivers/MCAL/RCC/stm32f103c8_rcc_driver.o
LOAD Drivers/MCAL/USART/stm32f103c8_usart_driver.o
LOAD MyRTOS/cortex_mx_os_porting.o
LOAD MyRTOS/rtos_fifo.o
LOAD MyRTOS/scheduler.o
LOAD Src/main.o
LOAD Src/syscalls.o
LOAD Src/sysmem.o
LOAD Startup/startup_stm32f103c8tx.o
START GROUP
LOAD c:/st/stm32cubeide_1.4.0/stm32cubeide/plugins/com.st.stm32cube.ide.mcu.externaltools.gnu-tools-for-stm32.7-2018-q2-update.win32_1.4.0.202007081208/tools/bin/../lib/gcc/arm-none-eabi/7.3.1/../../../../arm-none-eabi/lib/thumb/v7-m\libc_nano.a
LOAD c:/st/stm32cubeide_1.4.0/stm32cubeide/plugins/com.st.stm32cube.ide.mcu.externaltools.gnu-tools-for-stm32.7-2018-q2-update.win32_1.4.0.202007081208/tools/bin/../lib/gcc/arm-none-eabi/7.3.1/../../../../arm-none-eabi/lib/thumb/v7-m\libm.a
END GROUP
START GROUP
LOAD c:/st/stm32cubeide_1.4.0/stm32cubeide/plugins/com.st.stm32cube.ide.mcu.externaltools.gnu-tools-for-stm32.7-2018-q2-update.win32_1.4.0.202007081208/tools/bin/../lib/gcc/arm-none-eabi/7.3.1/thumb/v7-m\libgcc.a
LOAD c:/st/stm32cubeide_1.4.0/stm32cubeide/plugins/com.st.stm32cube.ide.mcu.externaltools.gnu-tools-for-stm32.7-2018-q2-update.win32_1.4.0.202007081208/tools/bin/../lib/gcc/arm-none-eabi/7.3.1/../../../../arm-none-eabi/lib/thumb/v7-m\libg_nano.a
LOAD c:/st/stm32cubeide_1.4.0/stm32cubeide/plugins/com.st.stm32cube.ide.mcu.externaltools.gnu-tools-for-stm32.7-2018-q2-update.win32_1.4.0.202007081208/tools/bin/../lib/gcc/arm-none-eabi/7.3.1/../../../../arm-none-eabi/lib/thumb/v7-m\libc_nano.a
END GROUP
START GROUP
LOAD c:/st/stm32cubeide_1.4.0/stm32cubeide/plugins/com.st.stm32cube.ide.mcu.externaltools.gnu-tools-for-stm32.7-2018-q2-update.win32_1.4.0.202007081208/tools/bin/../lib/gcc/arm-none-eabi/7.3.1/thumb/v7-m\libgcc.a
LOAD c:/st/stm32cubeide_1.4.0/stm32cubeide/plugins/com.st.stm32cube.ide.mcu.externaltools.gnu-tools-for-stm32.7-2018-q2-update.win32_1.4.0.202007081208/tools/bin/../lib/gcc/arm-none-eabi/7.3.1/../../../../arm-none-eabi/lib/thumb/v7-m\libc_nano.a
LOAD c:/st/stm32cubeide_1.4.0/stm32cubeide/plugins/com.st.stm32cube.ide.mcu.externaltools.gnu-tools-for-stm32.7-2018-q2-update.win32_1.4.0.202007081208/tools/bin/../lib/gcc/arm-none-eabi/7.3.1/../../../../arm-none-eabi/lib/thumb/v7-m\libnosys.a
END GROUP
START GROUP
LOAD c:/st/stm32cubeide_1.4.0/stm32cubeide/plugins/com.st.stm32cube.ide.mcu.externaltools.gnu-tools-for-stm32.7-2018-q2-update.win32_1.4.0.202007081208/tools/bin/../lib/gcc/arm-none-eabi/7.3.1/thumb/v7-m\libgcc.a
LOAD c:/st/stm32cubeide_1.4.0/stm32cubeide/plugins/com.st.stm32cube.ide.mcu.externaltools.gnu-tools-for-stm32.7-2018-q2-update.win32_1.4.0.202007081208/tools/bin/../lib/gcc/arm-none-eabi/7.3.1/../../../../arm-none-eabi/lib/thumb/v7-m\libc_nano.a
LOAD c:/st/stm32cubeide_1.4.0/stm32cubeide/plugins/com.st.stm32cube.ide.mcu.externaltools.gnu-tools-for-stm32.7-2018-q2-update.win32_1.4.0.202007081208/tools/bin/../lib/gcc/arm-none-eabi/7.3.1/../../../../arm-none-eabi/lib/thumb/v7-m\libnosys.a
END GROUP
LOAD c:/st/stm32cubeide_1.4.0/stm32cubeide/plugins/com.st.stm32cube.ide.mcu.externaltools.gnu-tools-for-stm32.7-2018-q2-update.win32_1.4.0.202007081208/tools/bin/../lib/gcc/arm-none-eabi/7.3.1/thumb/v7-m/crtend.o
LOAD c:/st/stm32cubeide_1.4.0/stm32cubeide/plugins/com.st.stm32cube.ide.mcu.externaltools.gnu-tools-for-stm32.7-2018-q2-update.win32_1.4.0.202007081208/tools/bin/../lib/gcc/arm-none-eabi/7.3.1/thumb/v7-m/crtn.o
                0x0000000020005000                _estack = (ORIGIN (RAM) + LENGTH (RAM))
                0x0000000000000200                _Min_Heap_Size = 0x200
                0x0000000000000400                _Min_Stack_Size = 0x400

.isr_vector     0x0000000008000000      0x130
                0x0000000008000000                . = ALIGN (0x4)
 *(.isr_vector)
 .isr_vector    0x0000000008000000      0x130 Startup/startup_stm32f103c8tx.o
                0x0000000008000000                g_pfnVectors
                0x0000000008000130                . = ALIGN (0x4)

.text           0x0000000008000130      0xe00
                0x0000000008000130                . = ALIGN (0x4)
 *(.text)
 .text          0x0000000008000130       0x40 c:/st/stm32cubeide_1.4.0/stm32cubeide/plugins/com.st.stm32cube.ide.mcu.externaltools.gnu-tools-for-stm32.7-2018-q2-update.win32_1.4.0.202007081208/tools/bin/../lib/gcc/arm-none-eabi/7.3.1/thumb/v7-m/crtbegin.o
 .text          0x0000000008000170       0x14 c:/st/stm32cubeide_1.4.0/stm32cubeide/plugins/com.st.stm32cube.ide.mcu.externaltools.gnu-tools-for-stm32.7-2018-q2-update.win32_1.4.0.202007081208/tools/bin/../lib/gcc/arm-none-eabi/7.3.1/../../../../arm-none-eabi/lib/thumb/v7-m\libc_nano.a(lib_a-strcmp.o)
                0x0000000008000170                strcmp
 *(.text*)
 .text.EXTI0_IRQHandler
                0x0000000008000184       0x24 Drivers/MCAL/EXTI/stm32f103c8_exti_driver.o
                0x0000000008000184                EXTI0_IRQHandler
 .text.EXTI1_IRQHandler
                0x00000000080001a8       0x24 Drivers/MCAL/EXTI/stm32f103c8_exti_driver.o
                0x00000000080001a8                EXTI1_IRQHandler
 .text.EXTI2_IRQHandler
                0x00000000080001cc       0x24 Drivers/MCAL/EXTI/stm32f103c8_exti_driver.o
                0x00000000080001cc                EXTI2_IRQHandler
 .text.EXTI3_IRQHandler
                0x00000000080001f0       0x24 Drivers/MCAL/EXTI/stm32f103c8_exti_driver.o
                0x00000000080001f0                EXTI3_IRQHandler
 .text.EXTI4_IRQHandler
                0x0000000008000214       0x24 Drivers/MCAL/EXTI/stm32f103c8_exti_driver.o
                0x0000000008000214                EXTI4_IRQHandler
 .text.EXTI9_5_IRQHandler
                0x0000000008000238       0xb0 Drivers/MCAL/EXTI/stm32f103c8_exti_driver.o
                0x0000000008000238                EXTI9_5_IRQHandler
 .text.EXTI15_10_IRQHandler
                0x00000000080002e8       0xd0 Drivers/MCAL/EXTI/stm32f103c8_exti_driver.o
                0x00000000080002e8                EXTI15_10_IRQHandler
 .text.MCAL_RCC_initSYSClk
                0x00000000080003b8       0x48 Drivers/MCAL/RCC/stm32f103c8_rcc_driver.o
                0x00000000080003b8                MCAL_RCC_initSYSClk
 .text.__NVIC_SetPriority
                0x0000000008000400       0x54 MyRTOS/cortex_mx_os_porting.o
 .text.SysTick_Config
                0x0000000008000454       0x44 MyRTOS/cortex_mx_os_porting.o
 .text.SysTick_Handler
                0x0000000008000498        0x6 MyRTOS/cortex_mx_os_porting.o
                0x0000000008000498                SysTick_Handler
 .text.PendSV_Handler
                0x000000000800049e        0xa MyRTOS/cortex_mx_os_porting.o
                0x000000000800049e                PendSV_Handler
 .text.SVC_Handler
                0x00000000080004a8       0x14 MyRTOS/cortex_mx_os_porting.o
                0x00000000080004a8                SVC_Handler
 .text.HardFault_Handler
                0x00000000080004bc        0x6 MyRTOS/cortex_mx_os_porting.o
                0x00000000080004bc                HardFault_Handler
 .text.MemManage_Handler
                0x00000000080004c2        0x6 MyRTOS/cortex_mx_os_porting.o
                0x00000000080004c2                MemManage_Handler
 .text.BusFault_Handler
                0x00000000080004c8        0x6 MyRTOS/cortex_mx_os_porting.o
                0x00000000080004c8                BusFault_Handler
 .text.UsageFault_Handler
                0x00000000080004ce        0x6 MyRTOS/cortex_mx_os_porting.o
                0x00000000080004ce                UsageFault_Handler
 .text.MyRTOS_HW_Init
                0x00000000080004d4       0x16 MyRTOS/cortex_mx_os_porting.o
                0x00000000080004d4                MyRTOS_HW_Init
 .text.MyRTOS_StartTicker
                0x00000000080004ea       0x10 MyRTOS/cortex_mx_os_porting.o
                0x00000000080004ea                MyRTOS_StartTicker
 .text.FIFO_init
                0x00000000080004fa       0x42 MyRTOS/rtos_fifo.o
                0x00000000080004fa                FIFO_init
 .text.FIFO_enqueue
                0x000000000800053c       0x84 MyRTOS/rtos_fifo.o
                0x000000000800053c                FIFO_enqueue
 .text.FIFO_dequeue
                0x00000000080005c0       0x82 MyRTOS/rtos_fifo.o
                0x00000000080005c0                FIFO_dequeue
 *fill*         0x0000000008000642        0x2 
 .text.SysTick_ISR
                0x0000000008000644       0x30 MyRTOS/scheduler.o
                0x0000000008000644                SysTick_ISR
 .text.PendSV_ContextSwitch
                0x0000000008000674      0x1cc MyRTOS/scheduler.o
                0x0000000008000674                PendSV_ContextSwitch
 .text.Dispatch_Next_Task
                0x0000000008000840       0xdc MyRTOS/scheduler.o
                0x0000000008000840                Dispatch_Next_Task
 .text.SVC_services
                0x000000000800091c       0x78 MyRTOS/scheduler.o
                0x000000000800091c                SVC_services
 .text.Set_MSP  0x0000000008000994       0x3c MyRTOS/scheduler.o
                0x0000000008000994                Set_MSP
 .text.IDLE_Task
                0x00000000080009d0       0x1c MyRTOS/scheduler.o
                0x00000000080009d0                IDLE_Task
 .text.Create_Task_Stack
                0x00000000080009ec       0x7c MyRTOS/scheduler.o
                0x00000000080009ec                Create_Task_Stack
 .text.Update_Scheduler
                0x0000000008000a68       0xcc MyRTOS/scheduler.o
                0x0000000008000a68                Update_Scheduler
 .text.Bubble_Sort
                0x0000000008000b34       0x94 MyRTOS/scheduler.o
                0x0000000008000b34                Bubble_Sort
 .text.MYRTOS_Init
                0x0000000008000bc8       0x7c MyRTOS/scheduler.o
                0x0000000008000bc8                MYRTOS_Init
 .text.MYRTOS_StartRTOS
                0x0000000008000c44       0x7c MyRTOS/scheduler.o
                0x0000000008000c44                MYRTOS_StartRTOS
 .text.MYRTOS_CreateTask
                0x0000000008000cc0       0x68 MyRTOS/scheduler.o
                0x0000000008000cc0                MYRTOS_CreateTask
 .text.MYRTOS_ActivateTask
                0x0000000008000d28       0x22 MyRTOS/scheduler.o
                0x0000000008000d28                MYRTOS_ActivateTask
 *fill*         0x0000000008000d4a        0x2 
 .text.Task3_Fun
                0x0000000008000d4c       0x18 Src/main.o
                0x0000000008000d4c                Task3_Fun
 .text.Task2_Fun
                0x0000000008000d64       0x18 Src/main.o
                0x0000000008000d64                Task2_Fun
 .text.Task1_Fun
                0x0000000008000d7c       0x18 Src/main.o
                0x0000000008000d7c                Task1_Fun
 .text.System_Init
                0x0000000008000d94       0xdc Src/main.o
                0x0000000008000d94                System_Init
 .text.main     0x0000000008000e70        0xa Src/main.o
                0x0000000008000e70                main
 *fill*         0x0000000008000e7a        0x2 
 .text.Reset_Handler
                0x0000000008000e7c       0x50 Startup/startup_stm32f103c8tx.o
                0x0000000008000e7c                Reset_Handler
 .text.Default_Handler
                0x0000000008000ecc        0x2 Startup/startup_stm32f103c8tx.o
                0x0000000008000ecc                TIM8_TRG_COM_IRQHandler
                0x0000000008000ecc                TIM8_CC_IRQHandler
                0x0000000008000ecc                DebugMon_Handler
                0x0000000008000ecc                TIM1_CC_IRQHandler
                0x0000000008000ecc                TIM6_IRQHandler
                0x0000000008000ecc                PVD_IRQHandler
                0x0000000008000ecc                SDIO_IRQHandler
                0x0000000008000ecc                NMI_Handler
                0x0000000008000ecc                USB_HP_CAN_TX_IRQHandler
                0x0000000008000ecc                I2C2_EV_IRQHandler
                0x0000000008000ecc                ADC1_2_IRQHandler
                0x0000000008000ecc                SPI1_IRQHandler
                0x0000000008000ecc                CAN_SCE_IRQHandler
                0x0000000008000ecc                TAMPER_IRQHandler
                0x0000000008000ecc                TIM8_UP_IRQHandler
                0x0000000008000ecc                DMA2_Channel2_IRQHandler
                0x0000000008000ecc                DMA1_Channel4_IRQHandler
                0x0000000008000ecc                USART3_IRQHandler
                0x0000000008000ecc                RTC_IRQHandler
                0x0000000008000ecc                DMA1_Channel7_IRQHandler
                0x0000000008000ecc                UART5_IRQHandler
                0x0000000008000ecc                ADC3_IRQHandler
                0x0000000008000ecc                TIM4_IRQHandler
                0x0000000008000ecc                CAN_RX1_IRQHandler
                0x0000000008000ecc                DMA2_Channel1_IRQHandler
                0x0000000008000ecc                I2C1_EV_IRQHandler
                0x0000000008000ecc                DMA1_Channel6_IRQHandler
                0x0000000008000ecc                UART4_IRQHandler
                0x0000000008000ecc                TIM3_IRQHandler
                0x0000000008000ecc                RCC_IRQHandler
                0x0000000008000ecc                TIM1_TRG_COM_IRQHandler
                0x0000000008000ecc                DMA1_Channel1_IRQHandler
                0x0000000008000ecc                Default_Handler
                0x0000000008000ecc                TIM7_IRQHandler
                0x0000000008000ecc                TIM5_IRQHandler
                0x0000000008000ecc                SPI2_IRQHandler
                0x0000000008000ecc                USB_LP_CAN_RX0_IRQHandler
                0x0000000008000ecc                DMA1_Channel5_IRQHandler
                0x0000000008000ecc                DMA1_Channel3_IRQHandler
                0x0000000008000ecc                FSMC_IRQHandler
                0x0000000008000ecc                TIM1_UP_IRQHandler
                0x0000000008000ecc                WWDG_IRQHandler
                0x0000000008000ecc                TIM2_IRQHandler
                0x0000000008000ecc                TIM1_BRK_IRQHandler
                0x0000000008000ecc                RTCAlarm_IRQHandler
                0x0000000008000ecc                DMA2_Channel4_5_IRQHandler
                0x0000000008000ecc                USART2_IRQHandler
                0x0000000008000ecc                I2C2_ER_IRQHandler
                0x0000000008000ecc                DMA1_Channel2_IRQHandler
                0x0000000008000ecc                TIM8_BRK_IRQHandler
                0x0000000008000ecc                FLASH_IRQHandler
                0x0000000008000ecc                USART1_IRQHandler
                0x0000000008000ecc                SPI3_IRQHandler
                0x0000000008000ecc                I2C1_ER_IRQHandler
                0x0000000008000ecc                DMA2_Channel3_IRQHandler
 *fill*         0x0000000008000ece        0x2 
 .text.__libc_init_array
                0x0000000008000ed0       0x48 c:/st/stm32cubeide_1.4.0/stm32cubeide/plugins/com.st.stm32cube.ide.mcu.externaltools.gnu-tools-for-stm32.7-2018-q2-update.win32_1.4.0.202007081208/tools/bin/../lib/gcc/arm-none-eabi/7.3.1/../../../../arm-none-eabi/lib/thumb/v7-m\libc_nano.a(lib_a-init.o)
                0x0000000008000ed0                __libc_init_array
 *(.glue_7)
 .glue_7        0x0000000008000f18        0x0 linker stubs
 *(.glue_7t)
 .glue_7t       0x0000000008000f18        0x0 linker stubs
 *(.eh_frame)
 .eh_frame      0x0000000008000f18        0x0 c:/st/stm32cubeide_1.4.0/stm32cubeide/plugins/com.st.stm32cube.ide.mcu.externaltools.gnu-tools-for-stm32.7-2018-q2-update.win32_1.4.0.202007081208/tools/bin/../lib/gcc/arm-none-eabi/7.3.1/thumb/v7-m/crtbegin.o
 *(.init)
 .init          0x0000000008000f18        0x4 c:/st/stm32cubeide_1.4.0/stm32cubeide/plugins/com.st.stm32cube.ide.mcu.externaltools.gnu-tools-for-stm32.7-2018-q2-update.win32_1.4.0.202007081208/tools/bin/../lib/gcc/arm-none-eabi/7.3.1/thumb/v7-m/crti.o
                0x0000000008000f18                _init
 .init          0x0000000008000f1c        0x8 c:/st/stm32cubeide_1.4.0/stm32cubeide/plugins/com.st.stm32cube.ide.mcu.externaltools.gnu-tools-for-stm32.7-2018-q2-update.win32_1.4.0.202007081208/tools/bin/../lib/gcc/arm-none-eabi/7.3.1/thumb/v7-m/crtn.o
 *(.fini)
 .fini          0x0000000008000f24        0x4 c:/st/stm32cubeide_1.4.0/stm32cubeide/plugins/com.st.stm32cube.ide.mcu.externaltools.gnu-tools-for-stm32.7-2018-q2-update.win32_1.4.0.202007081208/tools/bin/../lib/gcc/arm-none-eabi/7.3.1/thumb/v7-m/crti.o
                0x0000000008000f24                _fini
 .fini          0x0000000008000f28        0x8 c:/st/stm32cubeide_1.4.0/stm32cubeide/plugins/com.st.stm32cube.ide.mcu.externaltools.gnu-tools-for-stm32.7-2018-q2-update.win32_1.4.0.202007081208/tools/bin/../lib/gcc/arm-none-eabi/7.3.1/thumb/v7-m/crtn.o
                0x0000000008000f30                . = ALIGN (0x4)
                0x0000000008000f30                _etext = .

.vfp11_veneer   0x0000000008000f30        0x0
 .vfp11_veneer  0x0000000008000f30        0x0 linker stubs

.v4_bx          0x0000000008000f30        0x0
 .v4_bx         0x0000000008000f30        0x0 linker stubs

.iplt           0x0000000008000f30        0x0
 .iplt          0x0000000008000f30        0x0 c:/st/stm32cubeide_1.4.0/stm32cubeide/plugins/com.st.stm32cube.ide.mcu.externaltools.gnu-tools-for-stm32.7-2018-q2-update.win32_1.4.0.202007081208/tools/bin/../lib/gcc/arm-none-eabi/7.3.1/thumb/v7-m/crtbegin.o

.rodata         0x0000000008000f30       0x24
                0x0000000008000f30                . = ALIGN (0x4)
 *(.rodata)
 .rodata        0x0000000008000f30        0xa MyRTOS/scheduler.o
 *fill*         0x0000000008000f3a        0x2 
 .rodata        0x0000000008000f3c       0x17 Src/main.o
 *(.rodata*)
                0x0000000008000f54                . = ALIGN (0x4)
 *fill*         0x0000000008000f53        0x1 

.rel.dyn        0x0000000008000f54        0x0
 .rel.iplt      0x0000000008000f54        0x0 c:/st/stm32cubeide_1.4.0/stm32cubeide/plugins/com.st.stm32cube.ide.mcu.externaltools.gnu-tools-for-stm32.7-2018-q2-update.win32_1.4.0.202007081208/tools/bin/../lib/gcc/arm-none-eabi/7.3.1/thumb/v7-m/crtbegin.o

.ARM.extab      0x0000000008000f54        0x0
                0x0000000008000f54                . = ALIGN (0x4)
 *(.ARM.extab* .gnu.linkonce.armextab.*)
                0x0000000008000f54                . = ALIGN (0x4)

.ARM            0x0000000008000f54        0x0
                0x0000000008000f54                . = ALIGN (0x4)
                0x0000000008000f54                __exidx_start = .
 *(.ARM.exidx*)
                0x0000000008000f54                __exidx_end = .
                0x0000000008000f54                . = ALIGN (0x4)

.preinit_array  0x0000000008000f54        0x0
                0x0000000008000f54                . = ALIGN (0x4)
                0x0000000008000f54                PROVIDE (__preinit_array_start = .)
 *(.preinit_array*)
                0x0000000008000f54                PROVIDE (__preinit_array_end = .)
                0x0000000008000f54                . = ALIGN (0x4)

.init_array     0x0000000008000f54        0x4
                0x0000000008000f54                . = ALIGN (0x4)
                0x0000000008000f54                PROVIDE (__init_array_start = .)
 *(SORT_BY_NAME(.init_array.*))
 *(.init_array*)
 .init_array    0x0000000008000f54        0x4 c:/st/stm32cubeide_1.4.0/stm32cubeide/plugins/com.st.stm32cube.ide.mcu.externaltools.gnu-tools-for-stm32.7-2018-q2-update.win32_1.4.0.202007081208/tools/bin/../lib/gcc/arm-none-eabi/7.3.1/thumb/v7-m/crtbegin.o
                0x0000000008000f58                PROVIDE (__init_array_end = .)
                0x0000000008000f58                . = ALIGN (0x4)

.fini_array     0x0000000008000f58        0x4
                0x0000000008000f58                . = ALIGN (0x4)
                [!provide]                        PROVIDE (__fini_array_start = .)
 *(SORT_BY_NAME(.fini_array.*))
 *(.fini_array*)
 .fini_array    0x0000000008000f58        0x4 c:/st/stm32cubeide_1.4.0/stm32cubeide/plugins/com.st.stm32cube.ide.mcu.externaltools.gnu-tools-for-stm32.7-2018-q2-update.win32_1.4.0.202007081208/tools/bin/../lib/gcc/arm-none-eabi/7.3.1/thumb/v7-m/crtbegin.o
                [!provide]                        PROVIDE (__fini_array_end = .)
                0x0000000008000f5c                . = ALIGN (0x4)
                0x0000000008000f5c                _sidata = LOADADDR (.data)

.data           0x0000000020000000        0x0 load address 0x0000000008000f5c
                0x0000000020000000                . = ALIGN (0x4)
                0x0000000020000000                _sdata = .
 *(.data)
 *(.data*)
                0x0000000020000000                . = ALIGN (0x4)
                0x0000000020000000                _edata = .

.igot.plt       0x0000000020000000        0x0 load address 0x0000000008000f5c
 .igot.plt      0x0000000020000000        0x0 c:/st/stm32cubeide_1.4.0/stm32cubeide/plugins/com.st.stm32cube.ide.mcu.externaltools.gnu-tools-for-stm32.7-2018-q2-update.win32_1.4.0.202007081208/tools/bin/../lib/gcc/arm-none-eabi/7.3.1/thumb/v7-m/crtbegin.o
                0x0000000020000000                . = ALIGN (0x4)

.bss            0x0000000020000000      0x4c0 load address 0x0000000008000f5c
                0x0000000020000000                _sbss = .
                0x0000000020000000                __bss_start__ = _sbss
 *(.bss)
 .bss           0x0000000020000000       0x1c c:/st/stm32cubeide_1.4.0/stm32cubeide/plugins/com.st.stm32cube.ide.mcu.externaltools.gnu-tools-for-stm32.7-2018-q2-update.win32_1.4.0.202007081208/tools/bin/../lib/gcc/arm-none-eabi/7.3.1/thumb/v7-m/crtbegin.o
 *(.bss*)
 .bss.MYRTOS_TCB
                0x000000002000001c      0x1ac MyRTOS/scheduler.o
 *(COMMON)
 COMMON         0x00000000200001c8       0x3c Drivers/MCAL/EXTI/stm32f103c8_exti_driver.o
                0x00000000200001c8                gp_EXTI_ISR_CallBack
 COMMON         0x0000000020000204      0x1e9 MyRTOS/scheduler.o
                0x0000000020000204                Ready_Queue
                0x0000000020000214                Ready_Queue_Buff
                0x00000000200003a4                IdleTask_Led
                0x00000000200003a8                idle_task
                0x00000000200003ec                SysTick_Led
 *fill*         0x00000000200003ed        0x3 
 COMMON         0x00000000200003f0       0xd0 Src/main.o
                0x00000000200003f0                task1
                0x0000000020000434                task2
                0x0000000020000478                Task1_Led
                0x0000000020000479                Task3_Led
                0x000000002000047a                Task2_Led
                0x000000002000047c                task3
                0x00000000200004c0                . = ALIGN (0x4)
                0x00000000200004c0                _ebss = .
                0x00000000200004c0                __bss_end__ = _ebss

._user_heap_stack
                0x00000000200004c0      0x600 load address 0x0000000008000f5c
                0x00000000200004c0                . = ALIGN (0x8)
                [!provide]                        PROVIDE (end = .)
                0x00000000200004c0                PROVIDE (_end = .)
                0x00000000200006c0                . = (. + _Min_Heap_Size)
 *fill*         0x00000000200004c0      0x200 
                0x0000000020000ac0                . = (. + _Min_Stack_Size)
 *fill*         0x00000000200006c0      0x400 
                0x0000000020000ac0                . = ALIGN (0x8)

/DISCARD/
 libc.a(*)
 libm.a(*)
 libgcc.a(*)

.ARM.attributes
                0x0000000000000000       0x29
 *(.ARM.attributes)
 .ARM.attributes
                0x0000000000000000       0x1d c:/st/stm32cubeide_1.4.0/stm32cubeide/plugins/com.st.stm32cube.ide.mcu.externaltools.gnu-tools-for-stm32.7-2018-q2-update.win32_1.4.0.202007081208/tools/bin/../lib/gcc/arm-none-eabi/7.3.1/thumb/v7-m/crti.o
 .ARM.attributes
                0x000000000000001d       0x2d c:/st/stm32cubeide_1.4.0/stm32cubeide/plugins/com.st.stm32cube.ide.mcu.externaltools.gnu-tools-for-stm32.7-2018-q2-update.win32_1.4.0.202007081208/tools/bin/../lib/gcc/arm-none-eabi/7.3.1/thumb/v7-m/crtbegin.o
 .ARM.attributes
                0x000000000000004a       0x33 Drivers/MCAL/EXTI/stm32f103c8_exti_driver.o
 .ARM.attributes
                0x000000000000007d       0x33 Drivers/MCAL/RCC/stm32f103c8_rcc_driver.o
 .ARM.attributes
                0x00000000000000b0       0x33 MyRTOS/cortex_mx_os_porting.o
 .ARM.attributes
                0x00000000000000e3       0x33 MyRTOS/rtos_fifo.o
 .ARM.attributes
                0x0000000000000116       0x33 MyRTOS/scheduler.o
 .ARM.attributes
                0x0000000000000149       0x33 Src/main.o
 .ARM.attributes
                0x000000000000017c       0x21 Startup/startup_stm32f103c8tx.o
 .ARM.attributes
                0x000000000000019d       0x2d c:/st/stm32cubeide_1.4.0/stm32cubeide/plugins/com.st.stm32cube.ide.mcu.externaltools.gnu-tools-for-stm32.7-2018-q2-update.win32_1.4.0.202007081208/tools/bin/../lib/gcc/arm-none-eabi/7.3.1/../../../../arm-none-eabi/lib/thumb/v7-m\libc_nano.a(lib_a-init.o)
 .ARM.attributes
                0x00000000000001ca       0x1b c:/st/stm32cubeide_1.4.0/stm32cubeide/plugins/com.st.stm32cube.ide.mcu.externaltools.gnu-tools-for-stm32.7-2018-q2-update.win32_1.4.0.202007081208/tools/bin/../lib/gcc/arm-none-eabi/7.3.1/../../../../arm-none-eabi/lib/thumb/v7-m\libc_nano.a(lib_a-strcmp.o)
 .ARM.attributes
                0x00000000000001e5       0x1d c:/st/stm32cubeide_1.4.0/stm32cubeide/plugins/com.st.stm32cube.ide.mcu.externaltools.gnu-tools-for-stm32.7-2018-q2-update.win32_1.4.0.202007081208/tools/bin/../lib/gcc/arm-none-eabi/7.3.1/thumb/v7-m/crtn.o
OUTPUT(MyOwnRTOS.axf elf32-littlearm)

.debug_info     0x0000000000000000     0x493a
 .debug_info    0x0000000000000000      0xda2 Drivers/MCAL/EXTI/stm32f103c8_exti_driver.o
 .debug_info    0x0000000000000da2      0xb01 Drivers/MCAL/RCC/stm32f103c8_rcc_driver.o
 .debug_info    0x00000000000018a3      0xf15 MyRTOS/cortex_mx_os_porting.o
 .debug_info    0x00000000000027b8      0x3a3 MyRTOS/rtos_fifo.o
 .debug_info    0x0000000000002b5b     0x11b6 MyRTOS/scheduler.o
 .debug_info    0x0000000000003d11      0xc07 Src/main.o
 .debug_info    0x0000000000004918       0x22 Startup/startup_stm32f103c8tx.o

.debug_abbrev   0x0000000000000000      0xb7e
 .debug_abbrev  0x0000000000000000      0x22d Drivers/MCAL/EXTI/stm32f103c8_exti_driver.o
 .debug_abbrev  0x000000000000022d      0x197 Drivers/MCAL/RCC/stm32f103c8_rcc_driver.o
 .debug_abbrev  0x00000000000003c4      0x225 MyRTOS/cortex_mx_os_porting.o
 .debug_abbrev  0x00000000000005e9      0x102 MyRTOS/rtos_fifo.o
 .debug_abbrev  0x00000000000006eb      0x2b6 MyRTOS/scheduler.o
 .debug_abbrev  0x00000000000009a1      0x1cb Src/main.o
 .debug_abbrev  0x0000000000000b6c       0x12 Startup/startup_stm32f103c8tx.o

.debug_loc      0x0000000000000000      0xc9c
 .debug_loc     0x0000000000000000      0x320 Drivers/MCAL/EXTI/stm32f103c8_exti_driver.o
 .debug_loc     0x0000000000000320      0x158 Drivers/MCAL/RCC/stm32f103c8_rcc_driver.o
 .debug_loc     0x0000000000000478      0x1b4 MyRTOS/cortex_mx_os_porting.o
 .debug_loc     0x000000000000062c      0x170 MyRTOS/rtos_fifo.o
 .debug_loc     0x000000000000079c      0x424 MyRTOS/scheduler.o
 .debug_loc     0x0000000000000bc0       0xdc Src/main.o

.debug_aranges  0x0000000000000000      0x250
 .debug_aranges
                0x0000000000000000       0x80 Drivers/MCAL/EXTI/stm32f103c8_exti_driver.o
 .debug_aranges
                0x0000000000000080       0x38 Drivers/MCAL/RCC/stm32f103c8_rcc_driver.o
 .debug_aranges
                0x00000000000000b8       0x70 MyRTOS/cortex_mx_os_porting.o
 .debug_aranges
                0x0000000000000128       0x38 MyRTOS/rtos_fifo.o
 .debug_aranges
                0x0000000000000160       0x88 MyRTOS/scheduler.o
 .debug_aranges
                0x00000000000001e8       0x40 Src/main.o
 .debug_aranges
                0x0000000000000228       0x28 Startup/startup_stm32f103c8tx.o

.debug_ranges   0x0000000000000000      0x1e8
 .debug_ranges  0x0000000000000000       0x70 Drivers/MCAL/EXTI/stm32f103c8_exti_driver.o
 .debug_ranges  0x0000000000000070       0x28 Drivers/MCAL/RCC/stm32f103c8_rcc_driver.o
 .debug_ranges  0x0000000000000098       0x60 MyRTOS/cortex_mx_os_porting.o
 .debug_ranges  0x00000000000000f8       0x28 MyRTOS/rtos_fifo.o
 .debug_ranges  0x0000000000000120       0x78 MyRTOS/scheduler.o
 .debug_ranges  0x0000000000000198       0x30 Src/main.o
 .debug_ranges  0x00000000000001c8       0x20 Startup/startup_stm32f103c8tx.o

.debug_macro    0x0000000000000000     0x308c
 .debug_macro   0x0000000000000000      0x135 Drivers/MCAL/EXTI/stm32f103c8_exti_driver.o
 .debug_macro   0x0000000000000135      0x231 Drivers/MCAL/EXTI/stm32f103c8_exti_driver.o
 .debug_macro   0x0000000000000366      0x12a Drivers/MCAL/RCC/stm32f103c8_rcc_driver.o
 .debug_macro   0x0000000000000490      0x1e9 Drivers/MCAL/RCC/stm32f103c8_rcc_driver.o
 .debug_macro   0x0000000000000679      0x1c2 MyRTOS/cortex_mx_os_porting.o
 .debug_macro   0x000000000000083b       0x28 MyRTOS/cortex_mx_os_porting.o
 .debug_macro   0x0000000000000863       0x8e MyRTOS/cortex_mx_os_porting.o
 .debug_macro   0x00000000000008f1       0x51 MyRTOS/cortex_mx_os_porting.o
 .debug_macro   0x0000000000000942       0xef MyRTOS/cortex_mx_os_porting.o
 .debug_macro   0x0000000000000a31       0x6a MyRTOS/cortex_mx_os_porting.o
 .debug_macro   0x0000000000000a9b      0x1df MyRTOS/cortex_mx_os_porting.o
 .debug_macro   0x0000000000000c7a       0x1c MyRTOS/cortex_mx_os_porting.o
 .debug_macro   0x0000000000000c96       0x22 MyRTOS/cortex_mx_os_porting.o
 .debug_macro   0x0000000000000cb8       0xe5 MyRTOS/cortex_mx_os_porting.o
 .debug_macro   0x0000000000000d9d      0xe2e MyRTOS/cortex_mx_os_porting.o
 .debug_macro   0x0000000000001bcb      0x11f MyRTOS/cortex_mx_os_porting.o
 .debug_macro   0x0000000000001cea       0x3a MyRTOS/cortex_mx_os_porting.o
 .debug_macro   0x0000000000001d24       0x46 MyRTOS/cortex_mx_os_porting.o
 .debug_macro   0x0000000000001d6a      0x32a MyRTOS/cortex_mx_os_porting.o
 .debug_macro   0x0000000000002094       0xf6 MyRTOS/rtos_fifo.o
 .debug_macro   0x000000000000218a       0x10 MyRTOS/rtos_fifo.o
 .debug_macro   0x000000000000219a      0x1ba MyRTOS/scheduler.o
 .debug_macro   0x0000000000002354      0x174 MyRTOS/scheduler.o
 .debug_macro   0x00000000000024c8       0x10 MyRTOS/scheduler.o
 .debug_macro   0x00000000000024d8       0x35 MyRTOS/scheduler.o
 .debug_macro   0x000000000000250d       0x20 MyRTOS/scheduler.o
 .debug_macro   0x000000000000252d       0xdf MyRTOS/scheduler.o
 .debug_macro   0x000000000000260c      0x2e0 Src/main.o
 .debug_macro   0x00000000000028ec       0x16 Src/main.o
 .debug_macro   0x0000000000002902       0x97 Src/main.o
 .debug_macro   0x0000000000002999       0xfd Src/main.o
 .debug_macro   0x0000000000002a96       0x10 Src/main.o
 .debug_macro   0x0000000000002aa6       0x10 Src/main.o
 .debug_macro   0x0000000000002ab6       0x1c Src/main.o
 .debug_macro   0x0000000000002ad2       0x52 Src/main.o
 .debug_macro   0x0000000000002b24       0x40 Src/main.o
 .debug_macro   0x0000000000002b64       0x10 Src/main.o
 .debug_macro   0x0000000000002b74       0x40 Src/main.o
 .debug_macro   0x0000000000002bb4       0xd7 Src/main.o
 .debug_macro   0x0000000000002c8b       0x1c Src/main.o
 .debug_macro   0x0000000000002ca7       0x3d Src/main.o
 .debug_macro   0x0000000000002ce4       0x16 Src/main.o
 .debug_macro   0x0000000000002cfa      0x145 Src/main.o
 .debug_macro   0x0000000000002e3f       0x16 Src/main.o
 .debug_macro   0x0000000000002e55      0x237 Src/main.o

.debug_line     0x0000000000000000     0x299f
 .debug_line    0x0000000000000000      0x6f2 Drivers/MCAL/EXTI/stm32f103c8_exti_driver.o
 .debug_line    0x00000000000006f2      0x59b Drivers/MCAL/RCC/stm32f103c8_rcc_driver.o
 .debug_line    0x0000000000000c8d      0x733 MyRTOS/cortex_mx_os_porting.o
 .debug_line    0x00000000000013c0      0x55c MyRTOS/rtos_fifo.o
 .debug_line    0x000000000000191c      0x81f MyRTOS/scheduler.o
 .debug_line    0x000000000000213b      0x7e0 Src/main.o
 .debug_line    0x000000000000291b       0x84 Startup/startup_stm32f103c8tx.o

.debug_str      0x0000000000000000    0x1180e
 .debug_str     0x0000000000000000     0x84bd Drivers/MCAL/EXTI/stm32f103c8_exti_driver.o
                                       0x8677 (size before relaxing)
 .debug_str     0x00000000000084bd      0x868 Drivers/MCAL/RCC/stm32f103c8_rcc_driver.o
                                       0x77be (size before relaxing)
 .debug_str     0x0000000000008d25     0x738f MyRTOS/cortex_mx_os_porting.o
                                       0xeb7b (size before relaxing)
 .debug_str     0x00000000000100b4      0x1f9 MyRTOS/rtos_fifo.o
                                       0xa492 (size before relaxing)
 .debug_str     0x00000000000102ad      0x2ff MyRTOS/scheduler.o
                                       0xda02 (size before relaxing)
 .debug_str     0x00000000000105ac     0x1231 Src/main.o
                                      0x1107f (size before relaxing)
 .debug_str     0x00000000000117dd       0x31 Startup/startup_stm32f103c8tx.o
                                         0x65 (size before relaxing)

.comment        0x0000000000000000       0x7b
 .comment       0x0000000000000000       0x7b Drivers/MCAL/EXTI/stm32f103c8_exti_driver.o
                                         0x7c (size before relaxing)
 .comment       0x000000000000007b       0x7c Drivers/MCAL/RCC/stm32f103c8_rcc_driver.o
 .comment       0x000000000000007b       0x7c MyRTOS/cortex_mx_os_porting.o
 .comment       0x000000000000007b       0x7c MyRTOS/rtos_fifo.o
 .comment       0x000000000000007b       0x7c MyRTOS/scheduler.o
 .comment       0x000000000000007b       0x7c Src/main.o

.debug_frame    0x0000000000000000      0x704
 .debug_frame   0x0000000000000000      0x1b0 Drivers/MCAL/EXTI/stm32f103c8_exti_driver.o
 .debug_frame   0x00000000000001b0       0xa8 Drivers/MCAL/RCC/stm32f103c8_rcc_driver.o
 .debug_frame   0x0000000000000258      0x124 MyRTOS/cortex_mx_os_porting.o
 .debug_frame   0x000000000000037c       0xb0 MyRTOS/rtos_fifo.o
 .debug_frame   0x000000000000042c      0x1fc MyRTOS/scheduler.o
 .debug_frame   0x0000000000000628       0x90 Src/main.o
 .debug_frame   0x00000000000006b8       0x2c c:/st/stm32cubeide_1.4.0/stm32cubeide/plugins/com.st.stm32cube.ide.mcu.externaltools.gnu-tools-for-stm32.7-2018-q2-update.win32_1.4.0.202007081208/tools/bin/../lib/gcc/arm-none-eabi/7.3.1/../../../../arm-none-eabi/lib/thumb/v7-m\libc_nano.a(lib_a-init.o)
 .debug_frame   0x00000000000006e4       0x20 c:/st/stm32cubeide_1.4.0/stm32cubeide/plugins/com.st.stm32cube.ide.mcu.externaltools.gnu-tools-for-stm32.7-2018-q2-update.win32_1.4.0.202007081208/tools/bin/../lib/gcc/arm-none-eabi/7.3.1/../../../../arm-none-eabi/lib/thumb/v7-m\libc_nano.a(lib_a-strcmp.o)
