Archive member included to satisfy reference by file (symbol)

c:/st/stm32cubeide_1.4.0/stm32cubeide/plugins/com.st.stm32cube.ide.mcu.externaltools.gnu-tools-for-stm32.7-2018-q2-update.win32_1.4.0.202007081208/tools/bin/../lib/gcc/arm-none-eabi/7.3.1/../../../../arm-none-eabi/lib/thumb/v7-m\libc_nano.a(lib_a-errno.o)
                              Src/syscalls.o (__errno)
c:/st/stm32cubeide_1.4.0/stm32cubeide/plugins/com.st.stm32cube.ide.mcu.externaltools.gnu-tools-for-stm32.7-2018-q2-update.win32_1.4.0.202007081208/tools/bin/../lib/gcc/arm-none-eabi/7.3.1/../../../../arm-none-eabi/lib/thumb/v7-m\libc_nano.a(lib_a-exit.o)
                              c:/st/stm32cubeide_1.4.0/stm32cubeide/plugins/com.st.stm32cube.ide.mcu.externaltools.gnu-tools-for-stm32.7-2018-q2-update.win32_1.4.0.202007081208/tools/bin/../lib/gcc/arm-none-eabi/7.3.1/../../../../arm-none-eabi/lib/thumb/v7-m/crt0.o (exit)
c:/st/stm32cubeide_1.4.0/stm32cubeide/plugins/com.st.stm32cube.ide.mcu.externaltools.gnu-tools-for-stm32.7-2018-q2-update.win32_1.4.0.202007081208/tools/bin/../lib/gcc/arm-none-eabi/7.3.1/../../../../arm-none-eabi/lib/thumb/v7-m\libc_nano.a(lib_a-impure.o)
                              c:/st/stm32cubeide_1.4.0/stm32cubeide/plugins/com.st.stm32cube.ide.mcu.externaltools.gnu-tools-for-stm32.7-2018-q2-update.win32_1.4.0.202007081208/tools/bin/../lib/gcc/arm-none-eabi/7.3.1/../../../../arm-none-eabi/lib/thumb/v7-m\libc_nano.a(lib_a-exit.o) (_global_impure_ptr)
c:/st/stm32cubeide_1.4.0/stm32cubeide/plugins/com.st.stm32cube.ide.mcu.externaltools.gnu-tools-for-stm32.7-2018-q2-update.win32_1.4.0.202007081208/tools/bin/../lib/gcc/arm-none-eabi/7.3.1/../../../../arm-none-eabi/lib/thumb/v7-m\libc_nano.a(lib_a-init.o)
                              c:/st/stm32cubeide_1.4.0/stm32cubeide/plugins/com.st.stm32cube.ide.mcu.externaltools.gnu-tools-for-stm32.7-2018-q2-update.win32_1.4.0.202007081208/tools/bin/../lib/gcc/arm-none-eabi/7.3.1/../../../../arm-none-eabi/lib/thumb/v7-m/crt0.o (__libc_init_array)
c:/st/stm32cubeide_1.4.0/stm32cubeide/plugins/com.st.stm32cube.ide.mcu.externaltools.gnu-tools-for-stm32.7-2018-q2-update.win32_1.4.0.202007081208/tools/bin/../lib/gcc/arm-none-eabi/7.3.1/../../../../arm-none-eabi/lib/thumb/v7-m\libc_nano.a(lib_a-itoa.o)
                              Drivers/HAL/LCD/lcd.o (itoa)
c:/st/stm32cubeide_1.4.0/stm32cubeide/plugins/com.st.stm32cube.ide.mcu.externaltools.gnu-tools-for-stm32.7-2018-q2-update.win32_1.4.0.202007081208/tools/bin/../lib/gcc/arm-none-eabi/7.3.1/../../../../arm-none-eabi/lib/thumb/v7-m\libc_nano.a(lib_a-memset.o)
                              c:/st/stm32cubeide_1.4.0/stm32cubeide/plugins/com.st.stm32cube.ide.mcu.externaltools.gnu-tools-for-stm32.7-2018-q2-update.win32_1.4.0.202007081208/tools/bin/../lib/gcc/arm-none-eabi/7.3.1/../../../../arm-none-eabi/lib/thumb/v7-m/crt0.o (memset)
c:/st/stm32cubeide_1.4.0/stm32cubeide/plugins/com.st.stm32cube.ide.mcu.externaltools.gnu-tools-for-stm32.7-2018-q2-update.win32_1.4.0.202007081208/tools/bin/../lib/gcc/arm-none-eabi/7.3.1/../../../../arm-none-eabi/lib/thumb/v7-m\libc_nano.a(lib_a-strcmp.o)
                              MyRTOS/scheduler.o (strcmp)
c:/st/stm32cubeide_1.4.0/stm32cubeide/plugins/com.st.stm32cube.ide.mcu.externaltools.gnu-tools-for-stm32.7-2018-q2-update.win32_1.4.0.202007081208/tools/bin/../lib/gcc/arm-none-eabi/7.3.1/../../../../arm-none-eabi/lib/thumb/v7-m\libc_nano.a(lib_a-utoa.o)
                              c:/st/stm32cubeide_1.4.0/stm32cubeide/plugins/com.st.stm32cube.ide.mcu.externaltools.gnu-tools-for-stm32.7-2018-q2-update.win32_1.4.0.202007081208/tools/bin/../lib/gcc/arm-none-eabi/7.3.1/../../../../arm-none-eabi/lib/thumb/v7-m\libc_nano.a(lib_a-itoa.o) (__utoa)

Allocating common symbols
Common symbol       size              file

Mutex1              0x30              Src/main.o
task4               0x44              Src/main.o
Ready_Queue         0x10              MyRTOS/scheduler.o
Ready_Queue_Buff    0x190             MyRTOS/scheduler.o
IdleTask_Led        0x1               MyRTOS/scheduler.o
task1               0x44              Src/main.o
task2               0x44              Src/main.o
Task1_Led           0x1               Src/main.o
idle_task           0x44              MyRTOS/scheduler.o
Task3_Led           0x1               Src/main.o
Mutex2              0x30              Src/main.o
gp_EXTI_ISR_CallBack
                    0x3c              Drivers/MCAL/EXTI/stm32f103c8_exti_driver.o
SysTick_Led         0x1               MyRTOS/scheduler.o
Task2_Led           0x1               Src/main.o
Task4_Led           0x1               Src/main.o
task3               0x44              Src/main.o

Discarded input sections

 .text          0x0000000000000000        0x0 c:/st/stm32cubeide_1.4.0/stm32cubeide/plugins/com.st.stm32cube.ide.mcu.externaltools.gnu-tools-for-stm32.7-2018-q2-update.win32_1.4.0.202007081208/tools/bin/../lib/gcc/arm-none-eabi/7.3.1/thumb/v7-m/crti.o
[...]
Memory Configuration

Name             Origin             Length             Attributes
RAM              0x0000000020000000 0x0000000000005000 xrw
ROM              0x0000000008000000 0x0000000000010000 xr
*default*        0x0000000000000000 0xffffffffffffffff

Linker script and memory map

LOAD c:/st/stm32cubeide_1.4.0/stm32cubeide/plugins/com.st.stm32cube.ide.mcu.externaltools.gnu-tools-for-stm32.7-2018-q2-update.win32_1.4.0.202007081208/tools/bin/../lib/gcc/arm-none-eabi/7.3.1/thumb/v7-m/crti.o
LOAD c:/st/stm32cubeide_1.4.0/stm32cubeide/plugins/com.st.stm32cube.ide.mcu.externaltools.gnu-tools-for-stm32.7-2018-q2-update.win32_1.4.0.202007081208/tools/bin/../lib/gcc/arm-none-eabi/7.3.1/thumb/v7-m/crtbegin.o
LOAD c:/st/stm32cubeide_1.4.0/stm32cubeide/plugins/com.st.stm32cube.ide.mcu.externaltools.gnu-tools-for-stm32.7-2018-q2-update.win32_1.4.0.202007081208/tools/bin/../lib/gcc/arm-none-eabi/7.3.1/../../../../arm-none-eabi/lib/thumb/v7-m/crt0.o
LOAD Drivers/HAL/Keypad/keypad.o
LOAD Drivers/HAL/LCD/lcd.o
LOAD Drivers/MCAL/EXTI/stm32f103c8_exti_driver.o
LOAD Drivers/MCAL/GPIO/stm32f103c8_gpio_driver.o
LOAD Drivers/MCAL/RCC/stm32f103c8_rcc_driver.o
LOAD Drivers/MCAL/USART/stm32f103c8_usart_driver.o
LOAD MyRTOS/cortex_mx_os_porting.o
LOAD MyRTOS/rtos_fifo.o
LOAD MyRTOS/scheduler.o
LOAD Src/main.o
LOAD Src/syscalls.o
LOAD Src/sysmem.o
LOAD Startup/startup_stm32f103c8tx.o
START GROUP
LOAD c:/st/stm32cubeide_1.4.0/stm32cubeide/plugins/com.st.stm32cube.ide.mcu.externaltools.gnu-tools-for-stm32.7-2018-q2-update.win32_1.4.0.202007081208/tools/bin/../lib/gcc/arm-none-eabi/7.3.1/../../../../arm-none-eabi/lib/thumb/v7-m\libc_nano.a
LOAD c:/st/stm32cubeide_1.4.0/stm32cubeide/plugins/com.st.stm32cube.ide.mcu.externaltools.gnu-tools-for-stm32.7-2018-q2-update.win32_1.4.0.202007081208/tools/bin/../lib/gcc/arm-none-eabi/7.3.1/../../../../arm-none-eabi/lib/thumb/v7-m\libm.a
END GROUP
START GROUP
LOAD c:/st/stm32cubeide_1.4.0/stm32cubeide/plugins/com.st.stm32cube.ide.mcu.externaltools.gnu-tools-for-stm32.7-2018-q2-update.win32_1.4.0.202007081208/tools/bin/../lib/gcc/arm-none-eabi/7.3.1/thumb/v7-m\libgcc.a
LOAD c:/st/stm32cubeide_1.4.0/stm32cubeide/plugins/com.st.stm32cube.ide.mcu.externaltools.gnu-tools-for-stm32.7-2018-q2-update.win32_1.4.0.202007081208/tools/bin/../lib/gcc/arm-none-eabi/7.3.1/../../../../arm-none-eabi/lib/thumb/v7-m\libg_nano.a
LOAD c:/st/stm32cubeide_1.4.0/stm32cubeide/plugins/com.st.stm32cube.ide.mcu.externaltools.gnu-tools-for-stm32.7-2018-q2-update.win32_1.4.0.202007081208/tools/bin/../lib/gcc/arm-none-eabi/7.3.1/../../../../arm-none-eabi/lib/thumb/v7-m\libc_nano.a
END GROUP
START GROUP
LOAD c:/st/stm32cubeide_1.4.0/stm32cubeide/plugins/com.st.stm32cube.ide.mcu.externaltools.gnu-tools-for-stm32.7-2018-q2-update.win32_1.4.0.202007081208/tools/bin/../lib/gcc/arm-none-eabi/7.3.1/thumb/v7-m\libgcc.a
LOAD c:/st/stm32cubeide_1.4.0/stm32cubeide/plugins/com.st.stm32cube.ide.mcu.externaltools.gnu-tools-for-stm32.7-2018-q2-update.win32_1.4.0.202007081208/tools/bin/../lib/gcc/arm-none-eabi/7.3.1/../../../../arm-none-eabi/lib/thumb/v7-m\libc_nano.a
LOAD c:/st/stm32cubeide_1.4.0/stm32cubeide/plugins/com.st.stm32cube.ide.mcu.externaltools.gnu-tools-for-stm32.7-2018-q2-update.win32_1.4.0.202007081208/tools/bin/../lib/gcc/arm-none-eabi/7.3.1/../../../../arm-none-eabi/lib/thumb/v7-m\libnosys.a
END GROUP
START GROUP
LOAD c:/st/stm32cubeide_1.4.0/stm32cubeide/plugins/com.st.stm32cube.ide.mcu.externaltools.gnu-tools-for-stm32.7-2018-q2-update.win32_1.4.0.202007081208/tools/bin/../lib/gcc/arm-none-eabi/7.3.1/thumb/v7-m\libgcc.a
LOAD c:/st/stm32cubeide_1.4.0/stm32cubeide/plugins/com.st.stm32cube.ide.mcu.externaltools.gnu-tools-for-stm32.7-2018-q2-update.win32_1.4.0.202007081208/tools/bin/../lib/gcc/arm-none-eabi/7.3.1/../../../../arm-none-eabi/lib/thumb/v7-m\libc_nano.a
LOAD c:/st/stm32cubeide_1.4.0/stm32cubeide/plugins/com.st.stm32cube.ide.mcu.externaltools.gnu-tools-for-stm32.7-2018-q2-update.win32_1.4.0.202007081208/tools/bin/../lib/gcc/arm-none-eabi/7.3.1/../../../../arm-none-eabi/lib/thumb/v7-m\libnosys.a
END GROUP
LOAD c:/st/stm32cubeide_1.4.0/stm32cubeide/plugins/com.st.stm32cube.ide.mcu.externaltools.gnu-tools-for-stm32.7-2018-q2-update.win32_1.4.0.202007081208/tools/bin/../lib/gcc/arm-none-eabi/7.3.1/thumb/v7-m/crtend.o
LOAD c:/st/stm32cubeide_1.4.0/stm32cubeide/plugins/com.st.stm32cube.ide.mcu.externaltools.gnu-tools-for-stm32.7-2018-q2-update.win32_1.4.0.202007081208/tools/bin/../lib/gcc/arm-none-eabi/7.3.1/thumb/v7-m/crtn.o
                0x0000000020005000                _estack = (ORIGIN (RAM) + LENGTH (RAM))
                0x0000000000000200                _Min_Heap_Size = 0x200
                0x0000000000000400                _Min_Stack_Size = 0x400

.isr_vector     0x0000000008000000      0x130
                0x0000000008000000                . = ALIGN (0x4)
 *(.isr_vector)
 .isr_vector    0x0000000008000000      0x130 Startup/startup_stm32f103c8tx.o
                0x0000000008000000                g_pfnVectors
                0x0000000008000130                . = ALIGN (0x4)

.text           0x0000000008000130     0x1094
                0x0000000008000130                . = ALIGN (0x4)
 *(.text)
 .text          0x0000000008000130       0x40 c:/st/stm32cubeide_1.4.0/stm32cubeide/plugins/com.st.stm32cube.ide.mcu.externaltools.gnu-tools-for-stm32.7-2018-q2-update.win32_1.4.0.202007081208/tools/bin/../lib/gcc/arm-none-eabi/7.3.1/thumb/v7-m/crtbegin.o
 .text          0x0000000008000170       0x14 c:/st/stm32cubeide_1.4.0/stm32cubeide/plugins/com.st.stm32cube.ide.mcu.externaltools.gnu-tools-for-stm32.7-2018-q2-update.win32_1.4.0.202007081208/tools/bin/../lib/gcc/arm-none-eabi/7.3.1/../../../../arm-none-eabi/lib/thumb/v7-m\libc_nano.a(lib_a-strcmp.o)
                0x0000000008000170                strcmp
 *(.text*)
 .text.EXTI0_IRQHandler
                0x0000000008000184       0x24 Drivers/MCAL/EXTI/stm32f103c8_exti_driver.o
                0x0000000008000184                EXTI0_IRQHandler
 .text.EXTI1_IRQHandler
                0x00000000080001a8       0x24 Drivers/MCAL/EXTI/stm32f103c8_exti_driver.o
                0x00000000080001a8                EXTI1_IRQHandler
 .text.EXTI2_IRQHandler
                0x00000000080001cc       0x24 Drivers/MCAL/EXTI/stm32f103c8_exti_driver.o
                0x00000000080001cc                EXTI2_IRQHandler
 .text.EXTI3_IRQHandler
                0x00000000080001f0       0x24 Drivers/MCAL/EXTI/stm32f103c8_exti_driver.o
                0x00000000080001f0                EXTI3_IRQHandler
 .text.EXTI4_IRQHandler
                0x0000000008000214       0x24 Drivers/MCAL/EXTI/stm32f103c8_exti_driver.o
                0x0000000008000214                EXTI4_IRQHandler
 .text.EXTI9_5_IRQHandler
                0x0000000008000238       0xb0 Drivers/MCAL/EXTI/stm32f103c8_exti_driver.o
                0x0000000008000238                EXTI9_5_IRQHandler
 .text.EXTI15_10_IRQHandler
                0x00000000080002e8       0xd0 Drivers/MCAL/EXTI/stm32f103c8_exti_driver.o
                0x00000000080002e8                EXTI15_10_IRQHandler
 .text.MCAL_RCC_initSYSClk
                0x00000000080003b8       0x48 Drivers/MCAL/RCC/stm32f103c8_rcc_driver.o
                0x00000000080003b8                MCAL_RCC_initSYSClk
 .text.__NVIC_SetPriority
                0x0000000008000400       0x54 MyRTOS/cortex_mx_os_porting.o
 .text.SysTick_Config
                0x0000000008000454       0x44 MyRTOS/cortex_mx_os_porting.o
 .text.SysTick_Handler
                0x0000000008000498        0x6 MyRTOS/cortex_mx_os_porting.o
                0x0000000008000498                SysTick_Handler
 .text.PendSV_Handler
                0x000000000800049e        0x6 MyRTOS/cortex_mx_os_porting.o
                0x000000000800049e                PendSV_Handler
 .text.SVC_Handler
                0x00000000080004a4       0x14 MyRTOS/cortex_mx_os_porting.o
                0x00000000080004a4                SVC_Handler
 .text.HardFault_Handler
                0x00000000080004b8        0x6 MyRTOS/cortex_mx_os_porting.o
                0x00000000080004b8                HardFault_Handler
 .text.MemManage_Handler
                0x00000000080004be        0x6 MyRTOS/cortex_mx_os_porting.o
                0x00000000080004be                MemManage_Handler
 .text.BusFault_Handler
                0x00000000080004c4        0x6 MyRTOS/cortex_mx_os_porting.o
                0x00000000080004c4                BusFault_Handler
 .text.UsageFault_Handler
                0x00000000080004ca        0x6 MyRTOS/cortex_mx_os_porting.o
                0x00000000080004ca                UsageFault_Handler
 .text.MyRTOS_HW_Init
                0x00000000080004d0       0x16 MyRTOS/cortex_mx_os_porting.o
                0x00000000080004d0                MyRTOS_HW_Init
 .text.MyRTOS_StartTicker
                0x00000000080004e6       0x10 MyRTOS/cortex_mx_os_porting.o
                0x00000000080004e6                MyRTOS_StartTicker
 .text.FIFO_init
                0x00000000080004f6       0x42 MyRTOS/rtos_fifo.o
                0x00000000080004f6                FIFO_init
 .text.FIFO_enqueue
                0x0000000008000538       0x84 MyRTOS/rtos_fifo.o
                0x0000000008000538                FIFO_enqueue
 .text.FIFO_dequeue
                0x00000000080005bc       0x82 MyRTOS/rtos_fifo.o
                0x00000000080005bc                FIFO_dequeue
 *fill*         0x000000000800063e        0x2 
 .text.Update_Waiting_Time
                0x0000000008000640       0x88 MyRTOS/scheduler.o
                0x0000000008000640                Update_Waiting_Time
 .text.SysTick_ISR
                0x00000000080006c8       0x34 MyRTOS/scheduler.o
                0x00000000080006c8                SysTick_ISR
 .text.PendSV_ContextSwitch
                0x00000000080006fc      0x1c0 MyRTOS/scheduler.o
                0x00000000080006fc                PendSV_ContextSwitch
 .text.Dispatch_Next_Task
                0x00000000080008bc       0xdc MyRTOS/scheduler.o
                0x00000000080008bc                Dispatch_Next_Task
 .text.SVC_services
                0x0000000008000998       0x78 MyRTOS/scheduler.o
                0x0000000008000998                SVC_services
 .text.Set_MSP  0x0000000008000a10       0x3c MyRTOS/scheduler.o
                0x0000000008000a10                Set_MSP
 .text.IDLE_Task
                0x0000000008000a4c       0x1c MyRTOS/scheduler.o
                0x0000000008000a4c                IDLE_Task
 .text.Create_Task_Stack
                0x0000000008000a68       0x7c MyRTOS/scheduler.o
                0x0000000008000a68                Create_Task_Stack
 .text.Update_Scheduler
                0x0000000008000ae4       0xcc MyRTOS/scheduler.o
                0x0000000008000ae4                Update_Scheduler
 .text.Bubble_Sort
                0x0000000008000bb0       0x94 MyRTOS/scheduler.o
                0x0000000008000bb0                Bubble_Sort
 .text.MYRTOS_Init
                0x0000000008000c44       0x70 MyRTOS/scheduler.o
                0x0000000008000c44                MYRTOS_Init
 .text.MYRTOS_StartRTOS
                0x0000000008000cb4       0x68 MyRTOS/scheduler.o
                0x0000000008000cb4                MYRTOS_StartRTOS
 .text.MYRTOS_CreateTask
                0x0000000008000d1c       0x64 MyRTOS/scheduler.o
                0x0000000008000d1c                MYRTOS_CreateTask
 .text.MYRTOS_ActivateTask
                0x0000000008000d80       0x1e MyRTOS/scheduler.o
                0x0000000008000d80                MYRTOS_ActivateTask
 .text.MYRTOS_TerminateTask
                0x0000000008000d9e       0x22 MyRTOS/scheduler.o
                0x0000000008000d9e                MYRTOS_TerminateTask
 .text.MYRTOS_AcquireMutex
                0x0000000008000dc0       0x5e MyRTOS/scheduler.o
                0x0000000008000dc0                MYRTOS_AcquireMutex
 .text.MYRTOS_ReleaseMutex
                0x0000000008000e1e       0x3a MyRTOS/scheduler.o
                0x0000000008000e1e                MYRTOS_ReleaseMutex
 .text.Task4_Fun
                0x0000000008000e58       0x5c Src/main.o
                0x0000000008000e58                Task4_Fun
 .text.Task3_Fun
                0x0000000008000eb4       0x50 Src/main.o
                0x0000000008000eb4                Task3_Fun
 .text.Task2_Fun
                0x0000000008000f04       0x50 Src/main.o
                0x0000000008000f04                Task2_Fun
 .text.Task1_Fun
                0x0000000008000f54       0x5c Src/main.o
                0x0000000008000f54                Task1_Fun
 .text.System_Init
                0x0000000008000fb0      0x154 Src/main.o
                0x0000000008000fb0                System_Init
 .text.main     0x0000000008001104        0xa Src/main.o
                0x0000000008001104                main
 *fill*         0x000000000800110e        0x2 
 .text.Reset_Handler
                0x0000000008001110       0x50 Startup/startup_stm32f103c8tx.o
                0x0000000008001110                Reset_Handler
 .text.Default_Handler
                0x0000000008001160        0x2 Startup/startup_stm32f103c8tx.o
                0x0000000008001160                TIM8_TRG_COM_IRQHandler
                0x0000000008001160                TIM8_CC_IRQHandler
                0x0000000008001160                DebugMon_Handler
                0x0000000008001160                TIM1_CC_IRQHandler
                0x0000000008001160                TIM6_IRQHandler
                0x0000000008001160                PVD_IRQHandler
                0x0000000008001160                SDIO_IRQHandler
                0x0000000008001160                NMI_Handler
                0x0000000008001160                USB_HP_CAN_TX_IRQHandler
                0x0000000008001160                I2C2_EV_IRQHandler
                0x0000000008001160                ADC1_2_IRQHandler
                0x0000000008001160                SPI1_IRQHandler
                0x0000000008001160                CAN_SCE_IRQHandler
                0x0000000008001160                TAMPER_IRQHandler
                0x0000000008001160                TIM8_UP_IRQHandler
                0x0000000008001160                DMA2_Channel2_IRQHandler
                0x0000000008001160                DMA1_Channel4_IRQHandler
                0x0000000008001160                USART3_IRQHandler
                0x0000000008001160                RTC_IRQHandler
                0x0000000008001160                DMA1_Channel7_IRQHandler
                0x0000000008001160                UART5_IRQHandler
                0x0000000008001160                ADC3_IRQHandler
                0x0000000008001160                TIM4_IRQHandler
                0x0000000008001160                CAN_RX1_IRQHandler
                0x0000000008001160                DMA2_Channel1_IRQHandler
                0x0000000008001160                I2C1_EV_IRQHandler
                0x0000000008001160                DMA1_Channel6_IRQHandler
                0x0000000008001160                UART4_IRQHandler
                0x0000000008001160                TIM3_IRQHandler
                0x0000000008001160                RCC_IRQHandler
                0x0000000008001160                TIM1_TRG_COM_IRQHandler
                0x0000000008001160                DMA1_Channel1_IRQHandler
                0x0000000008001160                Default_Handler
                0x0000000008001160                TIM7_IRQHandler
                0x0000000008001160                TIM5_IRQHandler
                0x0000000008001160                SPI2_IRQHandler
                0x0000000008001160                USB_LP_CAN_RX0_IRQHandler
                0x0000000008001160                DMA1_Channel5_IRQHandler
                0x0000000008001160                DMA1_Channel3_IRQHandler
                0x0000000008001160                FSMC_IRQHandler
                0x0000000008001160                TIM1_UP_IRQHandler
                0x0000000008001160                WWDG_IRQHandler
                0x0000000008001160                TIM2_IRQHandler
                0x0000000008001160                TIM1_BRK_IRQHandler
                0x0000000008001160                RTCAlarm_IRQHandler
                0x0000000008001160                DMA2_Channel4_5_IRQHandler
                0x0000000008001160                USART2_IRQHandler
                0x0000000008001160                I2C2_ER_IRQHandler
                0x0000000008001160                DMA1_Channel2_IRQHandler
                0x0000000008001160                TIM8_BRK_IRQHandler
                0x0000000008001160                FLASH_IRQHandler
                0x0000000008001160                USART1_IRQHandler
                0x0000000008001160                SPI3_IRQHandler
                0x0000000008001160                I2C1_ER_IRQHandler
                0x0000000008001160                DMA2_Channel3_IRQHandler
 *fill*         0x0000000008001162        0x2 
 .text.__libc_init_array
                0x0000000008001164       0x48 c:/st/stm32cubeide_1.4.0/stm32cubeide/plugins/com.st.stm32cube.ide.mcu.externaltools.gnu-tools-for-stm32.7-2018-q2-update.win32_1.4.0.202007081208/tools/bin/../lib/gcc/arm-none-eabi/7.3.1/../../../../arm-none-eabi/lib/thumb/v7-m\libc_nano.a(lib_a-init.o)
                0x0000000008001164                __libc_init_array
 *(.glue_7)
 .glue_7        0x00000000080011ac        0x0 linker stubs
 *(.glue_7t)
 .glue_7t       0x00000000080011ac        0x0 linker stubs
 *(.eh_frame)
 .eh_frame      0x00000000080011ac        0x0 c:/st/stm32cubeide_1.4.0/stm32cubeide/plugins/com.st.stm32cube.ide.mcu.externaltools.gnu-tools-for-stm32.7-2018-q2-update.win32_1.4.0.202007081208/tools/bin/../lib/gcc/arm-none-eabi/7.3.1/thumb/v7-m/crtbegin.o
 *(.init)
 .init          0x00000000080011ac        0x4 c:/st/stm32cubeide_1.4.0/stm32cubeide/plugins/com.st.stm32cube.ide.mcu.externaltools.gnu-tools-for-stm32.7-2018-q2-update.win32_1.4.0.202007081208/tools/bin/../lib/gcc/arm-none-eabi/7.3.1/thumb/v7-m/crti.o
                0x00000000080011ac                _init
 .init          0x00000000080011b0        0x8 c:/st/stm32cubeide_1.4.0/stm32cubeide/plugins/com.st.stm32cube.ide.mcu.externaltools.gnu-tools-for-stm32.7-2018-q2-update.win32_1.4.0.202007081208/tools/bin/../lib/gcc/arm-none-eabi/7.3.1/thumb/v7-m/crtn.o
 *(.fini)
 .fini          0x00000000080011b8        0x4 c:/st/stm32cubeide_1.4.0/stm32cubeide/plugins/com.st.stm32cube.ide.mcu.externaltools.gnu-tools-for-stm32.7-2018-q2-update.win32_1.4.0.202007081208/tools/bin/../lib/gcc/arm-none-eabi/7.3.1/thumb/v7-m/crti.o
                0x00000000080011b8                _fini
 .fini          0x00000000080011bc        0x8 c:/st/stm32cubeide_1.4.0/stm32cubeide/plugins/com.st.stm32cube.ide.mcu.externaltools.gnu-tools-for-stm32.7-2018-q2-update.win32_1.4.0.202007081208/tools/bin/../lib/gcc/arm-none-eabi/7.3.1/thumb/v7-m/crtn.o
                0x00000000080011c4                . = ALIGN (0x4)
                0x00000000080011c4                _etext = .

.vfp11_veneer   0x00000000080011c4        0x0
 .vfp11_veneer  0x00000000080011c4        0x0 linker stubs

.v4_bx          0x00000000080011c4        0x0
 .v4_bx         0x00000000080011c4        0x0 linker stubs

.iplt           0x00000000080011c4        0x0
 .iplt          0x00000000080011c4        0x0 c:/st/stm32cubeide_1.4.0/stm32cubeide/plugins/com.st.stm32cube.ide.mcu.externaltools.gnu-tools-for-stm32.7-2018-q2-update.win32_1.4.0.202007081208/tools/bin/../lib/gcc/arm-none-eabi/7.3.1/thumb/v7-m/crtbegin.o

.rodata         0x00000000080011c4       0x3c
                0x00000000080011c4                . = ALIGN (0x4)
 *(.rodata)
 .rodata        0x00000000080011c4        0xa MyRTOS/scheduler.o
 *fill*         0x00000000080011ce        0x2 
 .rodata        0x00000000080011d0       0x2f Src/main.o
 *(.rodata*)
                0x0000000008001200                . = ALIGN (0x4)
 *fill*         0x00000000080011ff        0x1 

.rel.dyn        0x0000000008001200        0x0
 .rel.iplt      0x0000000008001200        0x0 c:/st/stm32cubeide_1.4.0/stm32cubeide/plugins/com.st.stm32cube.ide.mcu.externaltools.gnu-tools-for-stm32.7-2018-q2-update.win32_1.4.0.202007081208/tools/bin/../lib/gcc/arm-none-eabi/7.3.1/thumb/v7-m/crtbegin.o

.ARM.extab      0x0000000008001200        0x0
                0x0000000008001200                . = ALIGN (0x4)
 *(.ARM.extab* .gnu.linkonce.armextab.*)
                0x0000000008001200                . = ALIGN (0x4)

.ARM            0x0000000008001200        0x0
                0x0000000008001200                . = ALIGN (0x4)
                0x0000000008001200                __exidx_start = .
 *(.ARM.exidx*)
                0x0000000008001200                __exidx_end = .
                0x0000000008001200                . = ALIGN (0x4)

.preinit_array  0x0000000008001200        0x0
                0x0000000008001200                . = ALIGN (0x4)
                0x0000000008001200                PROVIDE (__preinit_array_start = .)
 *(.preinit_array*)
                0x0000000008001200                PROVIDE (__preinit_array_end = .)
                0x0000000008001200                . = ALIGN (0x4)

.init_array     0x0000000008001200        0x4
                0x0000000008001200                . = ALIGN (0x4)
                0x0000000008001200                PROVIDE (__init_array_start = .)
 *(SORT_BY_NAME(.init_array.*))
 *(.init_array*)
 .init_array    0x0000000008001200        0x4 c:/st/stm32cubeide_1.4.0/stm32cubeide/plugins/com.st.stm32cube.ide.mcu.externaltools.gnu-tools-for-stm32.7-2018-q2-update.win32_1.4.0.202007081208/tools/bin/../lib/gcc/arm-none-eabi/7.3.1/thumb/v7-m/crtbegin.o
                0x0000000008001204                PROVIDE (__init_array_end = .)
                0x0000000008001204                . = ALIGN (0x4)

.fini_array     0x0000000008001204        0x4
                0x0000000008001204                . = ALIGN (0x4)
                [!provide]                        PROVIDE (__fini_array_start = .)
 *(SORT_BY_NAME(.fini_array.*))
 *(.fini_array*)
 .fini_array    0x0000000008001204        0x4 c:/st/stm32cubeide_1.4.0/stm32cubeide/plugins/com.st.stm32cube.ide.mcu.externaltools.gnu-tools-for-stm32.7-2018-q2-update.win32_1.4.0.202007081208/tools/bin/../lib/gcc/arm-none-eabi/7.3.1/thumb/v7-m/crtbegin.o
                [!provide]                        PROVIDE (__fini_array_end = .)
                0x0000000008001208                . = ALIGN (0x4)
                0x0000000008001208                _sidata = LOADADDR (.data)

.data           0x0000000020000000        0x0 load address 0x0000000008001208
                0x0000000020000000                . = ALIGN (0x4)
                0x0000000020000000                _sdata = .
 *(.data)
 *(.data*)
                0x0000000020000000                . = ALIGN (0x4)
                0x0000000020000000                _edata = .

.igot.plt       0x0000000020000000        0x0 load address 0x0000000008001208
 .igot.plt      0x0000000020000000        0x0 c:/st/stm32cubeide_1.4.0/stm32cubeide/plugins/com.st.stm32cube.ide.mcu.externaltools.gnu-tools-for-stm32.7-2018-q2-update.win32_1.4.0.202007081208/tools/bin/../lib/gcc/arm-none-eabi/7.3.1/thumb/v7-m/crtbegin.o
                0x0000000020000000                . = ALIGN (0x4)

.bss            0x0000000020000000      0x580 load address 0x0000000008001208
                0x0000000020000000                _sbss = .
                0x0000000020000000                __bss_start__ = _sbss
 *(.bss)
 .bss           0x0000000020000000       0x1c c:/st/stm32cubeide_1.4.0/stm32cubeide/plugins/com.st.stm32cube.ide.mcu.externaltools.gnu-tools-for-stm32.7-2018-q2-update.win32_1.4.0.202007081208/tools/bin/../lib/gcc/arm-none-eabi/7.3.1/thumb/v7-m/crtbegin.o
 *(.bss*)
 .bss.MYRTOS_TCB
                0x000000002000001c      0x1ac MyRTOS/scheduler.o
 .bss.Paylpad1  0x00000000200001c8        0x4 Src/main.o
                0x00000000200001c8                Paylpad1
 .bss.Paylpad2  0x00000000200001cc        0x4 Src/main.o
                0x00000000200001cc                Paylpad2
 .bss.count.6538
                0x00000000200001d0        0x4 Src/main.o
 .bss.count.6543
                0x00000000200001d4        0x4 Src/main.o
 .bss.count.6548
                0x00000000200001d8        0x4 Src/main.o
 .bss.count.6553
                0x00000000200001dc        0x4 Src/main.o
 *(COMMON)
 COMMON         0x00000000200001e0       0x3c Drivers/MCAL/EXTI/stm32f103c8_exti_driver.o
                0x00000000200001e0                gp_EXTI_ISR_CallBack
 COMMON         0x000000002000021c      0x1e9 MyRTOS/scheduler.o
                0x000000002000021c                Ready_Queue
                0x000000002000022c                Ready_Queue_Buff
                0x00000000200003bc                IdleTask_Led
                0x00000000200003c0                idle_task
                0x0000000020000404                SysTick_Led
 *fill*         0x0000000020000405        0x3 
 COMMON         0x0000000020000408      0x178 Src/main.o
                0x0000000020000408                Mutex1
                0x0000000020000438                task4
                0x000000002000047c                task1
                0x00000000200004c0                task2
                0x0000000020000504                Task1_Led
                0x0000000020000505                Task3_Led
                0x0000000020000508                Mutex2
                0x0000000020000538                Task2_Led
                0x0000000020000539                Task4_Led
                0x000000002000053c                task3
                0x0000000020000580                . = ALIGN (0x4)
                0x0000000020000580                _ebss = .
                0x0000000020000580                __bss_end__ = _ebss

._user_heap_stack
                0x0000000020000580      0x600 load address 0x0000000008001208
                0x0000000020000580                . = ALIGN (0x8)
                [!provide]                        PROVIDE (end = .)
                0x0000000020000580                PROVIDE (_end = .)
                0x0000000020000780                . = (. + _Min_Heap_Size)
 *fill*         0x0000000020000580      0x200 
                0x0000000020000b80                . = (. + _Min_Stack_Size)
 *fill*         0x0000000020000780      0x400 
                0x0000000020000b80                . = ALIGN (0x8)

/DISCARD/
 libc.a(*)
 libm.a(*)
 libgcc.a(*)

.ARM.attributes
                0x0000000000000000       0x29
 *(.ARM.attributes)
 .ARM.attributes
                0x0000000000000000       0x1d c:/st/stm32cubeide_1.4.0/stm32cubeide/plugins/com.st.stm32cube.ide.mcu.externaltools.gnu-tools-for-stm32.7-2018-q2-update.win32_1.4.0.202007081208/tools/bin/../lib/gcc/arm-none-eabi/7.3.1/thumb/v7-m/crti.o
 .ARM.attributes
                0x000000000000001d       0x2d c:/st/stm32cubeide_1.4.0/stm32cubeide/plugins/com.st.stm32cube.ide.mcu.externaltools.gnu-tools-for-stm32.7-2018-q2-update.win32_1.4.0.202007081208/tools/bin/../lib/gcc/arm-none-eabi/7.3.1/thumb/v7-m/crtbegin.o
 .ARM.attributes
                0x000000000000004a       0x33 Drivers/MCAL/EXTI/stm32f103c8_exti_driver.o
 .ARM.attributes
                0x000000000000007d       0x33 Drivers/MCAL/RCC/stm32f103c8_rcc_driver.o
 .ARM.attributes
                0x00000000000000b0       0x33 MyRTOS/cortex_mx_os_porting.o
 .ARM.attributes
                0x00000000000000e3       0x33 MyRTOS/rtos_fifo.o
 .ARM.attributes
                0x0000000000000116       0x33 MyRTOS/scheduler.o
 .ARM.attributes
                0x0000000000000149       0x33 Src/main.o
 .ARM.attributes
                0x000000000000017c       0x21 Startup/startup_stm32f103c8tx.o
 .ARM.attributes
                0x000000000000019d       0x2d c:/st/stm32cubeide_1.4.0/stm32cubeide/plugins/com.st.stm32cube.ide.mcu.externaltools.gnu-tools-for-stm32.7-2018-q2-update.win32_1.4.0.202007081208/tools/bin/../lib/gcc/arm-none-eabi/7.3.1/../../../../arm-none-eabi/lib/thumb/v7-m\libc_nano.a(lib_a-init.o)
 .ARM.attributes
                0x00000000000001ca       0x1b c:/st/stm32cubeide_1.4.0/stm32cubeide/plugins/com.st.stm32cube.ide.mcu.externaltools.gnu-tools-for-stm32.7-2018-q2-update.win32_1.4.0.202007081208/tools/bin/../lib/gcc/arm-none-eabi/7.3.1/../../../../arm-none-eabi/lib/thumb/v7-m\libc_nano.a(lib_a-strcmp.o)
 .ARM.attributes
                0x00000000000001e5       0x1d c:/st/stm32cubeide_1.4.0/stm32cubeide/plugins/com.st.stm32cube.ide.mcu.externaltools.gnu-tools-for-stm32.7-2018-q2-update.win32_1.4.0.202007081208/tools/bin/../lib/gcc/arm-none-eabi/7.3.1/thumb/v7-m/crtn.o
OUTPUT(MyOwnRTOS.axf elf32-littlearm)

.debug_info     0x0000000000000000     0x4b75
 .debug_info    0x0000000000000000      0xda2 Drivers/MCAL/EXTI/stm32f103c8_exti_driver.o
 .debug_info    0x0000000000000da2      0xb01 Drivers/MCAL/RCC/stm32f103c8_rcc_driver.o
 .debug_info    0x00000000000018a3      0xf15 MyRTOS/cortex_mx_os_porting.o
 .debug_info    0x00000000000027b8      0x3a3 MyRTOS/rtos_fifo.o
 .debug_info    0x0000000000002b5b     0x12a5 MyRTOS/scheduler.o
 .debug_info    0x0000000000003e00      0xd53 Src/main.o
 .debug_info    0x0000000000004b53       0x22 Startup/startup_stm32f103c8tx.o

.debug_abbrev   0x0000000000000000      0xbbd
 .debug_abbrev  0x0000000000000000      0x22d Drivers/MCAL/EXTI/stm32f103c8_exti_driver.o
 .debug_abbrev  0x000000000000022d      0x197 Drivers/MCAL/RCC/stm32f103c8_rcc_driver.o
 .debug_abbrev  0x00000000000003c4      0x225 MyRTOS/cortex_mx_os_porting.o
 .debug_abbrev  0x00000000000005e9      0x102 MyRTOS/rtos_fifo.o
 .debug_abbrev  0x00000000000006eb      0x2cc MyRTOS/scheduler.o
 .debug_abbrev  0x00000000000009b7      0x1f4 Src/main.o
 .debug_abbrev  0x0000000000000bab       0x12 Startup/startup_stm32f103c8tx.o

.debug_loc      0x0000000000000000      0xd94
 .debug_loc     0x0000000000000000      0x320 Drivers/MCAL/EXTI/stm32f103c8_exti_driver.o
 .debug_loc     0x0000000000000320      0x158 Drivers/MCAL/RCC/stm32f103c8_rcc_driver.o
 .debug_loc     0x0000000000000478      0x1b4 MyRTOS/cortex_mx_os_porting.o
 .debug_loc     0x000000000000062c      0x170 MyRTOS/rtos_fifo.o
 .debug_loc     0x000000000000079c      0x4f0 MyRTOS/scheduler.o
 .debug_loc     0x0000000000000c8c      0x108 Src/main.o

.debug_aranges  0x0000000000000000      0x278
 .debug_aranges
                0x0000000000000000       0x80 Drivers/MCAL/EXTI/stm32f103c8_exti_driver.o
 .debug_aranges
                0x0000000000000080       0x38 Drivers/MCAL/RCC/stm32f103c8_rcc_driver.o
 .debug_aranges
                0x00000000000000b8       0x70 MyRTOS/cortex_mx_os_porting.o
 .debug_aranges
                0x0000000000000128       0x38 MyRTOS/rtos_fifo.o
 .debug_aranges
                0x0000000000000160       0xa8 MyRTOS/scheduler.o
 .debug_aranges
                0x0000000000000208       0x48 Src/main.o
 .debug_aranges
                0x0000000000000250       0x28 Startup/startup_stm32f103c8tx.o

.debug_ranges   0x0000000000000000      0x210
 .debug_ranges  0x0000000000000000       0x70 Drivers/MCAL/EXTI/stm32f103c8_exti_driver.o
 .debug_ranges  0x0000000000000070       0x28 Drivers/MCAL/RCC/stm32f103c8_rcc_driver.o
 .debug_ranges  0x0000000000000098       0x60 MyRTOS/cortex_mx_os_porting.o
 .debug_ranges  0x00000000000000f8       0x28 MyRTOS/rtos_fifo.o
 .debug_ranges  0x0000000000000120       0x98 MyRTOS/scheduler.o
 .debug_ranges  0x00000000000001b8       0x38 Src/main.o
 .debug_ranges  0x00000000000001f0       0x20 Startup/startup_stm32f103c8tx.o

.debug_macro    0x0000000000000000     0x3092
 .debug_macro   0x0000000000000000      0x135 Drivers/MCAL/EXTI/stm32f103c8_exti_driver.o
 .debug_macro   0x0000000000000135      0x231 Drivers/MCAL/EXTI/stm32f103c8_exti_driver.o
 .debug_macro   0x0000000000000366      0x12a Drivers/MCAL/RCC/stm32f103c8_rcc_driver.o
 .debug_macro   0x0000000000000490      0x1e9 Drivers/MCAL/RCC/stm32f103c8_rcc_driver.o
 .debug_macro   0x0000000000000679      0x1c2 MyRTOS/cortex_mx_os_porting.o
 .debug_macro   0x000000000000083b       0x28 MyRTOS/cortex_mx_os_porting.o
 .debug_macro   0x0000000000000863       0x8e MyRTOS/cortex_mx_os_porting.o
 .debug_macro   0x00000000000008f1       0x51 MyRTOS/cortex_mx_os_porting.o
 .debug_macro   0x0000000000000942       0xef MyRTOS/cortex_mx_os_porting.o
 .debug_macro   0x0000000000000a31       0x6a MyRTOS/cortex_mx_os_porting.o
 .debug_macro   0x0000000000000a9b      0x1df MyRTOS/cortex_mx_os_porting.o
 .debug_macro   0x0000000000000c7a       0x1c MyRTOS/cortex_mx_os_porting.o
 .debug_macro   0x0000000000000c96       0x22 MyRTOS/cortex_mx_os_porting.o
 .debug_macro   0x0000000000000cb8       0xe5 MyRTOS/cortex_mx_os_porting.o
 .debug_macro   0x0000000000000d9d      0xe2e MyRTOS/cortex_mx_os_porting.o
 .debug_macro   0x0000000000001bcb      0x11f MyRTOS/cortex_mx_os_porting.o
 .debug_macro   0x0000000000001cea       0x40 MyRTOS/cortex_mx_os_porting.o
 .debug_macro   0x0000000000001d2a       0x46 MyRTOS/cortex_mx_os_porting.o
 .debug_macro   0x0000000000001d70      0x32a MyRTOS/cortex_mx_os_porting.o
 .debug_macro   0x000000000000209a       0xf6 MyRTOS/rtos_fifo.o
 .debug_macro   0x0000000000002190       0x10 MyRTOS/rtos_fifo.o
 .debug_macro   0x00000000000021a0      0x1ba MyRTOS/scheduler.o
 .debug_macro   0x000000000000235a      0x174 MyRTOS/scheduler.o
 .debug_macro   0x00000000000024ce       0x10 MyRTOS/scheduler.o
 .debug_macro   0x00000000000024de       0x35 MyRTOS/scheduler.o
 .debug_macro   0x0000000000002513       0x20 MyRTOS/scheduler.o
 .debug_macro   0x0000000000002533       0xdf MyRTOS/scheduler.o
 .debug_macro   0x0000000000002612      0x2e0 Src/main.o
 .debug_macro   0x00000000000028f2       0x16 Src/main.o
 .debug_macro   0x0000000000002908       0x97 Src/main.o
 .debug_macro   0x000000000000299f       0xfd Src/main.o
 .debug_macro   0x0000000000002a9c       0x10 Src/main.o
 .debug_macro   0x0000000000002aac       0x10 Src/main.o
 .debug_macro   0x0000000000002abc       0x1c Src/main.o
 .debug_macro   0x0000000000002ad8       0x52 Src/main.o
 .debug_macro   0x0000000000002b2a       0x40 Src/main.o
 .debug_macro   0x0000000000002b6a       0x10 Src/main.o
 .debug_macro   0x0000000000002b7a       0x40 Src/main.o
 .debug_macro   0x0000000000002bba       0xd7 Src/main.o
 .debug_macro   0x0000000000002c91       0x1c Src/main.o
 .debug_macro   0x0000000000002cad       0x3d Src/main.o
 .debug_macro   0x0000000000002cea       0x16 Src/main.o
 .debug_macro   0x0000000000002d00      0x145 Src/main.o
 .debug_macro   0x0000000000002e45       0x16 Src/main.o
 .debug_macro   0x0000000000002e5b      0x237 Src/main.o

.debug_line     0x0000000000000000     0x2a4f
 .debug_line    0x0000000000000000      0x6f2 Drivers/MCAL/EXTI/stm32f103c8_exti_driver.o
 .debug_line    0x00000000000006f2      0x59b Drivers/MCAL/RCC/stm32f103c8_rcc_driver.o
 .debug_line    0x0000000000000c8d      0x733 MyRTOS/cortex_mx_os_porting.o
 .debug_line    0x00000000000013c0      0x55c MyRTOS/rtos_fifo.o
 .debug_line    0x000000000000191c      0x89a MyRTOS/scheduler.o
 .debug_line    0x00000000000021b6      0x815 Src/main.o
 .debug_line    0x00000000000029cb       0x84 Startup/startup_stm32f103c8tx.o

.debug_str      0x0000000000000000    0x11971
 .debug_str     0x0000000000000000     0x84bd Drivers/MCAL/EXTI/stm32f103c8_exti_driver.o
                                       0x8677 (size before relaxing)
 .debug_str     0x00000000000084bd      0x868 Drivers/MCAL/RCC/stm32f103c8_rcc_driver.o
                                       0x77be (size before relaxing)
 .debug_str     0x0000000000008d25     0x73ab MyRTOS/cortex_mx_os_porting.o
                                       0xeb97 (size before relaxing)
 .debug_str     0x00000000000100d0      0x20b MyRTOS/rtos_fifo.o
                                       0xa4c0 (size before relaxing)
 .debug_str     0x00000000000102db      0x3fa MyRTOS/scheduler.o
                                       0xdb2b (size before relaxing)
 .debug_str     0x00000000000106d5     0x126b Src/main.o
                                      0x1114c (size before relaxing)
 .debug_str     0x0000000000011940       0x31 Startup/startup_stm32f103c8tx.o
                                         0x65 (size before relaxing)

.comment        0x0000000000000000       0x7b
 .comment       0x0000000000000000       0x7b Drivers/MCAL/EXTI/stm32f103c8_exti_driver.o
                                         0x7c (size before relaxing)
 .comment       0x000000000000007b       0x7c Drivers/MCAL/RCC/stm32f103c8_rcc_driver.o
 .comment       0x000000000000007b       0x7c MyRTOS/cortex_mx_os_porting.o
 .comment       0x000000000000007b       0x7c MyRTOS/rtos_fifo.o
 .comment       0x000000000000007b       0x7c MyRTOS/scheduler.o
 .comment       0x000000000000007b       0x7c Src/main.o

.debug_frame    0x0000000000000000      0x7a4
 .debug_frame   0x0000000000000000      0x1b0 Drivers/MCAL/EXTI/stm32f103c8_exti_driver.o
 .debug_frame   0x00000000000001b0       0xa8 Drivers/MCAL/RCC/stm32f103c8_rcc_driver.o
 .debug_frame   0x0000000000000258      0x124 MyRTOS/cortex_mx_os_porting.o
 .debug_frame   0x000000000000037c       0xb0 MyRTOS/rtos_fifo.o
 .debug_frame   0x000000000000042c      0x274 MyRTOS/scheduler.o
 .debug_frame   0x00000000000006a0       0xb8 Src/main.o
 .debug_frame   0x0000000000000758       0x2c c:/st/stm32cubeide_1.4.0/stm32cubeide/plugins/com.st.stm32cube.ide.mcu.externaltools.gnu-tools-for-stm32.7-2018-q2-update.win32_1.4.0.202007081208/tools/bin/../lib/gcc/arm-none-eabi/7.3.1/../../../../arm-none-eabi/lib/thumb/v7-m\libc_nano.a(lib_a-init.o)
 .debug_frame   0x0000000000000784       0x20 c:/st/stm32cubeide_1.4.0/stm32cubeide/plugins/com.st.stm32cube.ide.mcu.externaltools.gnu-tools-for-stm32.7-2018-q2-update.win32_1.4.0.202007081208/tools/bin/../lib/gcc/arm-none-eabi/7.3.1/../../../../arm-none-eabi/lib/thumb/v7-m\libc_nano.a(lib_a-strcmp.o)
