19:06:20 **** Build of configuration Debug for project MyOwnRTOS ****
make -j4 all 
arm-none-eabi-gcc -gdwarf-2 -mcpu=cortex-m3 -g3 -c -x assembler-with-cpp -MMD -MP -MF"Startup/startup_stm32f103c8tx.d" -MT"Startup/startup_stm32f103c8tx.o" --specs=nano.specs -mfloat-abi=soft -mthumb -o "Startup/startup_stm32f103c8tx.o" "../Startup/startup_stm32f103c8tx.s"
arm-none-eabi-gcc -gdwarf-2 "../Src/main.c" -mcpu=cortex-m3 -std=gnu11 -g3 -DSTM32 -DSTM32F1 -DSTM32F103C8Tx -DDEBUG -c -I../Inc -I"C:/Users/abdullah/Desktop/MyOwnRTOS/MyOwnRTOS/Drivers/inc" -I"C:/Users/abdullah/Desktop/MyOwnRTOS/MyOwnRTOS/CMSIS" -O0 -ffunction-sections -fdata-sections -Wall -fstack-usage -MMD -MP -MF"Src/main.d" -MT"Src/main.o" --specs=nano.specs -mfloat-abi=soft -mthumb -o "Src/main.o"
arm-none-eabi-gcc -gdwarf-2 "../Src/syscalls.c" -mcpu=cortex-m3 -std=gnu11 -g3 -DSTM32 -DSTM32F1 -DSTM32F103C8Tx -DDEBUG -c -I../Inc -I"C:/Users/abdullah/Desktop/MyOwnRTOS/MyOwnRTOS/Drivers/inc" -I"C:/Users/abdullah/Desktop/MyOwnRTOS/MyOwnRTOS/CMSIS" -O0 -ffunction-sections -fdata-sections -Wall -fstack-usage -MMD -MP -MF"Src/syscalls.d" -MT"Src/syscalls.o" --specs=nano.specs -mfloat-abi=soft -mthumb -o "Src/syscalls.o"
arm-none-eabi-gcc -gdwarf-2 "../Src/sysmem.c" -mcpu=cortex-m3 -std=gnu11 -g3 -DSTM32 -DSTM32F1 -DSTM32F103C8Tx -DDEBUG -c -I../Inc -I"C:/Users/abdullah/Desktop/MyOwnRTOS/MyOwnRTOS/Drivers/inc" -I"C:/Users/abdullah/Desktop/MyOwnRTOS/MyOwnRTOS/CMSIS" -O0 -ffunction-sections -fdata-sections -Wall -fstack-usage -MMD -MP -MF"Src/sysmem.d" -MT"Src/sysmem.o" --specs=nano.specs -mfloat-abi=soft -mthumb -o "Src/sysmem.o"
arm-none-eabi-gcc -gdwarf-2 "../Drivers/MCAL/USART/stm32f103c8_usart_driver.c" -mcpu=cortex-m3 -std=gnu11 -g3 -DSTM32 -DSTM32F1 -DSTM32F103C8Tx -DDEBUG -c -I../Inc -I"C:/Users/abdullah/Desktop/MyOwnRTOS/MyOwnRTOS/Drivers/inc" -I"C:/Users/abdullah/Desktop/MyOwnRTOS/MyOwnRTOS/CMSIS" -O0 -ffunction-sections -fdata-sections -Wall -fstack-usage -MMD -MP -MF"Drivers/MCAL/USART/stm32f103c8_usart_driver.d" -MT"Drivers/MCAL/USART/stm32f103c8_usart_driver.o" --specs=nano.specs -mfloat-abi=soft -mthumb -o "Drivers/MCAL/USART/stm32f103c8_usart_driver.o"
arm-none-eabi-gcc -gdwarf-2 "../Drivers/MCAL/RCC/stm32f103c8_rcc_driver.c" -mcpu=cortex-m3 -std=gnu11 -g3 -DSTM32 -DSTM32F1 -DSTM32F103C8Tx -DDEBUG -c -I../Inc -I"C:/Users/abdullah/Desktop/MyOwnRTOS/MyOwnRTOS/Drivers/inc" -I"C:/Users/abdullah/Desktop/MyOwnRTOS/MyOwnRTOS/CMSIS" -O0 -ffunction-sections -fdata-sections -Wall -fstack-usage -MMD -MP -MF"Drivers/MCAL/RCC/stm32f103c8_rcc_driver.d" -MT"Drivers/MCAL/RCC/stm32f103c8_rcc_driver.o" --specs=nano.specs -mfloat-abi=soft -mthumb -o "Drivers/MCAL/RCC/stm32f103c8_rcc_driver.o"
arm-none-eabi-gcc -gdwarf-2 "../Drivers/MCAL/GPIO/stm32f103c8_gpio_driver.c" -mcpu=cortex-m3 -std=gnu11 -g3 -DSTM32 -DSTM32F1 -DSTM32F103C8Tx -DDEBUG -c -I../Inc -I"C:/Users/abdullah/Desktop/MyOwnRTOS/MyOwnRTOS/Drivers/inc" -I"C:/Users/abdullah/Desktop/MyOwnRTOS/MyOwnRTOS/CMSIS" -O0 -ffunction-sections -fdata-sections -Wall -fstack-usage -MMD -MP -MF"Drivers/MCAL/GPIO/stm32f103c8_gpio_driver.d" -MT"Drivers/MCAL/GPIO/stm32f103c8_gpio_driver.o" --specs=nano.specs -mfloat-abi=soft -mthumb -o "Drivers/MCAL/GPIO/stm32f103c8_gpio_driver.o"
arm-none-eabi-gcc -gdwarf-2 "../Drivers/MCAL/EXTI/stm32f103c8_exti_driver.c" -mcpu=cortex-m3 -std=gnu11 -g3 -DSTM32 -DSTM32F1 -DSTM32F103C8Tx -DDEBUG -c -I../Inc -I"C:/Users/abdullah/Desktop/MyOwnRTOS/MyOwnRTOS/Drivers/inc" -I"C:/Users/abdullah/Desktop/MyOwnRTOS/MyOwnRTOS/CMSIS" -O0 -ffunction-sections -fdata-sections -Wall -fstack-usage -MMD -MP -MF"Drivers/MCAL/EXTI/stm32f103c8_exti_driver.d" -MT"Drivers/MCAL/EXTI/stm32f103c8_exti_driver.o" --specs=nano.specs -mfloat-abi=soft -mthumb -o "Drivers/MCAL/EXTI/stm32f103c8_exti_driver.o"
arm-none-eabi-gcc -gdwarf-2 "../Drivers/HAL/LCD/lcd.c" -mcpu=cortex-m3 -std=gnu11 -g3 -DSTM32 -DSTM32F1 -DSTM32F103C8Tx -DDEBUG -c -I../Inc -I"C:/Users/abdullah/Desktop/MyOwnRTOS/MyOwnRTOS/Drivers/inc" -I"C:/Users/abdullah/Desktop/MyOwnRTOS/MyOwnRTOS/CMSIS" -O0 -ffunction-sections -fdata-sections -Wall -fstack-usage -MMD -MP -MF"Drivers/HAL/LCD/lcd.d" -MT"Drivers/HAL/LCD/lcd.o" --specs=nano.specs -mfloat-abi=soft -mthumb -o "Drivers/HAL/LCD/lcd.o"
arm-none-eabi-gcc -gdwarf-2 "../Drivers/HAL/Keypad/keypad.c" -mcpu=cortex-m3 -std=gnu11 -g3 -DSTM32 -DSTM32F1 -DSTM32F103C8Tx -DDEBUG -c -I../Inc -I"C:/Users/abdullah/Desktop/MyOwnRTOS/MyOwnRTOS/Drivers/inc" -I"C:/Users/abdullah/Desktop/MyOwnRTOS/MyOwnRTOS/CMSIS" -O0 -ffunction-sections -fdata-sections -Wall -fstack-usage -MMD -MP -MF"Drivers/HAL/Keypad/keypad.d" -MT"Drivers/HAL/Keypad/keypad.o" --specs=nano.specs -mfloat-abi=soft -mthumb -o "Drivers/HAL/Keypad/keypad.o"
arm-none-eabi-gcc -gdwarf-2 -o "MyOwnRTOS.axf" @"objects.list"   -mcpu=cortex-m3 -T"C:\Users\abdullah\Desktop\MyOwnRTOS\MyOwnRTOS\STM32F103C8TX_FLASH.ld" --specs=nosys.specs -Wl,-Map="MyOwnRTOS.map" -Wl,--gc-sections -static --specs=nano.specs -mfloat-abi=soft -mthumb -Wl,--start-group -lc -lm -Wl,--end-group
Finished building target: MyOwnRTOS.axf
 
arm-none-eabi-size   MyOwnRTOS.axf 
arm-none-eabi-objdump -h -S  MyOwnRTOS.axf  > "MyOwnRTOS.list"
arm-none-eabi-objcopy  -O binary  MyOwnRTOS.axf  "MyOwnRTOS.bin"
   text	   data	    bss	    dec	    hex	filename
   3384	     12	   1652	   5048	   13b8	MyOwnRTOS.axf
Finished building: default.size.stdout
 
Finished building: MyOwnRTOS.bin
 
Finished building: MyOwnRTOS.list
 
19:16:29 **** Incremental Build of configuration Debug for project MyOwnRTOS ****
make -j4 all 
arm-none-eabi-gcc -gdwarf-2 "../Src/main.c" -mcpu=cortex-m3 -std=gnu11 -g3 -DSTM32 -DSTM32F1 -DSTM32F103C8Tx -DDEBUG -c -I../Inc -I"C:/Users/abdullah/Desktop/MyOwnRTOS/MyOwnRTOS/Drivers/inc" -I"C:/Users/abdullah/Desktop/MyOwnRTOS/MyOwnRTOS/CMSIS" -O0 -ffunction-sections -fdata-sections -Wall -fstack-usage -MMD -MP -MF"Src/main.d" -MT"Src/main.o" --specs=nano.specs -mfloat-abi=soft -mthumb -o "Src/main.o"
In file included from C:/Users/abdullah/Desktop/MyOwnRTOS/MyOwnRTOS/CMSIS/core_cm3.h:115:0,
                 from ../Src/main.c:21:
C:/Users/abdullah/Desktop/MyOwnRTOS/MyOwnRTOS/CMSIS/cmsis_compiler.h:54:12: fatal error: cmsis_gcc.h: No such file or directory
   #include "cmsis_gcc.h"
            ^~~~~~~~~~~~~
compilation terminated.
make: *** [Src/subdir.mk:24: Src/main.o] Error 1
"make -j4 all" terminated with exit code 2. Build might be incomplete.
19:17:07 **** Incremental Build of configuration Debug for project MyOwnRTOS ****
make -j4 all 
arm-none-eabi-gcc -gdwarf-2 "../Src/main.c" -mcpu=cortex-m3 -std=gnu11 -g3 -DSTM32 -DSTM32F1 -DSTM32F103C8Tx -DDEBUG -c -I../Inc -I"C:/Users/abdullah/Desktop/MyOwnRTOS/MyOwnRTOS/Drivers/inc" -I"C:/Users/abdullah/Desktop/MyOwnRTOS/MyOwnRTOS/CMSIS" -O0 -ffunction-sections -fdata-sections -Wall -fstack-usage -MMD -MP -MF"Src/main.d" -MT"Src/main.o" --specs=nano.specs -mfloat-abi=soft -mthumb -o "Src/main.o"
In file included from ../Src/main.c:21:0:
C:/Users/abdullah/Desktop/MyOwnRTOS/MyOwnRTOS/CMSIS/core_cm3.h:1508:39: error: unknown type name 'IRQn_Type'; did you mean 'ITM_Type'?
 __STATIC_INLINE void __NVIC_EnableIRQ(IRQn_Type IRQn)
                                       ^~~~~~~~~
                                       ITM_Type
C:/Users/abdullah/Desktop/MyOwnRTOS/MyOwnRTOS/CMSIS/core_cm3.h:1527:46: error: unknown type name 'IRQn_Type'; did you mean 'ITM_Type'?
 __STATIC_INLINE uint32_t __NVIC_GetEnableIRQ(IRQn_Type IRQn)
                                              ^~~~~~~~~
                                              ITM_Type
C:/Users/abdullah/Desktop/MyOwnRTOS/MyOwnRTOS/CMSIS/core_cm3.h:1546:40: error: unknown type name 'IRQn_Type'; did you mean 'ITM_Type'?
 __STATIC_INLINE void __NVIC_DisableIRQ(IRQn_Type IRQn)
                                        ^~~~~~~~~
                                        ITM_Type
C:/Users/abdullah/Desktop/MyOwnRTOS/MyOwnRTOS/CMSIS/core_cm3.h:1565:47: error: unknown type name 'IRQn_Type'; did you mean 'ITM_Type'?
 __STATIC_INLINE uint32_t __NVIC_GetPendingIRQ(IRQn_Type IRQn)
                                               ^~~~~~~~~
                                               ITM_Type
C:/Users/abdullah/Desktop/MyOwnRTOS/MyOwnRTOS/CMSIS/core_cm3.h:1584:43: error: unknown type name 'IRQn_Type'; did you mean 'ITM_Type'?
 __STATIC_INLINE void __NVIC_SetPendingIRQ(IRQn_Type IRQn)
                                           ^~~~~~~~~
                                           ITM_Type
C:/Users/abdullah/Desktop/MyOwnRTOS/MyOwnRTOS/CMSIS/core_cm3.h:1599:45: error: unknown type name 'IRQn_Type'; did you mean 'ITM_Type'?
 __STATIC_INLINE void __NVIC_ClearPendingIRQ(IRQn_Type IRQn)
                                             ^~~~~~~~~
                                             ITM_Type
C:/Users/abdullah/Desktop/MyOwnRTOS/MyOwnRTOS/CMSIS/core_cm3.h:1616:43: error: unknown type name 'IRQn_Type'; did you mean 'ITM_Type'?
 __STATIC_INLINE uint32_t __NVIC_GetActive(IRQn_Type IRQn)
                                           ^~~~~~~~~
                                           ITM_Type
C:/Users/abdullah/Desktop/MyOwnRTOS/MyOwnRTOS/CMSIS/core_cm3.h:1638:41: error: unknown type name 'IRQn_Type'; did you mean 'ITM_Type'?
 __STATIC_INLINE void __NVIC_SetPriority(IRQn_Type IRQn, uint32_t priority)
                                         ^~~~~~~~~
                                         ITM_Type
C:/Users/abdullah/Desktop/MyOwnRTOS/MyOwnRTOS/CMSIS/core_cm3.h:1660:45: error: unknown type name 'IRQn_Type'; did you mean 'ITM_Type'?
 __STATIC_INLINE uint32_t __NVIC_GetPriority(IRQn_Type IRQn)
                                             ^~~~~~~~~
                                             ITM_Type
C:/Users/abdullah/Desktop/MyOwnRTOS/MyOwnRTOS/CMSIS/core_cm3.h: In function 'NVIC_EncodePriority':
C:/Users/abdullah/Desktop/MyOwnRTOS/MyOwnRTOS/CMSIS/core_cm3.h:1691:64: error: '__NVIC_PRIO_BITS' undeclared (first use in this function)
   PreemptPriorityBits = ((7UL - PriorityGroupTmp) > (uint32_t)(__NVIC_PRIO_BITS)) ? (uint32_t)(__NVIC_PRIO_BITS) : (uint32_t)(7UL - PriorityGroupTmp);
                                                                ^~~~~~~~~~~~~~~~
C:/Users/abdullah/Desktop/MyOwnRTOS/MyOwnRTOS/CMSIS/core_cm3.h:1691:64: note: each undeclared identifier is reported only once for each function it appears in
C:/Users/abdullah/Desktop/MyOwnRTOS/MyOwnRTOS/CMSIS/core_cm3.h: In function 'NVIC_DecodePriority':
C:/Users/abdullah/Desktop/MyOwnRTOS/MyOwnRTOS/CMSIS/core_cm3.h:1718:64: error: '__NVIC_PRIO_BITS' undeclared (first use in this function)
   PreemptPriorityBits = ((7UL - PriorityGroupTmp) > (uint32_t)(__NVIC_PRIO_BITS)) ? (uint32_t)(__NVIC_PRIO_BITS) : (uint32_t)(7UL - PriorityGroupTmp);
                                                                ^~~~~~~~~~~~~~~~
C:/Users/abdullah/Desktop/MyOwnRTOS/MyOwnRTOS/CMSIS/core_cm3.h: At top level:
C:/Users/abdullah/Desktop/MyOwnRTOS/MyOwnRTOS/CMSIS/core_cm3.h:1735:39: error: unknown type name 'IRQn_Type'; did you mean 'ITM_Type'?
 __STATIC_INLINE void __NVIC_SetVector(IRQn_Type IRQn, uint32_t vector)
                                       ^~~~~~~~~
                                       ITM_Type
C:/Users/abdullah/Desktop/MyOwnRTOS/MyOwnRTOS/CMSIS/core_cm3.h:1751:43: error: unknown type name 'IRQn_Type'; did you mean 'ITM_Type'?
 __STATIC_INLINE uint32_t __NVIC_GetVector(IRQn_Type IRQn)
                                           ^~~~~~~~~
                                           ITM_Type
In file included from ../Src/main.c:23:0:
C:/Users/abdullah/Desktop/MyOwnRTOS/MyOwnRTOS/Drivers/inc/stm32f103c8.h:38:0: warning: "NVIC_BASE" redefined
 #define NVIC_BASE         0xE000E100UL
 
In file included from ../Src/main.c:21:0:
C:/Users/abdullah/Desktop/MyOwnRTOS/MyOwnRTOS/CMSIS/core_cm3.h:1386:0: note: this is the location of the previous definition
 #define NVIC_BASE           (SCS_BASE +  0x0100UL)                    /*!< NVIC Base Address */
 
make: *** [Src/subdir.mk:24: Src/main.o] Error 1
"make -j4 all" terminated with exit code 2. Build might be incomplete.
19:18:59 **** Incremental Build of configuration Debug for project MyOwnRTOS ****
make -j4 all 
arm-none-eabi-gcc -gdwarf-2 "../Src/main.c" -mcpu=cortex-m3 -std=gnu11 -g3 -DSTM32 -DSTM32F1 -DSTM32F103C8Tx -DDEBUG -c -I../Inc -I"C:/Users/abdullah/Desktop/MyOwnRTOS/MyOwnRTOS/Drivers/inc" -I"C:/Users/abdullah/Desktop/MyOwnRTOS/MyOwnRTOS/CMSIS" -O0 -ffunction-sections -fdata-sections -Wall -fstack-usage -MMD -MP -MF"Src/main.d" -MT"Src/main.o" --specs=nano.specs -mfloat-abi=soft -mthumb -o "Src/main.o"
In file included from ../Src/main.c:21:0:
C:/Users/abdullah/Desktop/MyOwnRTOS/MyOwnRTOS/CMSIS/core_cm3.h:1508:39: error: unknown type name 'IRQn_Type'; did you mean 'ITM_Type'?
 __STATIC_INLINE void __NVIC_EnableIRQ(IRQn_Type IRQn)
                                       ^~~~~~~~~
                                       ITM_Type
C:/Users/abdullah/Desktop/MyOwnRTOS/MyOwnRTOS/CMSIS/core_cm3.h:1527:46: error: unknown type name 'IRQn_Type'; did you mean 'ITM_Type'?
 __STATIC_INLINE uint32_t __NVIC_GetEnableIRQ(IRQn_Type IRQn)
                                              ^~~~~~~~~
                                              ITM_Type
C:/Users/abdullah/Desktop/MyOwnRTOS/MyOwnRTOS/CMSIS/core_cm3.h:1546:40: error: unknown type name 'IRQn_Type'; did you mean 'ITM_Type'?
 __STATIC_INLINE void __NVIC_DisableIRQ(IRQn_Type IRQn)
                                        ^~~~~~~~~
                                        ITM_Type
C:/Users/abdullah/Desktop/MyOwnRTOS/MyOwnRTOS/CMSIS/core_cm3.h:1565:47: error: unknown type name 'IRQn_Type'; did you mean 'ITM_Type'?
 __STATIC_INLINE uint32_t __NVIC_GetPendingIRQ(IRQn_Type IRQn)
                                               ^~~~~~~~~
                                               ITM_Type
C:/Users/abdullah/Desktop/MyOwnRTOS/MyOwnRTOS/CMSIS/core_cm3.h:1584:43: error: unknown type name 'IRQn_Type'; did you mean 'ITM_Type'?
 __STATIC_INLINE void __NVIC_SetPendingIRQ(IRQn_Type IRQn)
                                           ^~~~~~~~~
                                           ITM_Type
C:/Users/abdullah/Desktop/MyOwnRTOS/MyOwnRTOS/CMSIS/core_cm3.h:1599:45: error: unknown type name 'IRQn_Type'; did you mean 'ITM_Type'?
 __STATIC_INLINE void __NVIC_ClearPendingIRQ(IRQn_Type IRQn)
                                             ^~~~~~~~~
                                             ITM_Type
C:/Users/abdullah/Desktop/MyOwnRTOS/MyOwnRTOS/CMSIS/core_cm3.h:1616:43: error: unknown type name 'IRQn_Type'; did you mean 'ITM_Type'?
 __STATIC_INLINE uint32_t __NVIC_GetActive(IRQn_Type IRQn)
                                           ^~~~~~~~~
                                           ITM_Type
C:/Users/abdullah/Desktop/MyOwnRTOS/MyOwnRTOS/CMSIS/core_cm3.h:1638:41: error: unknown type name 'IRQn_Type'; did you mean 'ITM_Type'?
 __STATIC_INLINE void __NVIC_SetPriority(IRQn_Type IRQn, uint32_t priority)
                                         ^~~~~~~~~
                                         ITM_Type
C:/Users/abdullah/Desktop/MyOwnRTOS/MyOwnRTOS/CMSIS/core_cm3.h:1660:45: error: unknown type name 'IRQn_Type'; did you mean 'ITM_Type'?
 __STATIC_INLINE uint32_t __NVIC_GetPriority(IRQn_Type IRQn)
                                             ^~~~~~~~~
                                             ITM_Type
C:/Users/abdullah/Desktop/MyOwnRTOS/MyOwnRTOS/CMSIS/core_cm3.h: In function 'NVIC_EncodePriority':
C:/Users/abdullah/Desktop/MyOwnRTOS/MyOwnRTOS/CMSIS/core_cm3.h:1691:64: error: '__NVIC_PRIO_BITS' undeclared (first use in this function)
   PreemptPriorityBits = ((7UL - PriorityGroupTmp) > (uint32_t)(__NVIC_PRIO_BITS)) ? (uint32_t)(__NVIC_PRIO_BITS) : (uint32_t)(7UL - PriorityGroupTmp);
                                                                ^~~~~~~~~~~~~~~~
C:/Users/abdullah/Desktop/MyOwnRTOS/MyOwnRTOS/CMSIS/core_cm3.h:1691:64: note: each undeclared identifier is reported only once for each function it appears in
C:/Users/abdullah/Desktop/MyOwnRTOS/MyOwnRTOS/CMSIS/core_cm3.h: In function 'NVIC_DecodePriority':
C:/Users/abdullah/Desktop/MyOwnRTOS/MyOwnRTOS/CMSIS/core_cm3.h:1718:64: error: '__NVIC_PRIO_BITS' undeclared (first use in this function)
   PreemptPriorityBits = ((7UL - PriorityGroupTmp) > (uint32_t)(__NVIC_PRIO_BITS)) ? (uint32_t)(__NVIC_PRIO_BITS) : (uint32_t)(7UL - PriorityGroupTmp);
                                                                ^~~~~~~~~~~~~~~~
C:/Users/abdullah/Desktop/MyOwnRTOS/MyOwnRTOS/CMSIS/core_cm3.h: At top level:
C:/Users/abdullah/Desktop/MyOwnRTOS/MyOwnRTOS/CMSIS/core_cm3.h:1735:39: error: unknown type name 'IRQn_Type'; did you mean 'ITM_Type'?
 __STATIC_INLINE void __NVIC_SetVector(IRQn_Type IRQn, uint32_t vector)
                                       ^~~~~~~~~
                                       ITM_Type
C:/Users/abdullah/Desktop/MyOwnRTOS/MyOwnRTOS/CMSIS/core_cm3.h:1751:43: error: unknown type name 'IRQn_Type'; did you mean 'ITM_Type'?
 __STATIC_INLINE uint32_t __NVIC_GetVector(IRQn_Type IRQn)
                                           ^~~~~~~~~
                                           ITM_Type
In file included from ../Src/main.c:23:0:
C:/Users/abdullah/Desktop/MyOwnRTOS/MyOwnRTOS/Drivers/inc/stm32f103c8.h:38:0: warning: "NVIC_BASE" redefined
 #define NVIC_BASE         0xE000E100UL
 
In file included from ../Src/main.c:21:0:
C:/Users/abdullah/Desktop/MyOwnRTOS/MyOwnRTOS/CMSIS/core_cm3.h:1386:0: note: this is the location of the previous definition
 #define NVIC_BASE           (SCS_BASE +  0x0100UL)                    /*!< NVIC Base Address */
 
make: *** [Src/subdir.mk:24: Src/main.o] Error 1
"make -j4 all" terminated with exit code 2. Build might be incomplete.
19:19:48 **** Incremental Build of configuration Debug for project MyOwnRTOS ****
make -j4 all 
arm-none-eabi-gcc -gdwarf-2 "../Src/main.c" -mcpu=cortex-m3 -std=gnu11 -g3 -DSTM32 -DSTM32F1 -DSTM32F103C8Tx -DDEBUG -c -I../Inc -I"C:/Users/abdullah/Desktop/MyOwnRTOS/MyOwnRTOS/Drivers/inc" -I"C:/Users/abdullah/Desktop/MyOwnRTOS/MyOwnRTOS/CMSIS" -O0 -ffunction-sections -fdata-sections -Wall -fstack-usage -MMD -MP -MF"Src/main.d" -MT"Src/main.o" --specs=nano.specs -mfloat-abi=soft -mthumb -o "Src/main.o"
In file included from C:/Users/abdullah/Desktop/MyOwnRTOS/MyOwnRTOS/CMSIS/ARMCM3.h:98:0,
                 from C:/Users/abdullah/Desktop/MyOwnRTOS/MyOwnRTOS/CMSIS/core_cm3.h:24,
                 from ../Src/main.c:21:
C:/Users/abdullah/Desktop/MyOwnRTOS/MyOwnRTOS/CMSIS/core_cm3.h:1785:10: fatal error: mpu_armv7.h: No such file or directory
 #include "mpu_armv7.h"
          ^~~~~~~~~~~~~
compilation terminated.
make: *** [Src/subdir.mk:24: Src/main.o] Error 1
"make -j4 all" terminated with exit code 2. Build might be incomplete.
19:21:09 **** Incremental Build of configuration Debug for project MyOwnRTOS ****
make -j4 all 
arm-none-eabi-gcc -gdwarf-2 "../Src/main.c" -mcpu=cortex-m3 -std=gnu11 -g3 -DSTM32 -DSTM32F1 -DSTM32F103C8Tx -DDEBUG -c -I../Inc -I"C:/Users/abdullah/Desktop/MyOwnRTOS/MyOwnRTOS/Drivers/inc" -I"C:/Users/abdullah/Desktop/MyOwnRTOS/MyOwnRTOS/CMSIS" -O0 -ffunction-sections -fdata-sections -Wall -fstack-usage -MMD -MP -MF"Src/main.d" -MT"Src/main.o" --specs=nano.specs -mfloat-abi=soft -mthumb -o "Src/main.o"
In file included from ../Src/main.c:23:0:
C:/Users/abdullah/Desktop/MyOwnRTOS/MyOwnRTOS/Drivers/inc/stm32f103c8.h:38:0: warning: "NVIC_BASE" redefined
 #define NVIC_BASE         0xE000E100UL
 
In file included from C:/Users/abdullah/Desktop/MyOwnRTOS/MyOwnRTOS/CMSIS/ARMCM3.h:98:0,
                 from C:/Users/abdullah/Desktop/MyOwnRTOS/MyOwnRTOS/CMSIS/core_cm3.h:24,
                 from ../Src/main.c:21:
C:/Users/abdullah/Desktop/MyOwnRTOS/MyOwnRTOS/CMSIS/core_cm3.h:1387:0: note: this is the location of the previous definition
 #define NVIC_BASE           (SCS_BASE +  0x0100UL)                    /*!< NVIC Base Address */
 
arm-none-eabi-gcc -gdwarf-2 -o "MyOwnRTOS.axf" @"objects.list"   -mcpu=cortex-m3 -T"C:\Users\abdullah\Desktop\MyOwnRTOS\MyOwnRTOS\STM32F103C8TX_FLASH.ld" --specs=nosys.specs -Wl,-Map="MyOwnRTOS.map" -Wl,--gc-sections -static --specs=nano.specs -mfloat-abi=soft -mthumb -Wl,--start-group -lc -lm -Wl,--end-group
Finished building target: MyOwnRTOS.axf
 
arm-none-eabi-objdump -h -S  MyOwnRTOS.axf  > "MyOwnRTOS.list"
arm-none-eabi-objcopy  -O binary  MyOwnRTOS.axf  "MyOwnRTOS.bin"
arm-none-eabi-size   MyOwnRTOS.axf 
   text	   data	    bss	    dec	    hex	filename
   3384	     12	   1652	   5048	   13b8	MyOwnRTOS.axf
Finished building: default.size.stdout
Finished building: MyOwnRTOS.bin
 
 
Finished building: MyOwnRTOS.list
 
19:38:40 **** Incremental Build of configuration Debug for project MyOwnRTOS ****
make -j4 all 
arm-none-eabi-gcc -gdwarf-2 "../Src/main.c" -mcpu=cortex-m3 -std=gnu11 -g3 -DSTM32 -DSTM32F1 -DSTM32F103C8Tx -DDEBUG -c -I../Inc -I"C:/Users/abdullah/Desktop/MyOwnRTOS/MyOwnRTOS/Drivers/inc" -I"C:/Users/abdullah/Desktop/MyOwnRTOS/MyOwnRTOS/CMSIS" -O0 -ffunction-sections -fdata-sections -Wall -fstack-usage -MMD -MP -MF"Src/main.d" -MT"Src/main.o" --specs=nano.specs -mfloat-abi=soft -mthumb -o "Src/main.o"
In file included from ../Src/main.c:27:0:
C:/Users/abdullah/Desktop/MyOwnRTOS/MyOwnRTOS/Drivers/inc/stm32f103c8.h:38:0: warning: "NVIC_BASE" redefined
 #define NVIC_BASE         0xE000E100UL
 
In file included from C:/Users/abdullah/Desktop/MyOwnRTOS/MyOwnRTOS/CMSIS/ARMCM3.h:98:0,
                 from C:/Users/abdullah/Desktop/MyOwnRTOS/MyOwnRTOS/CMSIS/core_cm3.h:24,
                 from ../Src/main.c:25:
C:/Users/abdullah/Desktop/MyOwnRTOS/MyOwnRTOS/CMSIS/core_cm3.h:1387:0: note: this is the location of the previous definition
 #define NVIC_BASE           (SCS_BASE +  0x0100UL)                    /*!< NVIC Base Address */
 
arm-none-eabi-gcc -gdwarf-2 -o "MyOwnRTOS.axf" @"objects.list"   -mcpu=cortex-m3 -T"C:\Users\abdullah\Desktop\MyOwnRTOS\MyOwnRTOS\STM32F103C8TX_FLASH.ld" --specs=nosys.specs -Wl,-Map="MyOwnRTOS.map" -Wl,--gc-sections -static --specs=nano.specs -mfloat-abi=soft -mthumb -Wl,--start-group -lc -lm -Wl,--end-group
Src/main.o: In function `SVC_Handler':
C:/Users/abdullah/Desktop/MyOwnRTOS/MyOwnRTOS/Debug/../Src/main.c:75: undefined reference to `OS_SVC_services'
collect2.exe: error: ld returned 1 exit status
make: *** [makefile:55: MyOwnRTOS.axf] Error 1
"make -j4 all" terminated with exit code 2. Build might be incomplete.
19:51:39 **** Incremental Build of configuration Debug for project MyOwnRTOS ****
make -j4 all 
arm-none-eabi-gcc -gdwarf-2 "../Src/main.c" -mcpu=cortex-m3 -std=gnu11 -g3 -DSTM32 -DSTM32F1 -DSTM32F103C8Tx -DDEBUG -c -I../Inc -I"C:/Users/abdullah/Desktop/MyOwnRTOS/MyOwnRTOS/Drivers/inc" -I"C:/Users/abdullah/Desktop/MyOwnRTOS/MyOwnRTOS/CMSIS" -O0 -ffunction-sections -fdata-sections -Wall -fstack-usage -MMD -MP -MF"Src/main.d" -MT"Src/main.o" --specs=nano.specs -mfloat-abi=soft -mthumb -o "Src/main.o"
In file included from ../Src/main.c:27:0:
C:/Users/abdullah/Desktop/MyOwnRTOS/MyOwnRTOS/Drivers/inc/stm32f103c8.h:38:0: warning: "NVIC_BASE" redefined
 #define NVIC_BASE         0xE000E100UL
 
In file included from C:/Users/abdullah/Desktop/MyOwnRTOS/MyOwnRTOS/CMSIS/ARMCM3.h:98:0,
                 from C:/Users/abdullah/Desktop/MyOwnRTOS/MyOwnRTOS/CMSIS/core_cm3.h:24,
                 from ../Src/main.c:25:
C:/Users/abdullah/Desktop/MyOwnRTOS/MyOwnRTOS/CMSIS/core_cm3.h:1387:0: note: this is the location of the previous definition
 #define NVIC_BASE           (SCS_BASE +  0x0100UL)                    /*!< NVIC Base Address */
 
../Src/main.c: In function 'OS_SVC_services':
../Src/main.c:107:2: error: 'stacked_R0' undeclared (first use in this function)
  stacked_R0 = svc_args[0];
  ^~~~~~~~~~
../Src/main.c:107:2: note: each undeclared identifier is reported only once for each function it appears in
../Src/main.c:107:15: error: 'svc_args' undeclared (first use in this function)
  stacked_R0 = svc_args[0];
               ^~~~~~~~
../Src/main.c:108:2: error: 'stacked_R1' undeclared (first use in this function); did you mean 'stacked_R0'?
  stacked_R1 = svc_args[1];
  ^~~~~~~~~~
  stacked_R0
../Src/main.c:109:2: error: 'stacked_R2' undeclared (first use in this function); did you mean 'stacked_R1'?
  stacked_R2 = svc_args[2];
  ^~~~~~~~~~
  stacked_R1
../Src/main.c:110:2: error: 'stacked_R3' undeclared (first use in this function); did you mean 'stacked_R2'?
  stacked_R3 = svc_args[3];
  ^~~~~~~~~~
  stacked_R2
../Src/main.c:111:2: error: 'stacked_R12' undeclared (first use in this function); did you mean 'stacked_R2'?
  stacked_R12 = svc_args[4];
  ^~~~~~~~~~~
  stacked_R2
../Src/main.c:112:2: error: 'stacked_LR' undeclared (first use in this function); did you mean 'stacked_R3'?
  stacked_LR = svc_args[5];
  ^~~~~~~~~~
  stacked_R3
../Src/main.c:113:2: error: 'stacked_PC' undeclared (first use in this function); did you mean 'stacked_LR'?
  stacked_PC = svc_args[6];
  ^~~~~~~~~~
  stacked_LR
../Src/main.c:114:2: error: 'stacked_xPSR' undeclared (first use in this function); did you mean 'stacked_PC'?
  stacked_xPSR = svc_args[7];
  ^~~~~~~~~~~~
  stacked_PC
../Src/main.c:104:10: warning: variable 'SVC_serviceNumber' set but not used [-Wunused-but-set-variable]
  uint8_t SVC_serviceNumber;
          ^~~~~~~~~~~~~~~~~
make: *** [Src/subdir.mk:24: Src/main.o] Error 1
"make -j4 all" terminated with exit code 2. Build might be incomplete.
19:52:15 **** Incremental Build of configuration Debug for project MyOwnRTOS ****
make -j4 all 
arm-none-eabi-gcc -gdwarf-2 "../Src/main.c" -mcpu=cortex-m3 -std=gnu11 -g3 -DSTM32 -DSTM32F1 -DSTM32F103C8Tx -DDEBUG -c -I../Inc -I"C:/Users/abdullah/Desktop/MyOwnRTOS/MyOwnRTOS/Drivers/inc" -I"C:/Users/abdullah/Desktop/MyOwnRTOS/MyOwnRTOS/CMSIS" -O0 -ffunction-sections -fdata-sections -Wall -fstack-usage -MMD -MP -MF"Src/main.d" -MT"Src/main.o" --specs=nano.specs -mfloat-abi=soft -mthumb -o "Src/main.o"
In file included from ../Src/main.c:27:0:
C:/Users/abdullah/Desktop/MyOwnRTOS/MyOwnRTOS/Drivers/inc/stm32f103c8.h:38:0: warning: "NVIC_BASE" redefined
 #define NVIC_BASE         0xE000E100UL
 
In file included from C:/Users/abdullah/Desktop/MyOwnRTOS/MyOwnRTOS/CMSIS/ARMCM3.h:98:0,
                 from C:/Users/abdullah/Desktop/MyOwnRTOS/MyOwnRTOS/CMSIS/core_cm3.h:24,
                 from ../Src/main.c:25:
C:/Users/abdullah/Desktop/MyOwnRTOS/MyOwnRTOS/CMSIS/core_cm3.h:1387:0: note: this is the location of the previous definition
 #define NVIC_BASE           (SCS_BASE +  0x0100UL)                    /*!< NVIC Base Address */
 
../Src/main.c: In function 'OS_SVC_services':
../Src/main.c:107:2: error: 'stacked_R0' undeclared (first use in this function)
  stacked_R0 = p_StackFrame[0];
  ^~~~~~~~~~
../Src/main.c:107:2: note: each undeclared identifier is reported only once for each function it appears in
../Src/main.c:108:2: error: 'stacked_R1' undeclared (first use in this function); did you mean 'stacked_R0'?
  stacked_R1 = p_StackFrame[1];
  ^~~~~~~~~~
  stacked_R0
../Src/main.c:109:2: error: 'stacked_R2' undeclared (first use in this function); did you mean 'stacked_R1'?
  stacked_R2 = p_StackFrame[2];
  ^~~~~~~~~~
  stacked_R1
../Src/main.c:110:2: error: 'stacked_R3' undeclared (first use in this function); did you mean 'stacked_R2'?
  stacked_R3 = p_StackFrame[3];
  ^~~~~~~~~~
  stacked_R2
../Src/main.c:111:2: error: 'stacked_R12' undeclared (first use in this function); did you mean 'stacked_R2'?
  stacked_R12 = p_StackFrame[4];
  ^~~~~~~~~~~
  stacked_R2
../Src/main.c:112:2: error: 'stacked_LR' undeclared (first use in this function); did you mean 'stacked_R3'?
  stacked_LR = p_StackFrame[5];
  ^~~~~~~~~~
  stacked_R3
../Src/main.c:113:2: error: 'stacked_PC' undeclared (first use in this function); did you mean 'stacked_LR'?
  stacked_PC = p_StackFrame[6];
  ^~~~~~~~~~
  stacked_LR
../Src/main.c:114:2: error: 'stacked_xPSR' undeclared (first use in this function); did you mean 'stacked_PC'?
  stacked_xPSR = p_StackFrame[7];
  ^~~~~~~~~~~~
  stacked_PC
../Src/main.c:104:10: warning: variable 'SVC_serviceNumber' set but not used [-Wunused-but-set-variable]
  uint8_t SVC_serviceNumber;
          ^~~~~~~~~~~~~~~~~
make: *** [Src/subdir.mk:24: Src/main.o] Error 1
"make -j4 all" terminated with exit code 2. Build might be incomplete.
19:53:24 **** Incremental Build of configuration Debug for project MyOwnRTOS ****
make -j4 all 
arm-none-eabi-gcc -gdwarf-2 "../Src/main.c" -mcpu=cortex-m3 -std=gnu11 -g3 -DSTM32 -DSTM32F1 -DSTM32F103C8Tx -DDEBUG -c -I../Inc -I"C:/Users/abdullah/Desktop/MyOwnRTOS/MyOwnRTOS/Drivers/inc" -I"C:/Users/abdullah/Desktop/MyOwnRTOS/MyOwnRTOS/CMSIS" -O0 -ffunction-sections -fdata-sections -Wall -fstack-usage -MMD -MP -MF"Src/main.d" -MT"Src/main.o" --specs=nano.specs -mfloat-abi=soft -mthumb -o "Src/main.o"
In file included from ../Src/main.c:27:0:
C:/Users/abdullah/Desktop/MyOwnRTOS/MyOwnRTOS/Drivers/inc/stm32f103c8.h:38:0: warning: "NVIC_BASE" redefined
 #define NVIC_BASE         0xE000E100UL
 
In file included from C:/Users/abdullah/Desktop/MyOwnRTOS/MyOwnRTOS/CMSIS/ARMCM3.h:98:0,
                 from C:/Users/abdullah/Desktop/MyOwnRTOS/MyOwnRTOS/CMSIS/core_cm3.h:24,
                 from ../Src/main.c:25:
C:/Users/abdullah/Desktop/MyOwnRTOS/MyOwnRTOS/CMSIS/core_cm3.h:1387:0: note: this is the location of the previous definition
 #define NVIC_BASE           (SCS_BASE +  0x0100UL)                    /*!< NVIC Base Address */
 
../Src/main.c: In function 'OS_SVC_services':
../Src/main.c:107:2: error: expected '=', ',', ';', 'asm' or '__attribute__' before 'SVC_serviceNumber'
  SVC_serviceNumber = (((uint8_t*)p_StackFrame[6])[-2]);
  ^~~~~~~~~~~~~~~~~
../Src/main.c:116:2: error: 'stacked_xPSR' undeclared (first use in this function); did you mean 'stacked_PC'?
  stacked_xPSR = p_StackFrame[7];
  ^~~~~~~~~~~~
  stacked_PC
../Src/main.c:116:2: note: each undeclared identifier is reported only once for each function it appears in
../Src/main.c:105:78: warning: variable 'stacked_PC' set but not used [-Wunused-but-set-variable]
  uint32_t stacked_R0,stacked_R1,stacked_R2,stacked_R3,stacked_R12,stacked_LR,stacked_PC,stacked_xPSR
                                                                              ^~~~~~~~~~
../Src/main.c:105:67: warning: variable 'stacked_LR' set but not used [-Wunused-but-set-variable]
  uint32_t stacked_R0,stacked_R1,stacked_R2,stacked_R3,stacked_R12,stacked_LR,stacked_PC,stacked_xPSR
                                                                   ^~~~~~~~~~
../Src/main.c:105:55: warning: variable 'stacked_R12' set but not used [-Wunused-but-set-variable]
  uint32_t stacked_R0,stacked_R1,stacked_R2,stacked_R3,stacked_R12,stacked_LR,stacked_PC,stacked_xPSR
                                                       ^~~~~~~~~~~
../Src/main.c:105:44: warning: variable 'stacked_R3' set but not used [-Wunused-but-set-variable]
  uint32_t stacked_R0,stacked_R1,stacked_R2,stacked_R3,stacked_R12,stacked_LR,stacked_PC,stacked_xPSR
                                            ^~~~~~~~~~
../Src/main.c:105:33: warning: variable 'stacked_R2' set but not used [-Wunused-but-set-variable]
  uint32_t stacked_R0,stacked_R1,stacked_R2,stacked_R3,stacked_R12,stacked_LR,stacked_PC,stacked_xPSR
                                 ^~~~~~~~~~
../Src/main.c:105:22: warning: variable 'stacked_R1' set but not used [-Wunused-but-set-variable]
  uint32_t stacked_R0,stacked_R1,stacked_R2,stacked_R3,stacked_R12,stacked_LR,stacked_PC,stacked_xPSR
                      ^~~~~~~~~~
../Src/main.c:105:11: warning: variable 'stacked_R0' set but not used [-Wunused-but-set-variable]
  uint32_t stacked_R0,stacked_R1,stacked_R2,stacked_R3,stacked_R12,stacked_LR,stacked_PC,stacked_xPSR
           ^~~~~~~~~~
../Src/main.c:104:10: warning: unused variable 'SVC_serviceNumber' [-Wunused-variable]
  uint8_t SVC_serviceNumber;
          ^~~~~~~~~~~~~~~~~
make: *** [Src/subdir.mk:24: Src/main.o] Error 1
"make -j4 all" terminated with exit code 2. Build might be incomplete.
19:54:09 **** Incremental Build of configuration Debug for project MyOwnRTOS ****
make -j4 all 
arm-none-eabi-gcc -gdwarf-2 "../Src/main.c" -mcpu=cortex-m3 -std=gnu11 -g3 -DSTM32 -DSTM32F1 -DSTM32F103C8Tx -DDEBUG -c -I../Inc -I"C:/Users/abdullah/Desktop/MyOwnRTOS/MyOwnRTOS/Drivers/inc" -I"C:/Users/abdullah/Desktop/MyOwnRTOS/MyOwnRTOS/CMSIS" -O0 -ffunction-sections -fdata-sections -Wall -fstack-usage -MMD -MP -MF"Src/main.d" -MT"Src/main.o" --specs=nano.specs -mfloat-abi=soft -mthumb -o "Src/main.o"
In file included from ../Src/main.c:27:0:
C:/Users/abdullah/Desktop/MyOwnRTOS/MyOwnRTOS/Drivers/inc/stm32f103c8.h:38:0: warning: "NVIC_BASE" redefined
 #define NVIC_BASE         0xE000E100UL
 
In file included from C:/Users/abdullah/Desktop/MyOwnRTOS/MyOwnRTOS/CMSIS/ARMCM3.h:98:0,
                 from C:/Users/abdullah/Desktop/MyOwnRTOS/MyOwnRTOS/CMSIS/core_cm3.h:24,
                 from ../Src/main.c:25:
C:/Users/abdullah/Desktop/MyOwnRTOS/MyOwnRTOS/CMSIS/core_cm3.h:1387:0: note: this is the location of the previous definition
 #define NVIC_BASE           (SCS_BASE +  0x0100UL)                    /*!< NVIC Base Address */
 
../Src/main.c: In function 'OS_SVC_services':
../Src/main.c:105:89: warning: variable 'stacked_xPSR' set but not used [-Wunused-but-set-variable]
  uint32_t stacked_R0,stacked_R1,stacked_R2,stacked_R3,stacked_R12,stacked_LR,stacked_PC,stacked_xPSR;
                                                                                         ^~~~~~~~~~~~
../Src/main.c:105:78: warning: variable 'stacked_PC' set but not used [-Wunused-but-set-variable]
  uint32_t stacked_R0,stacked_R1,stacked_R2,stacked_R3,stacked_R12,stacked_LR,stacked_PC,stacked_xPSR;
                                                                              ^~~~~~~~~~
../Src/main.c:105:67: warning: variable 'stacked_LR' set but not used [-Wunused-but-set-variable]
  uint32_t stacked_R0,stacked_R1,stacked_R2,stacked_R3,stacked_R12,stacked_LR,stacked_PC,stacked_xPSR;
                                                                   ^~~~~~~~~~
../Src/main.c:105:55: warning: variable 'stacked_R12' set but not used [-Wunused-but-set-variable]
  uint32_t stacked_R0,stacked_R1,stacked_R2,stacked_R3,stacked_R12,stacked_LR,stacked_PC,stacked_xPSR;
                                                       ^~~~~~~~~~~
../Src/main.c:105:44: warning: variable 'stacked_R3' set but not used [-Wunused-but-set-variable]
  uint32_t stacked_R0,stacked_R1,stacked_R2,stacked_R3,stacked_R12,stacked_LR,stacked_PC,stacked_xPSR;
                                            ^~~~~~~~~~
../Src/main.c:105:33: warning: variable 'stacked_R2' set but not used [-Wunused-but-set-variable]
  uint32_t stacked_R0,stacked_R1,stacked_R2,stacked_R3,stacked_R12,stacked_LR,stacked_PC,stacked_xPSR;
                                 ^~~~~~~~~~
../Src/main.c:105:22: warning: variable 'stacked_R1' set but not used [-Wunused-but-set-variable]
  uint32_t stacked_R0,stacked_R1,stacked_R2,stacked_R3,stacked_R12,stacked_LR,stacked_PC,stacked_xPSR;
                      ^~~~~~~~~~
../Src/main.c:105:11: warning: variable 'stacked_R0' set but not used [-Wunused-but-set-variable]
  uint32_t stacked_R0,stacked_R1,stacked_R2,stacked_R3,stacked_R12,stacked_LR,stacked_PC,stacked_xPSR;
           ^~~~~~~~~~
../Src/main.c:104:10: warning: variable 'SVC_serviceNumber' set but not used [-Wunused-but-set-variable]
  uint8_t SVC_serviceNumber;
          ^~~~~~~~~~~~~~~~~
arm-none-eabi-gcc -gdwarf-2 -o "MyOwnRTOS.axf" @"objects.list"   -mcpu=cortex-m3 -T"C:\Users\abdullah\Desktop\MyOwnRTOS\MyOwnRTOS\STM32F103C8TX_FLASH.ld" --specs=nosys.specs -Wl,-Map="MyOwnRTOS.map" -Wl,--gc-sections -static --specs=nano.specs -mfloat-abi=soft -mthumb -Wl,--start-group -lc -lm -Wl,--end-group
Finished building target: MyOwnRTOS.axf
 
arm-none-eabi-objdump -h -S  MyOwnRTOS.axf  > "MyOwnRTOS.list"
arm-none-eabi-objcopy  -O binary  MyOwnRTOS.axf  "MyOwnRTOS.bin"
arm-none-eabi-size   MyOwnRTOS.axf 
   text	   data	    bss	    dec	    hex	filename
   3456	     12	   1652	   5120	   1400	MyOwnRTOS.axf
Finished building: default.size.stdout
 
Finished building: MyOwnRTOS.list
Finished building: MyOwnRTOS.bin
 
 
19:59:04 **** Incremental Build of configuration Debug for project MyOwnRTOS ****
make -j4 all 
arm-none-eabi-gcc -gdwarf-2 "../Src/main.c" -mcpu=cortex-m3 -std=gnu11 -g3 -DSTM32 -DSTM32F1 -DSTM32F103C8Tx -DDEBUG -c -I../Inc -I"C:/Users/abdullah/Desktop/MyOwnRTOS/MyOwnRTOS/Drivers/inc" -I"C:/Users/abdullah/Desktop/MyOwnRTOS/MyOwnRTOS/CMSIS" -O0 -ffunction-sections -fdata-sections -Wall -fstack-usage -MMD -MP -MF"Src/main.d" -MT"Src/main.o" --specs=nano.specs -mfloat-abi=soft -mthumb -o "Src/main.o"
In file included from ../Src/main.c:27:0:
C:/Users/abdullah/Desktop/MyOwnRTOS/MyOwnRTOS/Drivers/inc/stm32f103c8.h:38:0: warning: "NVIC_BASE" redefined
 #define NVIC_BASE         0xE000E100UL
 
In file included from C:/Users/abdullah/Desktop/MyOwnRTOS/MyOwnRTOS/CMSIS/ARMCM3.h:98:0,
                 from C:/Users/abdullah/Desktop/MyOwnRTOS/MyOwnRTOS/CMSIS/core_cm3.h:24,
                 from ../Src/main.c:25:
C:/Users/abdullah/Desktop/MyOwnRTOS/MyOwnRTOS/CMSIS/core_cm3.h:1387:0: note: this is the location of the previous definition
 #define NVIC_BASE           (SCS_BASE +  0x0100UL)                    /*!< NVIC Base Address */
 
../Src/main.c: In function 'OS_SVC_services':
../Src/main.c:106:10: warning: variable 'SVC_serviceNumber' set but not used [-Wunused-but-set-variable]
  uint8_t SVC_serviceNumber;
          ^~~~~~~~~~~~~~~~~
arm-none-eabi-gcc -gdwarf-2 -o "MyOwnRTOS.axf" @"objects.list"   -mcpu=cortex-m3 -T"C:\Users\abdullah\Desktop\MyOwnRTOS\MyOwnRTOS\STM32F103C8TX_FLASH.ld" --specs=nosys.specs -Wl,-Map="MyOwnRTOS.map" -Wl,--gc-sections -static --specs=nano.specs -mfloat-abi=soft -mthumb -Wl,--start-group -lc -lm -Wl,--end-group
Finished building target: MyOwnRTOS.axf
 
arm-none-eabi-objdump -h -S  MyOwnRTOS.axf  > "MyOwnRTOS.list"
arm-none-eabi-objcopy  -O binary  MyOwnRTOS.axf  "MyOwnRTOS.bin"
arm-none-eabi-size   MyOwnRTOS.axf 
   text	   data	    bss	    dec	    hex	filename
   3404	     12	   1652	   5068	   13cc	MyOwnRTOS.axf
Finished building: default.size.stdout
Finished building: MyOwnRTOS.bin
 
Finished building: MyOwnRTOS.list
 
 
20:03:39 **** Incremental Build of configuration Debug for project MyOwnRTOS ****
make -j4 all 
arm-none-eabi-gcc -gdwarf-2 "../Src/main.c" -mcpu=cortex-m3 -std=gnu11 -g3 -DSTM32 -DSTM32F1 -DSTM32F103C8Tx -DDEBUG -c -I../Inc -I"C:/Users/abdullah/Desktop/MyOwnRTOS/MyOwnRTOS/Drivers/inc" -I"C:/Users/abdullah/Desktop/MyOwnRTOS/MyOwnRTOS/CMSIS" -O0 -ffunction-sections -fdata-sections -Wall -fstack-usage -MMD -MP -MF"Src/main.d" -MT"Src/main.o" --specs=nano.specs -mfloat-abi=soft -mthumb -o "Src/main.o"
In file included from ../Src/main.c:27:0:
C:/Users/abdullah/Desktop/MyOwnRTOS/MyOwnRTOS/Drivers/inc/stm32f103c8.h:38:0: warning: "NVIC_BASE" redefined
 #define NVIC_BASE         0xE000E100UL
 
In file included from C:/Users/abdullah/Desktop/MyOwnRTOS/MyOwnRTOS/CMSIS/ARMCM3.h:98:0,
                 from C:/Users/abdullah/Desktop/MyOwnRTOS/MyOwnRTOS/CMSIS/core_cm3.h:24,
                 from ../Src/main.c:25:
C:/Users/abdullah/Desktop/MyOwnRTOS/MyOwnRTOS/CMSIS/core_cm3.h:1387:0: note: this is the location of the previous definition
 #define NVIC_BASE           (SCS_BASE +  0x0100UL)                    /*!< NVIC Base Address */
 
../Src/main.c: In function 'OS_SVC_services':
../Src/main.c:107:10: warning: variable 'SVC_serviceNumber' set but not used [-Wunused-but-set-variable]
  uint8_t SVC_serviceNumber;
          ^~~~~~~~~~~~~~~~~
arm-none-eabi-gcc -gdwarf-2 -o "MyOwnRTOS.axf" @"objects.list"   -mcpu=cortex-m3 -T"C:\Users\abdullah\Desktop\MyOwnRTOS\MyOwnRTOS\STM32F103C8TX_FLASH.ld" --specs=nosys.specs -Wl,-Map="MyOwnRTOS.map" -Wl,--gc-sections -static --specs=nano.specs -mfloat-abi=soft -mthumb -Wl,--start-group -lc -lm -Wl,--end-group
Finished building target: MyOwnRTOS.axf
 
arm-none-eabi-objdump -h -S  MyOwnRTOS.axf  > "MyOwnRTOS.list"
arm-none-eabi-objcopy  -O binary  MyOwnRTOS.axf  "MyOwnRTOS.bin"
arm-none-eabi-size   MyOwnRTOS.axf 
   text	   data	    bss	    dec	    hex	filename
   3404	     12	   1652	   5068	   13cc	MyOwnRTOS.axf
Finished building: default.size.stdout
 
Finished building: MyOwnRTOS.bin
 
Finished building: MyOwnRTOS.list
 
09:45:14 **** Clean-only build of configuration Debug for project MyOwnRTOS ****
make -j4 clean 
rm -rf *
 
09:45:24 **** Build of configuration Debug for project MyOwnRTOS ****
make -j4 all 
arm-none-eabi-gcc -gdwarf-2 -mcpu=cortex-m3 -g3 -c -I"C:/Users/abdullah/Desktop/MyOwnRTOS/MyOwnRTOS/MyRTOS/inc" -I"C:/Users/abdullah/Desktop/MyOwnRTOS/MyOwnRTOS/Drivers/inc" -x assembler-with-cpp -MMD -MP -MF"Startup/startup_stm32f103c8tx.d" -MT"Startup/startup_stm32f103c8tx.o" --specs=nano.specs -mfloat-abi=soft -mthumb -o "Startup/startup_stm32f103c8tx.o" "../Startup/startup_stm32f103c8tx.s"
arm-none-eabi-gcc -gdwarf-2 "../Src/main.c" -mcpu=cortex-m3 -std=gnu11 -g3 -DSTM32 -DSTM32F1 -DSTM32F103C8Tx -DDEBUG -c -I../Inc -I"C:/Users/abdullah/Desktop/MyOwnRTOS/MyOwnRTOS/MyRTOS/inc" -I"C:/Users/abdullah/Desktop/MyOwnRTOS/MyOwnRTOS/Drivers/inc" -I"C:/Users/abdullah/Desktop/MyOwnRTOS/MyOwnRTOS/CMSIS" -O0 -ffunction-sections -fdata-sections -Wall -fstack-usage -MMD -MP -MF"Src/main.d" -MT"Src/main.o" --specs=nano.specs -mfloat-abi=soft -mthumb -o "Src/main.o"
arm-none-eabi-gcc -gdwarf-2 "../Src/syscalls.c" -mcpu=cortex-m3 -std=gnu11 -g3 -DSTM32 -DSTM32F1 -DSTM32F103C8Tx -DDEBUG -c -I../Inc -I"C:/Users/abdullah/Desktop/MyOwnRTOS/MyOwnRTOS/MyRTOS/inc" -I"C:/Users/abdullah/Desktop/MyOwnRTOS/MyOwnRTOS/Drivers/inc" -I"C:/Users/abdullah/Desktop/MyOwnRTOS/MyOwnRTOS/CMSIS" -O0 -ffunction-sections -fdata-sections -Wall -fstack-usage -MMD -MP -MF"Src/syscalls.d" -MT"Src/syscalls.o" --specs=nano.specs -mfloat-abi=soft -mthumb -o "Src/syscalls.o"
arm-none-eabi-gcc -gdwarf-2 "../Src/sysmem.c" -mcpu=cortex-m3 -std=gnu11 -g3 -DSTM32 -DSTM32F1 -DSTM32F103C8Tx -DDEBUG -c -I../Inc -I"C:/Users/abdullah/Desktop/MyOwnRTOS/MyOwnRTOS/MyRTOS/inc" -I"C:/Users/abdullah/Desktop/MyOwnRTOS/MyOwnRTOS/Drivers/inc" -I"C:/Users/abdullah/Desktop/MyOwnRTOS/MyOwnRTOS/CMSIS" -O0 -ffunction-sections -fdata-sections -Wall -fstack-usage -MMD -MP -MF"Src/sysmem.d" -MT"Src/sysmem.o" --specs=nano.specs -mfloat-abi=soft -mthumb -o "Src/sysmem.o"
In file included from ../Src/main.c:27:0:
C:/Users/abdullah/Desktop/MyOwnRTOS/MyOwnRTOS/Drivers/inc/stm32f103c8.h:38:0: warning: "NVIC_BASE" redefined
 #define NVIC_BASE         0xE000E100UL
 
In file included from C:/Users/abdullah/Desktop/MyOwnRTOS/MyOwnRTOS/CMSIS/ARMCM3.h:98:0,
                 from C:/Users/abdullah/Desktop/MyOwnRTOS/MyOwnRTOS/CMSIS/core_cm3.h:24,
                 from ../Src/main.c:25:
C:/Users/abdullah/Desktop/MyOwnRTOS/MyOwnRTOS/CMSIS/core_cm3.h:1387:0: note: this is the location of the previous definition
 #define NVIC_BASE           (SCS_BASE +  0x0100UL)                    /*!< NVIC Base Address */
 
../Src/main.c: In function 'OS_SVC_services':
../Src/main.c:107:10: warning: variable 'SVC_serviceNumber' set but not used [-Wunused-but-set-variable]
  uint8_t SVC_serviceNumber;
          ^~~~~~~~~~~~~~~~~
arm-none-eabi-gcc -gdwarf-2 "../MyRTOS/cortex_mx_os_porting.c" -mcpu=cortex-m3 -std=gnu11 -g3 -DSTM32 -DSTM32F1 -DSTM32F103C8Tx -DDEBUG -c -I../Inc -I"C:/Users/abdullah/Desktop/MyOwnRTOS/MyOwnRTOS/MyRTOS/inc" -I"C:/Users/abdullah/Desktop/MyOwnRTOS/MyOwnRTOS/Drivers/inc" -I"C:/Users/abdullah/Desktop/MyOwnRTOS/MyOwnRTOS/CMSIS" -O0 -ffunction-sections -fdata-sections -Wall -fstack-usage -MMD -MP -MF"MyRTOS/cortex_mx_os_porting.d" -MT"MyRTOS/cortex_mx_os_porting.o" --specs=nano.specs -mfloat-abi=soft -mthumb -o "MyRTOS/cortex_mx_os_porting.o"
arm-none-eabi-gcc -gdwarf-2 "../MyRTOS/rtos_fifo.c" -mcpu=cortex-m3 -std=gnu11 -g3 -DSTM32 -DSTM32F1 -DSTM32F103C8Tx -DDEBUG -c -I../Inc -I"C:/Users/abdullah/Desktop/MyOwnRTOS/MyOwnRTOS/MyRTOS/inc" -I"C:/Users/abdullah/Desktop/MyOwnRTOS/MyOwnRTOS/Drivers/inc" -I"C:/Users/abdullah/Desktop/MyOwnRTOS/MyOwnRTOS/CMSIS" -O0 -ffunction-sections -fdata-sections -Wall -fstack-usage -MMD -MP -MF"MyRTOS/rtos_fifo.d" -MT"MyRTOS/rtos_fifo.o" --specs=nano.specs -mfloat-abi=soft -mthumb -o "MyRTOS/rtos_fifo.o"
arm-none-eabi-gcc -gdwarf-2 "../MyRTOS/scheduler.c" -mcpu=cortex-m3 -std=gnu11 -g3 -DSTM32 -DSTM32F1 -DSTM32F103C8Tx -DDEBUG -c -I../Inc -I"C:/Users/abdullah/Desktop/MyOwnRTOS/MyOwnRTOS/MyRTOS/inc" -I"C:/Users/abdullah/Desktop/MyOwnRTOS/MyOwnRTOS/Drivers/inc" -I"C:/Users/abdullah/Desktop/MyOwnRTOS/MyOwnRTOS/CMSIS" -O0 -ffunction-sections -fdata-sections -Wall -fstack-usage -MMD -MP -MF"MyRTOS/scheduler.d" -MT"MyRTOS/scheduler.o" --specs=nano.specs -mfloat-abi=soft -mthumb -o "MyRTOS/scheduler.o"
arm-none-eabi-gcc -gdwarf-2 "../Drivers/MCAL/USART/stm32f103c8_usart_driver.c" -mcpu=cortex-m3 -std=gnu11 -g3 -DSTM32 -DSTM32F1 -DSTM32F103C8Tx -DDEBUG -c -I../Inc -I"C:/Users/abdullah/Desktop/MyOwnRTOS/MyOwnRTOS/MyRTOS/inc" -I"C:/Users/abdullah/Desktop/MyOwnRTOS/MyOwnRTOS/Drivers/inc" -I"C:/Users/abdullah/Desktop/MyOwnRTOS/MyOwnRTOS/CMSIS" -O0 -ffunction-sections -fdata-sections -Wall -fstack-usage -MMD -MP -MF"Drivers/MCAL/USART/stm32f103c8_usart_driver.d" -MT"Drivers/MCAL/USART/stm32f103c8_usart_driver.o" --specs=nano.specs -mfloat-abi=soft -mthumb -o "Drivers/MCAL/USART/stm32f103c8_usart_driver.o"
arm-none-eabi-gcc -gdwarf-2 "../Drivers/MCAL/RCC/stm32f103c8_rcc_driver.c" -mcpu=cortex-m3 -std=gnu11 -g3 -DSTM32 -DSTM32F1 -DSTM32F103C8Tx -DDEBUG -c -I../Inc -I"C:/Users/abdullah/Desktop/MyOwnRTOS/MyOwnRTOS/MyRTOS/inc" -I"C:/Users/abdullah/Desktop/MyOwnRTOS/MyOwnRTOS/Drivers/inc" -I"C:/Users/abdullah/Desktop/MyOwnRTOS/MyOwnRTOS/CMSIS" -O0 -ffunction-sections -fdata-sections -Wall -fstack-usage -MMD -MP -MF"Drivers/MCAL/RCC/stm32f103c8_rcc_driver.d" -MT"Drivers/MCAL/RCC/stm32f103c8_rcc_driver.o" --specs=nano.specs -mfloat-abi=soft -mthumb -o "Drivers/MCAL/RCC/stm32f103c8_rcc_driver.o"
arm-none-eabi-gcc -gdwarf-2 "../Drivers/MCAL/GPIO/stm32f103c8_gpio_driver.c" -mcpu=cortex-m3 -std=gnu11 -g3 -DSTM32 -DSTM32F1 -DSTM32F103C8Tx -DDEBUG -c -I../Inc -I"C:/Users/abdullah/Desktop/MyOwnRTOS/MyOwnRTOS/MyRTOS/inc" -I"C:/Users/abdullah/Desktop/MyOwnRTOS/MyOwnRTOS/Drivers/inc" -I"C:/Users/abdullah/Desktop/MyOwnRTOS/MyOwnRTOS/CMSIS" -O0 -ffunction-sections -fdata-sections -Wall -fstack-usage -MMD -MP -MF"Drivers/MCAL/GPIO/stm32f103c8_gpio_driver.d" -MT"Drivers/MCAL/GPIO/stm32f103c8_gpio_driver.o" --specs=nano.specs -mfloat-abi=soft -mthumb -o "Drivers/MCAL/GPIO/stm32f103c8_gpio_driver.o"
arm-none-eabi-gcc -gdwarf-2 "../Drivers/MCAL/EXTI/stm32f103c8_exti_driver.c" -mcpu=cortex-m3 -std=gnu11 -g3 -DSTM32 -DSTM32F1 -DSTM32F103C8Tx -DDEBUG -c -I../Inc -I"C:/Users/abdullah/Desktop/MyOwnRTOS/MyOwnRTOS/MyRTOS/inc" -I"C:/Users/abdullah/Desktop/MyOwnRTOS/MyOwnRTOS/Drivers/inc" -I"C:/Users/abdullah/Desktop/MyOwnRTOS/MyOwnRTOS/CMSIS" -O0 -ffunction-sections -fdata-sections -Wall -fstack-usage -MMD -MP -MF"Drivers/MCAL/EXTI/stm32f103c8_exti_driver.d" -MT"Drivers/MCAL/EXTI/stm32f103c8_exti_driver.o" --specs=nano.specs -mfloat-abi=soft -mthumb -o "Drivers/MCAL/EXTI/stm32f103c8_exti_driver.o"
arm-none-eabi-gcc -gdwarf-2 "../Drivers/HAL/LCD/lcd.c" -mcpu=cortex-m3 -std=gnu11 -g3 -DSTM32 -DSTM32F1 -DSTM32F103C8Tx -DDEBUG -c -I../Inc -I"C:/Users/abdullah/Desktop/MyOwnRTOS/MyOwnRTOS/MyRTOS/inc" -I"C:/Users/abdullah/Desktop/MyOwnRTOS/MyOwnRTOS/Drivers/inc" -I"C:/Users/abdullah/Desktop/MyOwnRTOS/MyOwnRTOS/CMSIS" -O0 -ffunction-sections -fdata-sections -Wall -fstack-usage -MMD -MP -MF"Drivers/HAL/LCD/lcd.d" -MT"Drivers/HAL/LCD/lcd.o" --specs=nano.specs -mfloat-abi=soft -mthumb -o "Drivers/HAL/LCD/lcd.o"
arm-none-eabi-gcc -gdwarf-2 "../Drivers/HAL/Keypad/keypad.c" -mcpu=cortex-m3 -std=gnu11 -g3 -DSTM32 -DSTM32F1 -DSTM32F103C8Tx -DDEBUG -c -I../Inc -I"C:/Users/abdullah/Desktop/MyOwnRTOS/MyOwnRTOS/MyRTOS/inc" -I"C:/Users/abdullah/Desktop/MyOwnRTOS/MyOwnRTOS/Drivers/inc" -I"C:/Users/abdullah/Desktop/MyOwnRTOS/MyOwnRTOS/CMSIS" -O0 -ffunction-sections -fdata-sections -Wall -fstack-usage -MMD -MP -MF"Drivers/HAL/Keypad/keypad.d" -MT"Drivers/HAL/Keypad/keypad.o" --specs=nano.specs -mfloat-abi=soft -mthumb -o "Drivers/HAL/Keypad/keypad.o"
arm-none-eabi-gcc -gdwarf-2 -o "MyOwnRTOS.axf" @"objects.list"   -mcpu=cortex-m3 -T"C:\Users\abdullah\Desktop\MyOwnRTOS\MyOwnRTOS\STM32F103C8TX_FLASH.ld" --specs=nosys.specs -Wl,-Map="MyOwnRTOS.map" -Wl,--gc-sections -static --specs=nano.specs -mfloat-abi=soft -mthumb -Wl,--start-group -lc -lm -Wl,--end-group
Finished building target: MyOwnRTOS.axf
 
arm-none-eabi-size   MyOwnRTOS.axf 
arm-none-eabi-objdump -h -S  MyOwnRTOS.axf  > "MyOwnRTOS.list"
arm-none-eabi-objcopy  -O binary  MyOwnRTOS.axf  "MyOwnRTOS.bin"
   text	   data	    bss	    dec	    hex	filename
   3404	     12	   1652	   5068	   13cc	MyOwnRTOS.axf
Finished building: default.size.stdout
 
Finished building: MyOwnRTOS.bin
Finished building: MyOwnRTOS.list
 
 
15:06:42 **** Incremental Build of configuration Debug for project MyOwnRTOS ****
make -j4 all 
arm-none-eabi-gcc -gdwarf-2 "../Src/main.c" -mcpu=cortex-m3 -std=gnu11 -g3 -DSTM32 -DSTM32F1 -DSTM32F103C8Tx -DDEBUG -c -I../Inc -I"C:/Users/abdullah/Desktop/MyOwnRTOS/MyOwnRTOS/MyRTOS/inc" -I"C:/Users/abdullah/Desktop/MyOwnRTOS/MyOwnRTOS/Drivers/inc" -I"C:/Users/abdullah/Desktop/MyOwnRTOS/MyOwnRTOS/CMSIS" -O0 -ffunction-sections -fdata-sections -Wall -fstack-usage -MMD -MP -MF"Src/main.d" -MT"Src/main.o" --specs=nano.specs -mfloat-abi=soft -mthumb -o "Src/main.o"
arm-none-eabi-gcc -gdwarf-2 "../MyRTOS/cortex_mx_os_porting.c" -mcpu=cortex-m3 -std=gnu11 -g3 -DSTM32 -DSTM32F1 -DSTM32F103C8Tx -DDEBUG -c -I../Inc -I"C:/Users/abdullah/Desktop/MyOwnRTOS/MyOwnRTOS/MyRTOS/inc" -I"C:/Users/abdullah/Desktop/MyOwnRTOS/MyOwnRTOS/Drivers/inc" -I"C:/Users/abdullah/Desktop/MyOwnRTOS/MyOwnRTOS/CMSIS" -O0 -ffunction-sections -fdata-sections -Wall -fstack-usage -MMD -MP -MF"MyRTOS/cortex_mx_os_porting.d" -MT"MyRTOS/cortex_mx_os_porting.o" --specs=nano.specs -mfloat-abi=soft -mthumb -o "MyRTOS/cortex_mx_os_porting.o"
arm-none-eabi-gcc -gdwarf-2 "../MyRTOS/scheduler.c" -mcpu=cortex-m3 -std=gnu11 -g3 -DSTM32 -DSTM32F1 -DSTM32F103C8Tx -DDEBUG -c -I../Inc -I"C:/Users/abdullah/Desktop/MyOwnRTOS/MyOwnRTOS/MyRTOS/inc" -I"C:/Users/abdullah/Desktop/MyOwnRTOS/MyOwnRTOS/Drivers/inc" -I"C:/Users/abdullah/Desktop/MyOwnRTOS/MyOwnRTOS/CMSIS" -O0 -ffunction-sections -fdata-sections -Wall -fstack-usage -MMD -MP -MF"MyRTOS/scheduler.d" -MT"MyRTOS/scheduler.o" --specs=nano.specs -mfloat-abi=soft -mthumb -o "MyRTOS/scheduler.o"
../MyRTOS/scheduler.c: In function 'OS_SVC_services':
../MyRTOS/scheduler.c:32:10: warning: variable 'SVC_serviceNumber' set but not used [-Wunused-but-set-variable]
  uint8_t SVC_serviceNumber;
          ^~~~~~~~~~~~~~~~~
In file included from ../Src/main.c:27:0:
C:/Users/abdullah/Desktop/MyOwnRTOS/MyOwnRTOS/Drivers/inc/stm32f103c8.h:38:0: warning: "NVIC_BASE" redefined
 #define NVIC_BASE         0xE000E100UL
 
In file included from C:/Users/abdullah/Desktop/MyOwnRTOS/MyOwnRTOS/CMSIS/ARMCM3.h:98:0,
                 from C:/Users/abdullah/Desktop/MyOwnRTOS/MyOwnRTOS/CMSIS/core_cm3.h:24,
                 from ../Src/main.c:25:
C:/Users/abdullah/Desktop/MyOwnRTOS/MyOwnRTOS/CMSIS/core_cm3.h:1387:0: note: this is the location of the previous definition
 #define NVIC_BASE           (SCS_BASE +  0x0100UL)                    /*!< NVIC Base Address */
 
../Src/main.c: In function 'os_op':
../Src/main.c:116:4: warning: implicit declaration of function 'SET_PSP'; did you mean 'OS_SET_PSP'? [-Wimplicit-function-declaration]
    SET_PSP(_S_PSP_TSAK_A);/* Set PSP To TASK A Stack */
    ^~~~~~~
    OS_SET_PSP
../Src/main.c:117:4: warning: implicit declaration of function 'SET_SP_TO_PSP'; did you mean 'OS_SET_SP_TO_PSP'? [-Wimplicit-function-declaration]
    SET_SP_TO_PSP();/* SP->PSP */
    ^~~~~~~~~~~~~
    OS_SET_SP_TO_PSP
../Src/main.c:118:4: warning: implicit declaration of function 'UNPRIVILEGED_ACCESS_LEVEL'; did you mean 'OS_PRIVILEGED_ACCESS_LEVEL'? [-Wimplicit-function-declaration]
    UNPRIVILEGED_ACCESS_LEVEL(); /*Privileged -> Unprivileged */
    ^~~~~~~~~~~~~~~~~~~~~~~~~
    OS_PRIVILEGED_ACCESS_LEVEL
../Src/main.c:122:4: warning: implicit declaration of function 'OS_Generate_Exception' [-Wimplicit-function-declaration]
    OS_Generate_Exception();
    ^~~~~~~~~~~~~~~~~~~~~
../Src/main.c:123:4: warning: implicit declaration of function 'SET_SP_TO_MSP'; did you mean 'OS_SET_SP_TO_MSP'? [-Wimplicit-function-declaration]
    SET_SP_TO_MSP();/* SP->MSP */
    ^~~~~~~~~~~~~
    OS_SET_SP_TO_MSP
arm-none-eabi-gcc -gdwarf-2 -o "MyOwnRTOS.axf" @"objects.list"   -mcpu=cortex-m3 -T"C:\Users\abdullah\Desktop\MyOwnRTOS\MyOwnRTOS\STM32F103C8TX_FLASH.ld" --specs=nosys.specs -Wl,-Map="MyOwnRTOS.map" -Wl,--gc-sections -static --specs=nano.specs -mfloat-abi=soft -mthumb -Wl,--start-group -lc -lm -Wl,--end-group
Finished building target: MyOwnRTOS.axf
 
arm-none-eabi-objdump -h -S  MyOwnRTOS.axf  > "MyOwnRTOS.list"
arm-none-eabi-objcopy  -O binary  MyOwnRTOS.axf  "MyOwnRTOS.bin"
arm-none-eabi-size   MyOwnRTOS.axf 
   text	   data	    bss	    dec	    hex	filename
   1192	      8	   1624	   2824	    b08	MyOwnRTOS.axf
Finished building: default.size.stdout
 
Finished building: MyOwnRTOS.bin
Finished building: MyOwnRTOS.list
 
 
13:19:20 **** Incremental Build of configuration Debug for project MyOwnRTOS ****
make -j4 all 
arm-none-eabi-gcc -gdwarf-2 "../Src/main.c" -mcpu=cortex-m3 -std=gnu11 -g3 -DSTM32 -DSTM32F1 -DSTM32F103C8Tx -DDEBUG -c -I../Inc -I"C:/Users/abdullah/Desktop/MyOwnRTOS/MyOwnRTOS/MyRTOS/inc" -I"C:/Users/abdullah/Desktop/MyOwnRTOS/MyOwnRTOS/Drivers/inc" -I"C:/Users/abdullah/Desktop/MyOwnRTOS/MyOwnRTOS/CMSIS" -O0 -ffunction-sections -fdata-sections -Wall -fstack-usage -MMD -MP -MF"Src/main.d" -MT"Src/main.o" --specs=nano.specs -mfloat-abi=soft -mthumb -o "Src/main.o"
arm-none-eabi-gcc -gdwarf-2 "../MyRTOS/cortex_mx_os_porting.c" -mcpu=cortex-m3 -std=gnu11 -g3 -DSTM32 -DSTM32F1 -DSTM32F103C8Tx -DDEBUG -c -I../Inc -I"C:/Users/abdullah/Desktop/MyOwnRTOS/MyOwnRTOS/MyRTOS/inc" -I"C:/Users/abdullah/Desktop/MyOwnRTOS/MyOwnRTOS/Drivers/inc" -I"C:/Users/abdullah/Desktop/MyOwnRTOS/MyOwnRTOS/CMSIS" -O0 -ffunction-sections -fdata-sections -Wall -fstack-usage -MMD -MP -MF"MyRTOS/cortex_mx_os_porting.d" -MT"MyRTOS/cortex_mx_os_porting.o" --specs=nano.specs -mfloat-abi=soft -mthumb -o "MyRTOS/cortex_mx_os_porting.o"
arm-none-eabi-gcc -gdwarf-2 "../MyRTOS/rtos_fifo.c" -mcpu=cortex-m3 -std=gnu11 -g3 -DSTM32 -DSTM32F1 -DSTM32F103C8Tx -DDEBUG -c -I../Inc -I"C:/Users/abdullah/Desktop/MyOwnRTOS/MyOwnRTOS/MyRTOS/inc" -I"C:/Users/abdullah/Desktop/MyOwnRTOS/MyOwnRTOS/Drivers/inc" -I"C:/Users/abdullah/Desktop/MyOwnRTOS/MyOwnRTOS/CMSIS" -O0 -ffunction-sections -fdata-sections -Wall -fstack-usage -MMD -MP -MF"MyRTOS/rtos_fifo.d" -MT"MyRTOS/rtos_fifo.o" --specs=nano.specs -mfloat-abi=soft -mthumb -o "MyRTOS/rtos_fifo.o"
arm-none-eabi-gcc -gdwarf-2 "../MyRTOS/scheduler.c" -mcpu=cortex-m3 -std=gnu11 -g3 -DSTM32 -DSTM32F1 -DSTM32F103C8Tx -DDEBUG -c -I../Inc -I"C:/Users/abdullah/Desktop/MyOwnRTOS/MyOwnRTOS/MyRTOS/inc" -I"C:/Users/abdullah/Desktop/MyOwnRTOS/MyOwnRTOS/Drivers/inc" -I"C:/Users/abdullah/Desktop/MyOwnRTOS/MyOwnRTOS/CMSIS" -O0 -ffunction-sections -fdata-sections -Wall -fstack-usage -MMD -MP -MF"MyRTOS/scheduler.d" -MT"MyRTOS/scheduler.o" --specs=nano.specs -mfloat-abi=soft -mthumb -o "MyRTOS/scheduler.o"
../MyRTOS/rtos_fifo.c: In function 'FIFO_print':
../MyRTOS/rtos_fifo.c:108:3: warning: implicit declaration of function 'printf' [-Wimplicit-function-declaration]
   printf("FIFO IS EMPTY\n");
   ^~~~~~
../MyRTOS/rtos_fifo.c:108:3: warning: incompatible implicit declaration of built-in function 'printf'
../MyRTOS/rtos_fifo.c:108:3: note: include '<stdio.h>' or provide a declaration of 'printf'
../MyRTOS/rtos_fifo.c:112:3: warning: incompatible implicit declaration of built-in function 'printf'
   printf("====Printing The FIFO====\n");
   ^~~~~~
../MyRTOS/rtos_fifo.c:112:3: note: include '<stdio.h>' or provide a declaration of 'printf'
../MyRTOS/rtos_fifo.c:115:13: warning: format '%x' expects argument of type 'unsigned int', but argument 2 has type 'uint32_t {aka long unsigned int}' [-Wformat=]
    printf("%x\n",*temp);
            ~^    ~~~~~
            %lx
In file included from ../Src/main.c:27:0:
C:/Users/abdullah/Desktop/MyOwnRTOS/MyOwnRTOS/Drivers/inc/stm32f103c8.h:38:0: warning: "NVIC_BASE" redefined
 #define NVIC_BASE         0xE000E100UL
 
In file included from C:/Users/abdullah/Desktop/MyOwnRTOS/MyOwnRTOS/CMSIS/ARMCM3.h:98:0,
                 from C:/Users/abdullah/Desktop/MyOwnRTOS/MyOwnRTOS/CMSIS/core_cm3.h:24,
                 from ../Src/main.c:25:
C:/Users/abdullah/Desktop/MyOwnRTOS/MyOwnRTOS/CMSIS/core_cm3.h:1387:0: note: this is the location of the previous definition
 #define NVIC_BASE           (SCS_BASE +  0x0100UL)                    /*!< NVIC Base Address */
 
../Src/main.c: In function 'os_op':
../Src/main.c:73:35: error: 'TASK_A_STACK_SIZE' undeclared (first use in this function)
  _E_PSP_TSAK_A = (_S_PSP_TSAK_A - TASK_A_STACK_SIZE);
                                   ^~~~~~~~~~~~~~~~~
../Src/main.c:73:35: note: each undeclared identifier is reported only once for each function it appears in
../Src/main.c:77:35: error: 'TASK_B_STACK_SIZE' undeclared (first use in this function); did you mean 'TASK_A_STACK_SIZE'?
  _E_PSP_TSAK_B = (_S_PSP_TSAK_B - TASK_B_STACK_SIZE);
                                   ^~~~~~~~~~~~~~~~~
                                   TASK_A_STACK_SIZE
../Src/main.c:82:6: error: 'TASK_A_Flag' undeclared (first use in this function)
   if(TASK_A_Flag == 1)
      ^~~~~~~~~~~
../Src/main.c:85:4: warning: implicit declaration of function 'SET_PSP'; did you mean 'OS_SET_PSP'? [-Wimplicit-function-declaration]
    SET_PSP(_S_PSP_TSAK_A);/* Set PSP To TASK A Stack */
    ^~~~~~~
    OS_SET_PSP
../Src/main.c:86:4: warning: implicit declaration of function 'SET_SP_TO_PSP'; did you mean 'OS_SET_SP_TO_PSP'? [-Wimplicit-function-declaration]
    SET_SP_TO_PSP();/* SP->PSP */
    ^~~~~~~~~~~~~
    OS_SET_SP_TO_PSP
../Src/main.c:87:4: warning: implicit declaration of function 'UNPRIVILEGED_ACCESS_LEVEL'; did you mean 'OS_PRIVILEGED_ACCESS_LEVEL'? [-Wimplicit-function-declaration]
    UNPRIVILEGED_ACCESS_LEVEL(); /*Privileged -> Unprivileged */
    ^~~~~~~~~~~~~~~~~~~~~~~~~
    OS_PRIVILEGED_ACCESS_LEVEL
../Src/main.c:89:4: error: 'rseTaskA' undeclared (first use in this function)
    rseTaskA = TASK_A(1,2,3);
    ^~~~~~~~
../Src/main.c:89:15: warning: implicit declaration of function 'TASK_A' [-Wimplicit-function-declaration]
    rseTaskA = TASK_A(1,2,3);
               ^~~~~~
../Src/main.c:91:4: warning: implicit declaration of function 'OS_Generate_Exception' [-Wimplicit-function-declaration]
    OS_Generate_Exception();
    ^~~~~~~~~~~~~~~~~~~~~
../Src/main.c:92:4: warning: implicit declaration of function 'SET_SP_TO_MSP'; did you mean 'OS_SET_SP_TO_MSP'? [-Wimplicit-function-declaration]
    SET_SP_TO_MSP();/* SP->MSP */
    ^~~~~~~~~~~~~
    OS_SET_SP_TO_MSP
../Src/main.c:94:12: error: 'TASK_B_Flag' undeclared (first use in this function); did you mean 'TASK_A_Flag'?
   }else if(TASK_B_Flag == 1)
            ^~~~~~~~~~~
            TASK_A_Flag
../Src/main.c:101:4: error: 'rseTaskB' undeclared (first use in this function); did you mean 'rseTaskA'?
    rseTaskB = TASK_B(1,2,3,4);
    ^~~~~~~~
    rseTaskA
../Src/main.c:101:15: warning: implicit declaration of function 'TASK_B' [-Wimplicit-function-declaration]
    rseTaskB = TASK_B(1,2,3,4);
               ^~~~~~
../Src/main.c: In function 'main':
../Src/main.c:123:2: warning: implicit declaration of function 'OS_HW_Init'; did you mean 'HW_Init'? [-Wimplicit-function-declaration]
  OS_HW_Init();
  ^~~~~~~~~~
  HW_Init
make: *** [Src/subdir.mk:24: Src/main.o] Error 1
"make -j4 all" terminated with exit code 2. Build might be incomplete.
13:47:29 **** Incremental Build of configuration Debug for project MyOwnRTOS ****
make -j4 all 
arm-none-eabi-gcc -gdwarf-2 "../Src/main.c" -mcpu=cortex-m3 -std=gnu11 -g3 -DSTM32 -DSTM32F1 -DSTM32F103C8Tx -DDEBUG -c -I../Inc -I"C:/Users/abdullah/Desktop/MyOwnRTOS/MyOwnRTOS/MyRTOS/inc" -I"C:/Users/abdullah/Desktop/MyOwnRTOS/MyOwnRTOS/Drivers/inc" -I"C:/Users/abdullah/Desktop/MyOwnRTOS/MyOwnRTOS/CMSIS" -O0 -ffunction-sections -fdata-sections -Wall -fstack-usage -MMD -MP -MF"Src/main.d" -MT"Src/main.o" --specs=nano.specs -mfloat-abi=soft -mthumb -o "Src/main.o"
arm-none-eabi-gcc -gdwarf-2 "../MyRTOS/rtos_fifo.c" -mcpu=cortex-m3 -std=gnu11 -g3 -DSTM32 -DSTM32F1 -DSTM32F103C8Tx -DDEBUG -c -I../Inc -I"C:/Users/abdullah/Desktop/MyOwnRTOS/MyOwnRTOS/MyRTOS/inc" -I"C:/Users/abdullah/Desktop/MyOwnRTOS/MyOwnRTOS/Drivers/inc" -I"C:/Users/abdullah/Desktop/MyOwnRTOS/MyOwnRTOS/CMSIS" -O0 -ffunction-sections -fdata-sections -Wall -fstack-usage -MMD -MP -MF"MyRTOS/rtos_fifo.d" -MT"MyRTOS/rtos_fifo.o" --specs=nano.specs -mfloat-abi=soft -mthumb -o "MyRTOS/rtos_fifo.o"
In file included from ../MyRTOS/rtos_fifo.c:16:0:
C:/Users/abdullah/Desktop/MyOwnRTOS/MyOwnRTOS/MyRTOS/inc/rtos_fifo.h:79:8: warning: "/*" within comment [-Wcomment]
 #endif /* INC_RTOS_FIFO_H_ */
         
In file included from ../MyRTOS/rtos_fifo.c:16:0:
C:/Users/abdullah/Desktop/MyOwnRTOS/MyOwnRTOS/MyRTOS/inc/rtos_fifo.h:12:0: error: unterminated #ifndef
 #ifndef INC_RTOS_FIFO_H_
 
make: *** [MyRTOS/subdir.mk:26: MyRTOS/rtos_fifo.o] Error 1
make: *** Waiting for unfinished jobs....
In file included from ../Src/main.c:27:0:
C:/Users/abdullah/Desktop/MyOwnRTOS/MyOwnRTOS/Drivers/inc/stm32f103c8.h:38:0: warning: "NVIC_BASE" redefined
 #define NVIC_BASE         0xE000E100UL
 
In file included from C:/Users/abdullah/Desktop/MyOwnRTOS/MyOwnRTOS/CMSIS/ARMCM3.h:98:0,
                 from C:/Users/abdullah/Desktop/MyOwnRTOS/MyOwnRTOS/CMSIS/core_cm3.h:24,
                 from ../Src/main.c:25:
C:/Users/abdullah/Desktop/MyOwnRTOS/MyOwnRTOS/CMSIS/core_cm3.h:1387:0: note: this is the location of the previous definition
 #define NVIC_BASE           (SCS_BASE +  0x0100UL)                    /*!< NVIC Base Address */
 
../Src/main.c: In function 'os_op':
../Src/main.c:73:35: error: 'TASK_A_STACK_SIZE' undeclared (first use in this function)
  _E_PSP_TSAK_A = (_S_PSP_TSAK_A - TASK_A_STACK_SIZE);
                                   ^~~~~~~~~~~~~~~~~
../Src/main.c:73:35: note: each undeclared identifier is reported only once for each function it appears in
../Src/main.c:77:35: error: 'TASK_B_STACK_SIZE' undeclared (first use in this function); did you mean 'TASK_A_STACK_SIZE'?
  _E_PSP_TSAK_B = (_S_PSP_TSAK_B - TASK_B_STACK_SIZE);
                                   ^~~~~~~~~~~~~~~~~
                                   TASK_A_STACK_SIZE
../Src/main.c:82:6: error: 'TASK_A_Flag' undeclared (first use in this function)
   if(TASK_A_Flag == 1)
      ^~~~~~~~~~~
../Src/main.c:85:4: warning: implicit declaration of function 'SET_PSP'; did you mean 'OS_SET_PSP'? [-Wimplicit-function-declaration]
    SET_PSP(_S_PSP_TSAK_A);/* Set PSP To TASK A Stack */
    ^~~~~~~
    OS_SET_PSP
../Src/main.c:86:4: warning: implicit declaration of function 'SET_SP_TO_PSP'; did you mean 'OS_SET_SP_TO_PSP'? [-Wimplicit-function-declaration]
    SET_SP_TO_PSP();/* SP->PSP */
    ^~~~~~~~~~~~~
    OS_SET_SP_TO_PSP
../Src/main.c:87:4: warning: implicit declaration of function 'UNPRIVILEGED_ACCESS_LEVEL'; did you mean 'OS_PRIVILEGED_ACCESS_LEVEL'? [-Wimplicit-function-declaration]
    UNPRIVILEGED_ACCESS_LEVEL(); /*Privileged -> Unprivileged */
    ^~~~~~~~~~~~~~~~~~~~~~~~~
    OS_PRIVILEGED_ACCESS_LEVEL
../Src/main.c:89:4: error: 'rseTaskA' undeclared (first use in this function)
    rseTaskA = TASK_A(1,2,3);
    ^~~~~~~~
../Src/main.c:89:15: warning: implicit declaration of function 'TASK_A' [-Wimplicit-function-declaration]
    rseTaskA = TASK_A(1,2,3);
               ^~~~~~
../Src/main.c:91:4: warning: implicit declaration of function 'OS_Generate_Exception' [-Wimplicit-function-declaration]
    OS_Generate_Exception();
    ^~~~~~~~~~~~~~~~~~~~~
../Src/main.c:92:4: warning: implicit declaration of function 'SET_SP_TO_MSP'; did you mean 'OS_SET_SP_TO_MSP'? [-Wimplicit-function-declaration]
    SET_SP_TO_MSP();/* SP->MSP */
    ^~~~~~~~~~~~~
    OS_SET_SP_TO_MSP
../Src/main.c:94:12: error: 'TASK_B_Flag' undeclared (first use in this function); did you mean 'TASK_A_Flag'?
   }else if(TASK_B_Flag == 1)
            ^~~~~~~~~~~
            TASK_A_Flag
../Src/main.c:101:4: error: 'rseTaskB' undeclared (first use in this function); did you mean 'rseTaskA'?
    rseTaskB = TASK_B(1,2,3,4);
    ^~~~~~~~
    rseTaskA
../Src/main.c:101:15: warning: implicit declaration of function 'TASK_B' [-Wimplicit-function-declaration]
    rseTaskB = TASK_B(1,2,3,4);
               ^~~~~~
make: *** [Src/subdir.mk:24: Src/main.o] Error 1
"make -j4 all" terminated with exit code 2. Build might be incomplete.
13:48:33 **** Incremental Build of configuration Debug for project MyOwnRTOS ****
make -j4 all 
arm-none-eabi-gcc -gdwarf-2 "../Src/main.c" -mcpu=cortex-m3 -std=gnu11 -g3 -DSTM32 -DSTM32F1 -DSTM32F103C8Tx -DDEBUG -c -I../Inc -I"C:/Users/abdullah/Desktop/MyOwnRTOS/MyOwnRTOS/MyRTOS/inc" -I"C:/Users/abdullah/Desktop/MyOwnRTOS/MyOwnRTOS/Drivers/inc" -I"C:/Users/abdullah/Desktop/MyOwnRTOS/MyOwnRTOS/CMSIS" -O0 -ffunction-sections -fdata-sections -Wall -fstack-usage -MMD -MP -MF"Src/main.d" -MT"Src/main.o" --specs=nano.specs -mfloat-abi=soft -mthumb -o "Src/main.o"
arm-none-eabi-gcc -gdwarf-2 "../MyRTOS/rtos_fifo.c" -mcpu=cortex-m3 -std=gnu11 -g3 -DSTM32 -DSTM32F1 -DSTM32F103C8Tx -DDEBUG -c -I../Inc -I"C:/Users/abdullah/Desktop/MyOwnRTOS/MyOwnRTOS/MyRTOS/inc" -I"C:/Users/abdullah/Desktop/MyOwnRTOS/MyOwnRTOS/Drivers/inc" -I"C:/Users/abdullah/Desktop/MyOwnRTOS/MyOwnRTOS/CMSIS" -O0 -ffunction-sections -fdata-sections -Wall -fstack-usage -MMD -MP -MF"MyRTOS/rtos_fifo.d" -MT"MyRTOS/rtos_fifo.o" --specs=nano.specs -mfloat-abi=soft -mthumb -o "MyRTOS/rtos_fifo.o"
In file included from ../Src/main.c:27:0:
C:/Users/abdullah/Desktop/MyOwnRTOS/MyOwnRTOS/Drivers/inc/stm32f103c8.h:38:0: warning: "NVIC_BASE" redefined
 #define NVIC_BASE         0xE000E100UL
 
In file included from C:/Users/abdullah/Desktop/MyOwnRTOS/MyOwnRTOS/CMSIS/ARMCM3.h:98:0,
                 from C:/Users/abdullah/Desktop/MyOwnRTOS/MyOwnRTOS/CMSIS/core_cm3.h:24,
                 from ../Src/main.c:25:
C:/Users/abdullah/Desktop/MyOwnRTOS/MyOwnRTOS/CMSIS/core_cm3.h:1387:0: note: this is the location of the previous definition
 #define NVIC_BASE           (SCS_BASE +  0x0100UL)                    /*!< NVIC Base Address */
 
../Src/main.c: In function 'os_op':
../Src/main.c:73:35: error: 'TASK_A_STACK_SIZE' undeclared (first use in this function)
  _E_PSP_TSAK_A = (_S_PSP_TSAK_A - TASK_A_STACK_SIZE);
                                   ^~~~~~~~~~~~~~~~~
../Src/main.c:73:35: note: each undeclared identifier is reported only once for each function it appears in
../Src/main.c:77:35: error: 'TASK_B_STACK_SIZE' undeclared (first use in this function); did you mean 'TASK_A_STACK_SIZE'?
  _E_PSP_TSAK_B = (_S_PSP_TSAK_B - TASK_B_STACK_SIZE);
                                   ^~~~~~~~~~~~~~~~~
                                   TASK_A_STACK_SIZE
../Src/main.c:82:6: error: 'TASK_A_Flag' undeclared (first use in this function)
   if(TASK_A_Flag == 1)
      ^~~~~~~~~~~
../Src/main.c:85:4: warning: implicit declaration of function 'SET_PSP'; did you mean 'OS_SET_PSP'? [-Wimplicit-function-declaration]
    SET_PSP(_S_PSP_TSAK_A);/* Set PSP To TASK A Stack */
    ^~~~~~~
    OS_SET_PSP
../Src/main.c:86:4: warning: implicit declaration of function 'SET_SP_TO_PSP'; did you mean 'OS_SET_SP_TO_PSP'? [-Wimplicit-function-declaration]
    SET_SP_TO_PSP();/* SP->PSP */
    ^~~~~~~~~~~~~
    OS_SET_SP_TO_PSP
../Src/main.c:87:4: warning: implicit declaration of function 'UNPRIVILEGED_ACCESS_LEVEL'; did you mean 'OS_PRIVILEGED_ACCESS_LEVEL'? [-Wimplicit-function-declaration]
    UNPRIVILEGED_ACCESS_LEVEL(); /*Privileged -> Unprivileged */
    ^~~~~~~~~~~~~~~~~~~~~~~~~
    OS_PRIVILEGED_ACCESS_LEVEL
../Src/main.c:89:4: error: 'rseTaskA' undeclared (first use in this function)
    rseTaskA = TASK_A(1,2,3);
    ^~~~~~~~
../Src/main.c:89:15: warning: implicit declaration of function 'TASK_A' [-Wimplicit-function-declaration]
    rseTaskA = TASK_A(1,2,3);
               ^~~~~~
../Src/main.c:91:4: warning: implicit declaration of function 'OS_Generate_Exception' [-Wimplicit-function-declaration]
    OS_Generate_Exception();
    ^~~~~~~~~~~~~~~~~~~~~
../Src/main.c:92:4: warning: implicit declaration of function 'SET_SP_TO_MSP'; did you mean 'OS_SET_SP_TO_MSP'? [-Wimplicit-function-declaration]
    SET_SP_TO_MSP();/* SP->MSP */
    ^~~~~~~~~~~~~
    OS_SET_SP_TO_MSP
../Src/main.c:94:12: error: 'TASK_B_Flag' undeclared (first use in this function); did you mean 'TASK_A_Flag'?
   }else if(TASK_B_Flag == 1)
            ^~~~~~~~~~~
            TASK_A_Flag
../Src/main.c:101:4: error: 'rseTaskB' undeclared (first use in this function); did you mean 'rseTaskA'?
    rseTaskB = TASK_B(1,2,3,4);
    ^~~~~~~~
    rseTaskA
../Src/main.c:101:15: warning: implicit declaration of function 'TASK_B' [-Wimplicit-function-declaration]
    rseTaskB = TASK_B(1,2,3,4);
               ^~~~~~
make: *** [Src/subdir.mk:24: Src/main.o] Error 1
"make -j4 all" terminated with exit code 2. Build might be incomplete.
13:49:02 **** Incremental Build of configuration Debug for project MyOwnRTOS ****
make -j4 all 
arm-none-eabi-gcc -gdwarf-2 "../Src/main.c" -mcpu=cortex-m3 -std=gnu11 -g3 -DSTM32 -DSTM32F1 -DSTM32F103C8Tx -DDEBUG -c -I../Inc -I"C:/Users/abdullah/Desktop/MyOwnRTOS/MyOwnRTOS/MyRTOS/inc" -I"C:/Users/abdullah/Desktop/MyOwnRTOS/MyOwnRTOS/Drivers/inc" -I"C:/Users/abdullah/Desktop/MyOwnRTOS/MyOwnRTOS/CMSIS" -O0 -ffunction-sections -fdata-sections -Wall -fstack-usage -MMD -MP -MF"Src/main.d" -MT"Src/main.o" --specs=nano.specs -mfloat-abi=soft -mthumb -o "Src/main.o"
In file included from ../Src/main.c:27:0:
C:/Users/abdullah/Desktop/MyOwnRTOS/MyOwnRTOS/Drivers/inc/stm32f103c8.h:38:0: warning: "NVIC_BASE" redefined
 #define NVIC_BASE         0xE000E100UL
 
In file included from C:/Users/abdullah/Desktop/MyOwnRTOS/MyOwnRTOS/CMSIS/ARMCM3.h:98:0,
                 from C:/Users/abdullah/Desktop/MyOwnRTOS/MyOwnRTOS/CMSIS/core_cm3.h:24,
                 from ../Src/main.c:25:
C:/Users/abdullah/Desktop/MyOwnRTOS/MyOwnRTOS/CMSIS/core_cm3.h:1387:0: note: this is the location of the previous definition
 #define NVIC_BASE           (SCS_BASE +  0x0100UL)                    /*!< NVIC Base Address */
 
../Src/main.c: In function 'os_op':
../Src/main.c:73:35: error: 'TASK_A_STACK_SIZE' undeclared (first use in this function)
  _E_PSP_TSAK_A = (_S_PSP_TSAK_A - TASK_A_STACK_SIZE);
                                   ^~~~~~~~~~~~~~~~~
../Src/main.c:73:35: note: each undeclared identifier is reported only once for each function it appears in
../Src/main.c:77:35: error: 'TASK_B_STACK_SIZE' undeclared (first use in this function); did you mean 'TASK_A_STACK_SIZE'?
  _E_PSP_TSAK_B = (_S_PSP_TSAK_B - TASK_B_STACK_SIZE);
                                   ^~~~~~~~~~~~~~~~~
                                   TASK_A_STACK_SIZE
make: *** [Src/subdir.mk:24: Src/main.o] Error 1
"make -j4 all" terminated with exit code 2. Build might be incomplete.
13:49:14 **** Incremental Build of configuration Debug for project MyOwnRTOS ****
make -j4 all 
arm-none-eabi-gcc -gdwarf-2 "../Src/main.c" -mcpu=cortex-m3 -std=gnu11 -g3 -DSTM32 -DSTM32F1 -DSTM32F103C8Tx -DDEBUG -c -I../Inc -I"C:/Users/abdullah/Desktop/MyOwnRTOS/MyOwnRTOS/MyRTOS/inc" -I"C:/Users/abdullah/Desktop/MyOwnRTOS/MyOwnRTOS/Drivers/inc" -I"C:/Users/abdullah/Desktop/MyOwnRTOS/MyOwnRTOS/CMSIS" -O0 -ffunction-sections -fdata-sections -Wall -fstack-usage -MMD -MP -MF"Src/main.d" -MT"Src/main.o" --specs=nano.specs -mfloat-abi=soft -mthumb -o "Src/main.o"
In file included from ../Src/main.c:27:0:
C:/Users/abdullah/Desktop/MyOwnRTOS/MyOwnRTOS/Drivers/inc/stm32f103c8.h:38:0: warning: "NVIC_BASE" redefined
 #define NVIC_BASE         0xE000E100UL
 
In file included from C:/Users/abdullah/Desktop/MyOwnRTOS/MyOwnRTOS/CMSIS/ARMCM3.h:98:0,
                 from C:/Users/abdullah/Desktop/MyOwnRTOS/MyOwnRTOS/CMSIS/core_cm3.h:24,
                 from ../Src/main.c:25:
C:/Users/abdullah/Desktop/MyOwnRTOS/MyOwnRTOS/CMSIS/core_cm3.h:1387:0: note: this is the location of the previous definition
 #define NVIC_BASE           (SCS_BASE +  0x0100UL)                    /*!< NVIC Base Address */
 
arm-none-eabi-gcc -gdwarf-2 -o "MyOwnRTOS.axf" @"objects.list"   -mcpu=cortex-m3 -T"C:\Users\abdullah\Desktop\MyOwnRTOS\MyOwnRTOS\STM32F103C8TX_FLASH.ld" --specs=nosys.specs -Wl,-Map="MyOwnRTOS.map" -Wl,--gc-sections -static --specs=nano.specs -mfloat-abi=soft -mthumb -Wl,--start-group -lc -lm -Wl,--end-group
Finished building target: MyOwnRTOS.axf
 
arm-none-eabi-objdump -h -S  MyOwnRTOS.axf  > "MyOwnRTOS.list"
arm-none-eabi-objcopy  -O binary  MyOwnRTOS.axf  "MyOwnRTOS.bin"
arm-none-eabi-size   MyOwnRTOS.axf 
   text	   data	    bss	    dec	    hex	filename
   1252	      8	   1624	   2884	    b44	MyOwnRTOS.axf
Finished building: default.size.stdout
 
Finished building: MyOwnRTOS.bin
 
Finished building: MyOwnRTOS.list
 
14:08:44 **** Incremental Build of configuration Debug for project MyOwnRTOS ****
make -j4 all 
arm-none-eabi-gcc -gdwarf-2 "../MyRTOS/rtos_fifo.c" -mcpu=cortex-m3 -std=gnu11 -g3 -DSTM32 -DSTM32F1 -DSTM32F103C8Tx -DDEBUG -c -I../Inc -I"C:/Users/abdullah/Desktop/MyOwnRTOS/MyOwnRTOS/MyRTOS/inc" -I"C:/Users/abdullah/Desktop/MyOwnRTOS/MyOwnRTOS/Drivers/inc" -I"C:/Users/abdullah/Desktop/MyOwnRTOS/MyOwnRTOS/CMSIS" -O0 -ffunction-sections -fdata-sections -Wall -fstack-usage -MMD -MP -MF"MyRTOS/rtos_fifo.d" -MT"MyRTOS/rtos_fifo.o" --specs=nano.specs -mfloat-abi=soft -mthumb -o "MyRTOS/rtos_fifo.o"
../MyRTOS/rtos_fifo.c: In function 'FIFO_init':
../MyRTOS/rtos_fifo.c:34:6: error: 'FIFO_t {aka struct <anonymous>}' has no member named 'base'
  fifo->base = buff;
      ^~
../MyRTOS/rtos_fifo.c:35:6: error: 'FIFO_t {aka struct <anonymous>}' has no member named 'head'
  fifo->head = buff;
      ^~
../MyRTOS/rtos_fifo.c:36:6: error: 'FIFO_t {aka struct <anonymous>}' has no member named 'tail'
  fifo->tail = buff;
      ^~
../MyRTOS/rtos_fifo.c: In function 'FIFO_enqueue':
../MyRTOS/rtos_fifo.c:50:11: error: 'FIFO_t {aka struct <anonymous>}' has no member named 'base'
  if(!(fifo->base) || !(fifo->head) || !(fifo->tail))
           ^~
../MyRTOS/rtos_fifo.c:50:28: error: 'FIFO_t {aka struct <anonymous>}' has no member named 'head'
  if(!(fifo->base) || !(fifo->head) || !(fifo->tail))
                            ^~
../MyRTOS/rtos_fifo.c:50:45: error: 'FIFO_t {aka struct <anonymous>}' has no member named 'tail'
  if(!(fifo->base) || !(fifo->head) || !(fifo->tail))
                                             ^~
../MyRTOS/rtos_fifo.c:61:8: error: 'FIFO_t {aka struct <anonymous>}' has no member named 'tail'
  *(fifo->tail) = item;
        ^~
../MyRTOS/rtos_fifo.c:63:9: error: 'FIFO_t {aka struct <anonymous>}' has no member named 'tail'
  if(fifo->tail == (fifo->base + (fifo->length * sizeof(DATA_TYPE_t))))
         ^~
../MyRTOS/rtos_fifo.c:63:24: error: 'FIFO_t {aka struct <anonymous>}' has no member named 'base'
  if(fifo->tail == (fifo->base + (fifo->length * sizeof(DATA_TYPE_t))))
                        ^~
../MyRTOS/rtos_fifo.c:65:7: error: 'FIFO_t {aka struct <anonymous>}' has no member named 'tail'
   fifo->tail = fifo->base;
       ^~
../MyRTOS/rtos_fifo.c:65:20: error: 'FIFO_t {aka struct <anonymous>}' has no member named 'base'
   fifo->tail = fifo->base;
                    ^~
../MyRTOS/rtos_fifo.c:69:7: error: 'FIFO_t {aka struct <anonymous>}' has no member named 'tail'
   fifo->tail++;
       ^~
../MyRTOS/rtos_fifo.c: In function 'FIFO_dequeue':
../MyRTOS/rtos_fifo.c:81:11: error: 'FIFO_t {aka struct <anonymous>}' has no member named 'base'
  if(!(fifo->base) || !(fifo->head) || !(fifo->tail))
           ^~
../MyRTOS/rtos_fifo.c:81:28: error: 'FIFO_t {aka struct <anonymous>}' has no member named 'head'
  if(!(fifo->base) || !(fifo->head) || !(fifo->tail))
                            ^~
../MyRTOS/rtos_fifo.c:81:45: error: 'FIFO_t {aka struct <anonymous>}' has no member named 'tail'
  if(!(fifo->base) || !(fifo->head) || !(fifo->tail))
                                             ^~
../MyRTOS/rtos_fifo.c:92:16: error: 'FIFO_t {aka struct <anonymous>}' has no member named 'head'
  *item = *(fifo->head);
                ^~
../MyRTOS/rtos_fifo.c:94:9: error: 'FIFO_t {aka struct <anonymous>}' has no member named 'head'
  if(fifo->head == (fifo->base + (fifo->length * sizeof(DATA_TYPE_t))))
         ^~
../MyRTOS/rtos_fifo.c:94:24: error: 'FIFO_t {aka struct <anonymous>}' has no member named 'base'
  if(fifo->head == (fifo->base + (fifo->length * sizeof(DATA_TYPE_t))))
                        ^~
../MyRTOS/rtos_fifo.c:96:7: error: 'FIFO_t {aka struct <anonymous>}' has no member named 'head'
   fifo->head = fifo->base;
       ^~
../MyRTOS/rtos_fifo.c:96:20: error: 'FIFO_t {aka struct <anonymous>}' has no member named 'base'
   fifo->head = fifo->base;
                    ^~
../MyRTOS/rtos_fifo.c:100:7: error: 'FIFO_t {aka struct <anonymous>}' has no member named 'head'
   fifo->head++;
       ^~
make: *** [MyRTOS/subdir.mk:26: MyRTOS/rtos_fifo.o] Error 1
"make -j4 all" terminated with exit code 2. Build might be incomplete.
14:09:01 **** Incremental Build of configuration Debug for project MyOwnRTOS ****
make -j4 all 
arm-none-eabi-gcc -gdwarf-2 "../MyRTOS/rtos_fifo.c" -mcpu=cortex-m3 -std=gnu11 -g3 -DSTM32 -DSTM32F1 -DSTM32F103C8Tx -DDEBUG -c -I../Inc -I"C:/Users/abdullah/Desktop/MyOwnRTOS/MyOwnRTOS/MyRTOS/inc" -I"C:/Users/abdullah/Desktop/MyOwnRTOS/MyOwnRTOS/Drivers/inc" -I"C:/Users/abdullah/Desktop/MyOwnRTOS/MyOwnRTOS/CMSIS" -O0 -ffunction-sections -fdata-sections -Wall -fstack-usage -MMD -MP -MF"MyRTOS/rtos_fifo.d" -MT"MyRTOS/rtos_fifo.o" --specs=nano.specs -mfloat-abi=soft -mthumb -o "MyRTOS/rtos_fifo.o"
arm-none-eabi-gcc -gdwarf-2 -o "MyOwnRTOS.axf" @"objects.list"   -mcpu=cortex-m3 -T"C:\Users\abdullah\Desktop\MyOwnRTOS\MyOwnRTOS\STM32F103C8TX_FLASH.ld" --specs=nosys.specs -Wl,-Map="MyOwnRTOS.map" -Wl,--gc-sections -static --specs=nano.specs -mfloat-abi=soft -mthumb -Wl,--start-group -lc -lm -Wl,--end-group
Finished building target: MyOwnRTOS.axf
 
arm-none-eabi-objdump -h -S  MyOwnRTOS.axf  > "MyOwnRTOS.list"
arm-none-eabi-objcopy  -O binary  MyOwnRTOS.axf  "MyOwnRTOS.bin"
arm-none-eabi-size   MyOwnRTOS.axf 
   text	   data	    bss	    dec	    hex	filename
   1252	      8	   1624	   2884	    b44	MyOwnRTOS.axf
Finished building: default.size.stdout
 
Finished building: MyOwnRTOS.bin
Finished building: MyOwnRTOS.list
 
 
14:18:19 **** Incremental Build of configuration Debug for project MyOwnRTOS ****
make -j4 all 
arm-none-eabi-gcc -gdwarf-2 "../MyRTOS/rtos_fifo.c" -mcpu=cortex-m3 -std=gnu11 -g3 -DSTM32 -DSTM32F1 -DSTM32F103C8Tx -DDEBUG -c -I../Inc -I"C:/Users/abdullah/Desktop/MyOwnRTOS/MyOwnRTOS/MyRTOS/inc" -I"C:/Users/abdullah/Desktop/MyOwnRTOS/MyOwnRTOS/Drivers/inc" -I"C:/Users/abdullah/Desktop/MyOwnRTOS/MyOwnRTOS/CMSIS" -O0 -ffunction-sections -fdata-sections -Wall -fstack-usage -MMD -MP -MF"MyRTOS/rtos_fifo.d" -MT"MyRTOS/rtos_fifo.o" --specs=nano.specs -mfloat-abi=soft -mthumb -o "MyRTOS/rtos_fifo.o"
arm-none-eabi-gcc -gdwarf-2 -o "MyOwnRTOS.axf" @"objects.list"   -mcpu=cortex-m3 -T"C:\Users\abdullah\Desktop\MyOwnRTOS\MyOwnRTOS\STM32F103C8TX_FLASH.ld" --specs=nosys.specs -Wl,-Map="MyOwnRTOS.map" -Wl,--gc-sections -static --specs=nano.specs -mfloat-abi=soft -mthumb -Wl,--start-group -lc -lm -Wl,--end-group
Finished building target: MyOwnRTOS.axf
 
arm-none-eabi-objdump -h -S  MyOwnRTOS.axf  > "MyOwnRTOS.list"
arm-none-eabi-objcopy  -O binary  MyOwnRTOS.axf  "MyOwnRTOS.bin"
arm-none-eabi-size   MyOwnRTOS.axf 
   text	   data	    bss	    dec	    hex	filename
   1252	      8	   1624	   2884	    b44	MyOwnRTOS.axf
Finished building: default.size.stdout
 
Finished building: MyOwnRTOS.list
Finished building: MyOwnRTOS.bin
 
 
[...]
In file included from C:/Users/abdullah/Desktop/MyOwnRTOS/MyOwnRTOS/Drivers/inc/stm32f103c8_rcc_driver.h:20:0,
                 from ../MyRTOS/cortex_mx_os_porting.c:18:
C:/Users/abdullah/Desktop/MyOwnRTOS/MyOwnRTOS/Drivers/inc/stm32f103c8.h:38:0: warning: "NVIC_BASE" redefined
 #define NVIC_BASE         0xE000E100UL
 
In file included from C:/Users/abdullah/Desktop/MyOwnRTOS/MyOwnRTOS/CMSIS/ARMCM3.h:98:0,
                 from C:/Users/abdullah/Desktop/MyOwnRTOS/MyOwnRTOS/CMSIS/core_cm3.h:24,
                 from C:/Users/abdullah/Desktop/MyOwnRTOS/MyOwnRTOS/MyRTOS/inc/cortex_mx_os_porting.h:18,
                 from ../MyRTOS/cortex_mx_os_porting.c:17:
C:/Users/abdullah/Desktop/MyOwnRTOS/MyOwnRTOS/CMSIS/core_cm3.h:1387:0: note: this is the location of the previous definition
 #define NVIC_BASE           (SCS_BASE +  0x0100UL)                    /*!< NVIC Base Address */
 
arm-none-eabi-gcc -gdwarf-2 -o "MyOwnRTOS.axf" @"objects.list"   -mcpu=cortex-m3 -T"C:\Users\abdullah\Desktop\MyOwnRTOS\MyOwnRTOS\STM32F103C8TX_FLASH.ld" --specs=nosys.specs -Wl,-Map="MyOwnRTOS.map" -Wl,--gc-sections -static --specs=nano.specs -mfloat-abi=soft -mthumb -Wl,--start-group -lc -lm -Wl,--end-group
MyRTOS/cortex_mx_os_porting.o: In function `SysTick_Handler':
C:/Users/abdullah/Desktop/MyOwnRTOS/MyOwnRTOS/Debug/../MyRTOS/cortex_mx_os_porting.c:30: undefined reference to `SysTick_ISR'
collect2.exe: error: ld returned 1 exit status
make: *** [makefile:56: MyOwnRTOS.axf] Error 1
"make -j4 all" terminated with exit code 2. Build might be incomplete.
18:26:48 **** Incremental Build of configuration Debug for project MyOwnRTOS ****
make -j4 all 
arm-none-eabi-gcc -gdwarf-2 "../MyRTOS/cortex_mx_os_porting.c" -mcpu=cortex-m3 -std=gnu11 -g3 -DSTM32 -DSTM32F1 -DSTM32F103C8Tx -DDEBUG -c -I../Inc -I"C:/Users/abdullah/Desktop/MyOwnRTOS/MyOwnRTOS/MyRTOS/inc" -I"C:/Users/abdullah/Desktop/MyOwnRTOS/MyOwnRTOS/Drivers/inc" -I"C:/Users/abdullah/Desktop/MyOwnRTOS/MyOwnRTOS/CMSIS" -O0 -ffunction-sections -fdata-sections -Wall -fstack-usage -MMD -MP -MF"MyRTOS/cortex_mx_os_porting.d" -MT"MyRTOS/cortex_mx_os_porting.o" --specs=nano.specs -mfloat-abi=soft -mthumb -o "MyRTOS/cortex_mx_os_porting.o"
arm-none-eabi-gcc -gdwarf-2 "../MyRTOS/scheduler.c" -mcpu=cortex-m3 -std=gnu11 -g3 -DSTM32 -DSTM32F1 -DSTM32F103C8Tx -DDEBUG -c -I../Inc -I"C:/Users/abdullah/Desktop/MyOwnRTOS/MyOwnRTOS/MyRTOS/inc" -I"C:/Users/abdullah/Desktop/MyOwnRTOS/MyOwnRTOS/Drivers/inc" -I"C:/Users/abdullah/Desktop/MyOwnRTOS/MyOwnRTOS/CMSIS" -O0 -ffunction-sections -fdata-sections -Wall -fstack-usage -MMD -MP -MF"MyRTOS/scheduler.d" -MT"MyRTOS/scheduler.o" --specs=nano.specs -mfloat-abi=soft -mthumb -o "MyRTOS/scheduler.o"
In file included from C:/Users/abdullah/Desktop/MyOwnRTOS/MyOwnRTOS/Drivers/inc/stm32f103c8_rcc_driver.h:20:0,
                 from ../MyRTOS/cortex_mx_os_porting.c:18:
C:/Users/abdullah/Desktop/MyOwnRTOS/MyOwnRTOS/Drivers/inc/stm32f103c8.h:38:0: warning: "NVIC_BASE" redefined
 #define NVIC_BASE         0xE000E100UL
 
In file included from C:/Users/abdullah/Desktop/MyOwnRTOS/MyOwnRTOS/CMSIS/ARMCM3.h:98:0,
                 from C:/Users/abdullah/Desktop/MyOwnRTOS/MyOwnRTOS/CMSIS/core_cm3.h:24,
                 from C:/Users/abdullah/Desktop/MyOwnRTOS/MyOwnRTOS/MyRTOS/inc/cortex_mx_os_porting.h:18,
                 from ../MyRTOS/cortex_mx_os_porting.c:17:
C:/Users/abdullah/Desktop/MyOwnRTOS/MyOwnRTOS/CMSIS/core_cm3.h:1387:0: note: this is the location of the previous definition
 #define NVIC_BASE           (SCS_BASE +  0x0100UL)                    /*!< NVIC Base Address */
 
../MyRTOS/scheduler.c: In function 'MYRTOS_Init':
../MyRTOS/scheduler.c:429:9: warning: pointer targets in passing argument 1 of 'strcpy' differ in signedness [-Wpointer-sign]
  strcpy(idle_task.Task_Name,"IDLE_TASK");
         ^~~~~~~~~
In file included from ../MyRTOS/scheduler.c:16:0:
c:\st\stm32cubeide_1.4.0\stm32cubeide\plugins\com.st.stm32cube.ide.mcu.externaltools.gnu-tools-for-stm32.7-2018-q2-update.win32_1.4.0.202007081208\tools\arm-none-eabi\include\string.h:38:8: note: expected 'char * restrict' but argument is of type 'uint8_t * {aka unsigned char *}'
 char  *strcpy (char *__restrict, const char *__restrict);
        ^~~~~~
arm-none-eabi-gcc -gdwarf-2 -o "MyOwnRTOS.axf" @"objects.list"   -mcpu=cortex-m3 -T"C:\Users\abdullah\Desktop\MyOwnRTOS\MyOwnRTOS\STM32F103C8TX_FLASH.ld" --specs=nosys.specs -Wl,-Map="MyOwnRTOS.map" -Wl,--gc-sections -static --specs=nano.specs -mfloat-abi=soft -mthumb -Wl,--start-group -lc -lm -Wl,--end-group
Finished building target: MyOwnRTOS.axf
 
arm-none-eabi-objdump -h -S  MyOwnRTOS.axf  > "MyOwnRTOS.list"
arm-none-eabi-objcopy  -O binary  MyOwnRTOS.axf  "MyOwnRTOS.bin"
arm-none-eabi-size   MyOwnRTOS.axf 
   text	   data	    bss	    dec	    hex	filename
   3656	      8	   2752	   6416	   1910	MyOwnRTOS.axf
Finished building: default.size.stdout
 
Finished building: MyOwnRTOS.bin
Finished building: MyOwnRTOS.list
 
 
18:26:57 **** Incremental Build of configuration Debug for project MyOwnRTOS ****
make -j4 all 
arm-none-eabi-size   MyOwnRTOS.axf 
   text	   data	    bss	    dec	    hex	filename
   3656	      8	   2752	   6416	   1910	MyOwnRTOS.axf
Finished building: default.size.stdout
 
18:30:15 **** Incremental Build of configuration Debug for project MyOwnRTOS ****
make -j4 all 
arm-none-eabi-gcc -gdwarf-2 "../Src/main.c" -mcpu=cortex-m3 -std=gnu11 -g3 -DSTM32 -DSTM32F1 -DSTM32F103C8Tx -DDEBUG -c -I../Inc -I"C:/Users/abdullah/Desktop/MyOwnRTOS/MyOwnRTOS/MyRTOS/inc" -I"C:/Users/abdullah/Desktop/MyOwnRTOS/MyOwnRTOS/Drivers/inc" -I"C:/Users/abdullah/Desktop/MyOwnRTOS/MyOwnRTOS/CMSIS" -O0 -ffunction-sections -fdata-sections -Wall -fstack-usage -MMD -MP -MF"Src/main.d" -MT"Src/main.o" --specs=nano.specs -mfloat-abi=soft -mthumb -o "Src/main.o"
In file included from ../Src/main.c:28:0:
C:/Users/abdullah/Desktop/MyOwnRTOS/MyOwnRTOS/Drivers/inc/stm32f103c8.h:38:0: warning: "NVIC_BASE" redefined
 #define NVIC_BASE         0xE000E100UL
 
In file included from C:/Users/abdullah/Desktop/MyOwnRTOS/MyOwnRTOS/CMSIS/ARMCM3.h:98:0,
                 from C:/Users/abdullah/Desktop/MyOwnRTOS/MyOwnRTOS/CMSIS/core_cm3.h:24,
                 from ../Src/main.c:26:
C:/Users/abdullah/Desktop/MyOwnRTOS/MyOwnRTOS/CMSIS/core_cm3.h:1387:0: note: this is the location of the previous definition
 #define NVIC_BASE           (SCS_BASE +  0x0100UL)                    /*!< NVIC Base Address */
 
../Src/main.c: In function 'System_Init':
../Src/main.c:93:9: warning: pointer targets in passing argument 1 of 'strcpy' differ in signedness [-Wpointer-sign]
  strcpy(task1.Task_Name,"TASK_1");
         ^~~~~
In file included from ../Src/main.c:24:0:
c:\st\stm32cubeide_1.4.0\stm32cubeide\plugins\com.st.stm32cube.ide.mcu.externaltools.gnu-tools-for-stm32.7-2018-q2-update.win32_1.4.0.202007081208\tools\arm-none-eabi\include\string.h:38:8: note: expected 'char * restrict' but argument is of type 'uint8_t * {aka unsigned char *}'
 char  *strcpy (char *__restrict, const char *__restrict);
        ^~~~~~
../Src/main.c:99:9: warning: pointer targets in passing argument 1 of 'strcpy' differ in signedness [-Wpointer-sign]
  strcpy(task2.Task_Name,"TASK_2");
         ^~~~~
In file included from ../Src/main.c:24:0:
c:\st\stm32cubeide_1.4.0\stm32cubeide\plugins\com.st.stm32cube.ide.mcu.externaltools.gnu-tools-for-stm32.7-2018-q2-update.win32_1.4.0.202007081208\tools\arm-none-eabi\include\string.h:38:8: note: expected 'char * restrict' but argument is of type 'uint8_t * {aka unsigned char *}'
 char  *strcpy (char *__restrict, const char *__restrict);
        ^~~~~~
../Src/main.c:105:9: warning: pointer targets in passing argument 1 of 'strcpy' differ in signedness [-Wpointer-sign]
  strcpy(task3.Task_Name,"TASK_3");
         ^~~~~
In file included from ../Src/main.c:24:0:
c:\st\stm32cubeide_1.4.0\stm32cubeide\plugins\com.st.stm32cube.ide.mcu.externaltools.gnu-tools-for-stm32.7-2018-q2-update.win32_1.4.0.202007081208\tools\arm-none-eabi\include\string.h:38:8: note: expected 'char * restrict' but argument is of type 'uint8_t * {aka unsigned char *}'
 char  *strcpy (char *__restrict, const char *__restrict);
        ^~~~~~
arm-none-eabi-gcc -gdwarf-2 -o "MyOwnRTOS.axf" @"objects.list"   -mcpu=cortex-m3 -T"C:\Users\abdullah\Desktop\MyOwnRTOS\MyOwnRTOS\STM32F103C8TX_FLASH.ld" --specs=nosys.specs -Wl,-Map="MyOwnRTOS.map" -Wl,--gc-sections -static --specs=nano.specs -mfloat-abi=soft -mthumb -Wl,--start-group -lc -lm -Wl,--end-group
Finished building target: MyOwnRTOS.axf
 
arm-none-eabi-objdump -h -S  MyOwnRTOS.axf  > "MyOwnRTOS.list"
arm-none-eabi-objcopy  -O binary  MyOwnRTOS.axf  "MyOwnRTOS.bin"
arm-none-eabi-size   MyOwnRTOS.axf 
   text	   data	    bss	    dec	    hex	filename
   3904	      8	   2752	   6664	   1a08	MyOwnRTOS.axf
Finished building: default.size.stdout
 
Finished building: MyOwnRTOS.bin
Finished building: MyOwnRTOS.list
 
 
18:31:12 **** Incremental Build of configuration Debug for project MyOwnRTOS ****
make -j4 all 
arm-none-eabi-gcc -gdwarf-2 "../Src/main.c" -mcpu=cortex-m3 -std=gnu11 -g3 -DSTM32 -DSTM32F1 -DSTM32F103C8Tx -DDEBUG -c -I../Inc -I"C:/Users/abdullah/Desktop/MyOwnRTOS/MyOwnRTOS/MyRTOS/inc" -I"C:/Users/abdullah/Desktop/MyOwnRTOS/MyOwnRTOS/Drivers/inc" -I"C:/Users/abdullah/Desktop/MyOwnRTOS/MyOwnRTOS/CMSIS" -O0 -ffunction-sections -fdata-sections -Wall -fstack-usage -MMD -MP -MF"Src/main.d" -MT"Src/main.o" --specs=nano.specs -mfloat-abi=soft -mthumb -o "Src/main.o"
In file included from ../Src/main.c:28:0:
C:/Users/abdullah/Desktop/MyOwnRTOS/MyOwnRTOS/Drivers/inc/stm32f103c8.h:38:0: warning: "NVIC_BASE" redefined
 #define NVIC_BASE         0xE000E100UL
 
In file included from C:/Users/abdullah/Desktop/MyOwnRTOS/MyOwnRTOS/CMSIS/ARMCM3.h:98:0,
                 from C:/Users/abdullah/Desktop/MyOwnRTOS/MyOwnRTOS/CMSIS/core_cm3.h:24,
                 from ../Src/main.c:26:
C:/Users/abdullah/Desktop/MyOwnRTOS/MyOwnRTOS/CMSIS/core_cm3.h:1387:0: note: this is the location of the previous definition
 #define NVIC_BASE           (SCS_BASE +  0x0100UL)                    /*!< NVIC Base Address */
 
../Src/main.c: In function 'System_Init':
../Src/main.c:93:9: warning: pointer targets in passing argument 1 of 'strcpy' differ in signedness [-Wpointer-sign]
  strcpy(task1.Task_Name,"TASK_1");
         ^~~~~
In file included from ../Src/main.c:24:0:
c:\st\stm32cubeide_1.4.0\stm32cubeide\plugins\com.st.stm32cube.ide.mcu.externaltools.gnu-tools-for-stm32.7-2018-q2-update.win32_1.4.0.202007081208\tools\arm-none-eabi\include\string.h:38:8: note: expected 'char * restrict' but argument is of type 'uint8_t * {aka unsigned char *}'
 char  *strcpy (char *__restrict, const char *__restrict);
        ^~~~~~
../Src/main.c:99:9: warning: pointer targets in passing argument 1 of 'strcpy' differ in signedness [-Wpointer-sign]
  strcpy(task2.Task_Name,"TASK_2");
         ^~~~~
In file included from ../Src/main.c:24:0:
c:\st\stm32cubeide_1.4.0\stm32cubeide\plugins\com.st.stm32cube.ide.mcu.externaltools.gnu-tools-for-stm32.7-2018-q2-update.win32_1.4.0.202007081208\tools\arm-none-eabi\include\string.h:38:8: note: expected 'char * restrict' but argument is of type 'uint8_t * {aka unsigned char *}'
 char  *strcpy (char *__restrict, const char *__restrict);
        ^~~~~~
../Src/main.c:105:9: warning: pointer targets in passing argument 1 of 'strcpy' differ in signedness [-Wpointer-sign]
  strcpy(task3.Task_Name,"TASK_3");
         ^~~~~
In file included from ../Src/main.c:24:0:
c:\st\stm32cubeide_1.4.0\stm32cubeide\plugins\com.st.stm32cube.ide.mcu.externaltools.gnu-tools-for-stm32.7-2018-q2-update.win32_1.4.0.202007081208\tools\arm-none-eabi\include\string.h:38:8: note: expected 'char * restrict' but argument is of type 'uint8_t * {aka unsigned char *}'
 char  *strcpy (char *__restrict, const char *__restrict);
        ^~~~~~
arm-none-eabi-gcc -gdwarf-2 -o "MyOwnRTOS.axf" @"objects.list"   -mcpu=cortex-m3 -T"C:\Users\abdullah\Desktop\MyOwnRTOS\MyOwnRTOS\STM32F103C8TX_FLASH.ld" --specs=nosys.specs -Wl,-Map="MyOwnRTOS.map" -Wl,--gc-sections -static --specs=nano.specs -mfloat-abi=soft -mthumb -Wl,--start-group -lc -lm -Wl,--end-group
Finished building target: MyOwnRTOS.axf
 
arm-none-eabi-objdump -h -S  MyOwnRTOS.axf  > "MyOwnRTOS.list"
arm-none-eabi-objcopy  -O binary  MyOwnRTOS.axf  "MyOwnRTOS.bin"
arm-none-eabi-size   MyOwnRTOS.axf 
   text	   data	    bss	    dec	    hex	filename
   3924	      8	   2752	   6684	   1a1c	MyOwnRTOS.axf
Finished building: default.size.stdout
 
Finished building: MyOwnRTOS.bin
Finished building: MyOwnRTOS.list
 
 
18:38:12 **** Incremental Build of configuration Debug for project MyOwnRTOS ****
make -j4 all 
arm-none-eabi-gcc -gdwarf-2 "../Src/main.c" -mcpu=cortex-m3 -std=gnu11 -g3 -DSTM32 -DSTM32F1 -DSTM32F103C8Tx -DDEBUG -c -I../Inc -I"C:/Users/abdullah/Desktop/MyOwnRTOS/MyOwnRTOS/MyRTOS/inc" -I"C:/Users/abdullah/Desktop/MyOwnRTOS/MyOwnRTOS/Drivers/inc" -I"C:/Users/abdullah/Desktop/MyOwnRTOS/MyOwnRTOS/CMSIS" -O0 -ffunction-sections -fdata-sections -Wall -fstack-usage -MMD -MP -MF"Src/main.d" -MT"Src/main.o" --specs=nano.specs -mfloat-abi=soft -mthumb -o "Src/main.o"
In file included from ../Src/main.c:28:0:
C:/Users/abdullah/Desktop/MyOwnRTOS/MyOwnRTOS/Drivers/inc/stm32f103c8.h:38:0: warning: "NVIC_BASE" redefined
 #define NVIC_BASE         0xE000E100UL
 
In file included from C:/Users/abdullah/Desktop/MyOwnRTOS/MyOwnRTOS/CMSIS/ARMCM3.h:98:0,
                 from C:/Users/abdullah/Desktop/MyOwnRTOS/MyOwnRTOS/CMSIS/core_cm3.h:24,
                 from ../Src/main.c:26:
C:/Users/abdullah/Desktop/MyOwnRTOS/MyOwnRTOS/CMSIS/core_cm3.h:1387:0: note: this is the location of the previous definition
 #define NVIC_BASE           (SCS_BASE +  0x0100UL)                    /*!< NVIC Base Address */
 
../Src/main.c: In function 'System_Init':
../Src/main.c:93:9: warning: pointer targets in passing argument 1 of 'strcpy' differ in signedness [-Wpointer-sign]
  strcpy(task1.Task_Name,"TASK_1");
         ^~~~~
In file included from ../Src/main.c:24:0:
c:\st\stm32cubeide_1.4.0\stm32cubeide\plugins\com.st.stm32cube.ide.mcu.externaltools.gnu-tools-for-stm32.7-2018-q2-update.win32_1.4.0.202007081208\tools\arm-none-eabi\include\string.h:38:8: note: expected 'char * restrict' but argument is of type 'uint8_t * {aka unsigned char *}'
 char  *strcpy (char *__restrict, const char *__restrict);
        ^~~~~~
../Src/main.c:99:9: warning: pointer targets in passing argument 1 of 'strcpy' differ in signedness [-Wpointer-sign]
  strcpy(task2.Task_Name,"TASK_2");
         ^~~~~
In file included from ../Src/main.c:24:0:
c:\st\stm32cubeide_1.4.0\stm32cubeide\plugins\com.st.stm32cube.ide.mcu.externaltools.gnu-tools-for-stm32.7-2018-q2-update.win32_1.4.0.202007081208\tools\arm-none-eabi\include\string.h:38:8: note: expected 'char * restrict' but argument is of type 'uint8_t * {aka unsigned char *}'
 char  *strcpy (char *__restrict, const char *__restrict);
        ^~~~~~
../Src/main.c:105:9: warning: pointer targets in passing argument 1 of 'strcpy' differ in signedness [-Wpointer-sign]
  strcpy(task3.Task_Name,"TASK_3");
         ^~~~~
In file included from ../Src/main.c:24:0:
c:\st\stm32cubeide_1.4.0\stm32cubeide\plugins\com.st.stm32cube.ide.mcu.externaltools.gnu-tools-for-stm32.7-2018-q2-update.win32_1.4.0.202007081208\tools\arm-none-eabi\include\string.h:38:8: note: expected 'char * restrict' but argument is of type 'uint8_t * {aka unsigned char *}'
 char  *strcpy (char *__restrict, const char *__restrict);
        ^~~~~~
arm-none-eabi-gcc -gdwarf-2 -o "MyOwnRTOS.axf" @"objects.list"   -mcpu=cortex-m3 -T"C:\Users\abdullah\Desktop\MyOwnRTOS\MyOwnRTOS\STM32F103C8TX_FLASH.ld" --specs=nosys.specs -Wl,-Map="MyOwnRTOS.map" -Wl,--gc-sections -static --specs=nano.specs -mfloat-abi=soft -mthumb -Wl,--start-group -lc -lm -Wl,--end-group
Finished building target: MyOwnRTOS.axf
 
arm-none-eabi-objdump -h -S  MyOwnRTOS.axf  > "MyOwnRTOS.list"
arm-none-eabi-objcopy  -O binary  MyOwnRTOS.axf  "MyOwnRTOS.bin"
arm-none-eabi-size   MyOwnRTOS.axf 
   text	   data	    bss	    dec	    hex	filename
   3924	      8	   2752	   6684	   1a1c	MyOwnRTOS.axf
Finished building: default.size.stdout
 
Finished building: MyOwnRTOS.bin
 
Finished building: MyOwnRTOS.list
 
18:41:11 **** Incremental Build of configuration Debug for project MyOwnRTOS ****
make -j4 all 
arm-none-eabi-gcc -gdwarf-2 "../Src/main.c" -mcpu=cortex-m3 -std=gnu11 -g3 -DSTM32 -DSTM32F1 -DSTM32F103C8Tx -DDEBUG -c -I../Inc -I"C:/Users/abdullah/Desktop/MyOwnRTOS/MyOwnRTOS/MyRTOS/inc" -I"C:/Users/abdullah/Desktop/MyOwnRTOS/MyOwnRTOS/Drivers/inc" -I"C:/Users/abdullah/Desktop/MyOwnRTOS/MyOwnRTOS/CMSIS" -O0 -ffunction-sections -fdata-sections -Wall -fstack-usage -MMD -MP -MF"Src/main.d" -MT"Src/main.o" --specs=nano.specs -mfloat-abi=soft -mthumb -o "Src/main.o"
In file included from ../Src/main.c:28:0:
C:/Users/abdullah/Desktop/MyOwnRTOS/MyOwnRTOS/Drivers/inc/stm32f103c8.h:38:0: warning: "NVIC_BASE" redefined
 #define NVIC_BASE         0xE000E100UL
 
In file included from C:/Users/abdullah/Desktop/MyOwnRTOS/MyOwnRTOS/CMSIS/ARMCM3.h:98:0,
                 from C:/Users/abdullah/Desktop/MyOwnRTOS/MyOwnRTOS/CMSIS/core_cm3.h:24,
                 from ../Src/main.c:26:
C:/Users/abdullah/Desktop/MyOwnRTOS/MyOwnRTOS/CMSIS/core_cm3.h:1387:0: note: this is the location of the previous definition
 #define NVIC_BASE           (SCS_BASE +  0x0100UL)                    /*!< NVIC Base Address */
 
../Src/main.c: In function 'System_Init':
../Src/main.c:93:9: warning: pointer targets in passing argument 1 of 'strcpy' differ in signedness [-Wpointer-sign]
  strcpy(task1.Task_Name,"TASK_1");
         ^~~~~
In file included from ../Src/main.c:24:0:
c:\st\stm32cubeide_1.4.0\stm32cubeide\plugins\com.st.stm32cube.ide.mcu.externaltools.gnu-tools-for-stm32.7-2018-q2-update.win32_1.4.0.202007081208\tools\arm-none-eabi\include\string.h:38:8: note: expected 'char * restrict' but argument is of type 'uint8_t * {aka unsigned char *}'
 char  *strcpy (char *__restrict, const char *__restrict);
        ^~~~~~
../Src/main.c:99:9: warning: pointer targets in passing argument 1 of 'strcpy' differ in signedness [-Wpointer-sign]
  strcpy(task2.Task_Name,"TASK_2");
         ^~~~~
In file included from ../Src/main.c:24:0:
c:\st\stm32cubeide_1.4.0\stm32cubeide\plugins\com.st.stm32cube.ide.mcu.externaltools.gnu-tools-for-stm32.7-2018-q2-update.win32_1.4.0.202007081208\tools\arm-none-eabi\include\string.h:38:8: note: expected 'char * restrict' but argument is of type 'uint8_t * {aka unsigned char *}'
 char  *strcpy (char *__restrict, const char *__restrict);
        ^~~~~~
../Src/main.c:105:9: warning: pointer targets in passing argument 1 of 'strcpy' differ in signedness [-Wpointer-sign]
  strcpy(task3.Task_Name,"TASK_3");
         ^~~~~
In file included from ../Src/main.c:24:0:
c:\st\stm32cubeide_1.4.0\stm32cubeide\plugins\com.st.stm32cube.ide.mcu.externaltools.gnu-tools-for-stm32.7-2018-q2-update.win32_1.4.0.202007081208\tools\arm-none-eabi\include\string.h:38:8: note: expected 'char * restrict' but argument is of type 'uint8_t * {aka unsigned char *}'
 char  *strcpy (char *__restrict, const char *__restrict);
        ^~~~~~
arm-none-eabi-gcc -gdwarf-2 -o "MyOwnRTOS.axf" @"objects.list"   -mcpu=cortex-m3 -T"C:\Users\abdullah\Desktop\MyOwnRTOS\MyOwnRTOS\STM32F103C8TX_FLASH.ld" --specs=nosys.specs -Wl,-Map="MyOwnRTOS.map" -Wl,--gc-sections -static --specs=nano.specs -mfloat-abi=soft -mthumb -Wl,--start-group -lc -lm -Wl,--end-group
Finished building target: MyOwnRTOS.axf
 
arm-none-eabi-objdump -h -S  MyOwnRTOS.axf  > "MyOwnRTOS.list"
arm-none-eabi-objcopy  -O binary  MyOwnRTOS.axf  "MyOwnRTOS.bin"
arm-none-eabi-size   MyOwnRTOS.axf 
   text	   data	    bss	    dec	    hex	filename
   3924	      8	   2752	   6684	   1a1c	MyOwnRTOS.axf
Finished building: default.size.stdout
 
Finished building: MyOwnRTOS.list
Finished building: MyOwnRTOS.bin
 
 
